[johnmquincy.org/index.html]
[backblue.gif]
[fade.gif]
[index.html]
[johnmquincy.org/index.html]
[johnmquincy.org/wp-content/uploads/2016/12/header-logo.png]
[johnmquincy.org/feed/index.html]
[johnmquincy.org/feed/index.html]
[johnmquincy.org/comments/feed/index.html]
[johnmquincy.org/wp-content/plugins/contact-form-7/includes/css/styles167b.css]
[johnmquincy.org/wp-content/plugins/post-carousel/assets/css/owl.carousel.css]
[johnmquincy.org/wp-content/plugins/post-carousel/assets/css/style6996.css]
[johnmquincy.org/wp-content/themes/Avada/assets/css/style.min066b.css]
[johnmquincy.org/wp-content/themes/Avada/assets/fonts/fontawesome/font-awesome066b.css]
[johnmquincy.org/wp-content/themes/Avada/ilightbox066b.css]
[johnmquincy.org/wp-content/themes/Avada/animations066b.css]
[johnmquincy.org/wp-content/plugins/eventON/assets/css/eventon_styles367a.css]
[johnmquincy.org/wp-content/plugins/eventON/assets/fonts/font-awesome367a.css]
[johnmquincy.org/wp-content/plugins/eventON/assets/css/eventon_dynamic_styles6996.css]
[johnmquincy.org/wp-content/plugins/fusion-builder/css/fusion-shortcodes.min0ba6.css]
[johnmquincy.org/wp-includes/wlwmanifest.xml]
[johnmquincy.org/wp-content/uploads/avada-styles/avada-6ba2c.css]
[johnmquincy.org/xmlrpc0db0.php]
[johnmquincy.org/wp-includes/js/jquery/jqueryb8ff.js]
[johnmquincy.org/wp-content/uploads/2016/12/header-logo-66x66.png]
[johnmquincy.org/wp-includes/js/jquery/jquery-migrate.min330a.js]
[johnmquincy.org/wp-content/uploads/2015/01/1233022_1409060219308630_1223563892_o.jpg]
[johnmquincy.org/wp-json/index.html]
[johnmquincy.org/wp-json/oembed/1.0/embedefa4.json]
[johnmquincy.org/wp-json/oembed/1.0/embedec1c]
[johnmquincy.org/wp-content/uploads/2015/01/2013-quincy-family-1a.jpg]
[johnmquincy.org/wp-content/uploads/2015/02/ribbon-cutting-2.jpg]
[johnmquincy.org/wp-content/uploads/2016/12/Lake_Nokomis_Panorama-1-1024x269.jpg]
[johnmquincy.org/author/jquincy/index.html]
[johnmquincy.org/author/jquincy/index.html]
[johnmquincy.org/events/re-election-launch-party/index.html]
[johnmquincy.org/events/re-election-launch-party/index.html]
[johnmquincy.org/events/coffee-with-quincy-nokomis-beach-coffee/index.html]
[johnmquincy.org/wp-admin/re-election-launch-party0700.ics]
[johnmquincy.org/wp-admin/coffee-with-quincy-nokomis-beach-coffee9c3f.ics]
[johnmquincy.org/events/coffee-with-quincy-sovereign-grounds/index.html]
[johnmquincy.org/events/coffee-with-quincy-nokomis-beach-coffee/index.html]
[johnmquincy.org/wp-admin/coffee-with-quincy-sovereign-grounds790e.ics]
[johnmquincy.org/events/coffee-with-quincy-sovereign-grounds/index.html]
[johnmquincy.org/events/coffee-with-quincy-sun-street-breads/index.html]
[johnmquincy.org/wp-admin/coffee-with-quincy-sun-street-breads38f7.ics]
[johnmquincy.org/events/coffee-with-quincy-hot-plate/index.html]
[johnmquincy.org/events/coffee-with-quincy-sun-street-breads/index.html]
[johnmquincy.org/wp-admin/coffee-with-quincy-hot-plate13af.ics]
[johnmquincy.org/events/coffee-with-quincy-berry-sweet-kitchen/index.html]
[johnmquincy.org/events/coffee-with-quincy-hot-plate/index.html]
[johnmquincy.org/wp-admin/coffee-with-quincy-berry-sweet-kitchen3578.ics]
[johnmquincy.org/events/coffee-with-quincy-sister-sludge/index.html]
[johnmquincy.org/events/coffee-with-quincy-berry-sweet-kitchen/index.html]
[johnmquincy.org/wp-admin/coffee-with-quincy-sister-sludge9c81.ics]
[johnmquincy.org/events/coffee-with-quincy-caribou-coffee/index.html]
[johnmquincy.org/events/coffee-with-quincy-sister-sludge/index.html]
[johnmquincy.org/wp-admin/coffee-with-quincy-caribou-coffee54b9.ics]
[johnmquincy.org/events/coffee-with-quincy-hot-plate-2/index.html]
[johnmquincy.org/events/coffee-with-quincy-caribou-coffee/index.html]
[johnmquincy.org/wp-admin/coffee-with-quincy-hot-plate-211f2.ics]
[johnmquincy.org/events/coffee-with-quincy-hot-plate-2/index.html]
[johnmquincy.org/events/coffee-with-quincy-starbucks/index.html]
[johnmquincy.org/events/coffee-with-quincy-starbucks/index.html]
[johnmquincy.org/wp-admin/coffee-with-quincy-starbucks5b2f.ics]
[johnmquincy.org/wp-content/plugins/contact-form-7/includes/js/jquery.form.mind03d.js]
[johnmquincy.org/wp-content/plugins/contact-form-7/includes/js/scripts167b.js]
[johnmquincy.org/wp-content/plugins/post-carousel/assets/js/owl.carousel.min.js]
[johnmquincy.org/wp-includes/js/comment-reply.min6996.js]
[johnmquincy.org/wp-content/themes/Avada/assets/js/main.min066b.js]
[johnmquincy.org/wp-includes/js/wp-embed.min6996.js]
[johnmquincy.org/wp-content/plugins/eventON/assets/js/eventon_functions367a.js]
[johnmquincy.org/wp-content/plugins/contact-form-7/images/ajax-loader.gif]
[johnmquincy.org/wp-content/plugins/eventON/assets/js/jquery.mobile.min367a.js]
[johnmquincy.org/wp-content/plugins/eventON/assets/js/jquery.mousewheel.min367a.js]
[johnmquincy.org/wp-content/plugins/eventON/assets/js/eventon_script367a.js]
[johnmquincy.org/wp-content/themes/Avada/assets/images/shadow-top.png]
[johnmquincy.org/wp-content/plugins/eventON/assets/js/maps/eventon_gen_maps367a.js]
[johnmquincy.org/wp-content/themes/Avada/assets/images/shadow-bottom.png]
[johnmquincy.org/wp-content/plugins/eventON/assets/js/maps/eventon_init_gmap5152.js]
[johnmquincy.org/wp-content/themes/Avada/assets/fonts/icomoon/icomoon.eot]
[johnmquincy.org/wp-content/themes/Avada/assets/fonts/icomoon/icomoond41d.eot]
[johnmquincy.org/wp-content/themes/Avada/assets/fonts/icomoon/icomoon.ttf]
[johnmquincy.org/wp-content/themes/Avada/assets/fonts/icomoon/icomoon.woff]
[johnmquincy.org/wp-content/plugins/post-carousel/assets/css/grabbing.html]
[johnmquincy.org/wp-content/plugins/post-carousel/assets/css/grabbing.html]
[johnmquincy.org/wp-content/themes/Avada/assets/css/assets/images/ajax-loader.html]
[johnmquincy.org/wp-content/themes/Avada/assets/fonts/icomoon/icomoond41d.svg]
[johnmquincy.org/wp-content/themes/Avada/assets/css/assets/images/ajax-loader.html]
[johnmquincy.org/wp-content/themes/Avada/assets/fonts/fontawesome/fontawesome-webfontd41d.eot]
[johnmquincy.org/wp-content/themes/Avada/assets/fonts/fontawesome/fontawesome-webfont3e6e.eot]
[johnmquincy.org/wp-content/themes/Avada/assets/fonts/fontawesome/fontawesome-webfont3e6e.woff]
[johnmquincy.org/wp-content/themes/Avada/assets/fonts/fontawesome/fontawesome-webfont3e6e.woff2]
[johnmquincy.org/wp-content/themes/Avada/assets/fonts/fontawesome/fontawesome-webfont3e6e.svg]
[johnmquincy.org/wp-content/themes/Avada/assets/fonts/fontawesome/fontawesome-webfont3e6e.ttf]
[johnmquincy.org/wp-content/themes/Avada/assets/images/iLightbox/social_icons/facebook_16.png]
[johnmquincy.org/wp-content/themes/Avada/assets/images/iLightbox/closedhand.cur]
[johnmquincy.org/wp-content/themes/Avada/assets/images/iLightbox/social_icons/twitter_16.png]
[johnmquincy.org/wp-content/themes/Avada/assets/images/iLightbox/social_icons/digg_16.png]
[johnmquincy.org/wp-content/themes/Avada/assets/images/iLightbox/social_icons/reddit_16.png]
[johnmquincy.org/wp-content/themes/Avada/assets/images/iLightbox/social_icons/delicious_16.png]
[johnmquincy.org/wp-content/themes/Avada/assets/images/iLightbox/dark-skin/preloader.gif]
[johnmquincy.org/wp-content/themes/Avada/assets/images/iLightbox/social_icons/google_plus_16.png]
[johnmquincy.org/wp-content/themes/Avada/assets/images/iLightbox/dark-skin/alert.png]
[johnmquincy.org/wp-content/themes/Avada/assets/images/iLightbox/dark-skin/caption-bg.png]
[johnmquincy.org/wp-content/themes/Avada/assets/images/iLightbox/dark-skin/fullscreen-icon-64.png]
[johnmquincy.org/wp-content/themes/Avada/assets/images/iLightbox/dark-skin/buttons.png]
[johnmquincy.org/wp-content/themes/Avada/assets/images/iLightbox/dark-skin/x-mark-icon-64.png]
[johnmquincy.org/wp-content/themes/Avada/assets/images/iLightbox/dark-skin/fullscreen-icon-ie.png]
[johnmquincy.org/wp-content/themes/Avada/assets/images/iLightbox/dark-skin/arrow-next-icon-64.png]
[johnmquincy.org/wp-content/themes/Avada/assets/images/iLightbox/dark-skin/x-mark-icon-ie.png]
[johnmquincy.org/wp-content/themes/Avada/assets/images/iLightbox/dark-skin/arrow-prev-icon-64.png]
[johnmquincy.org/wp-content/themes/Avada/assets/images/iLightbox/dark-skin/arrow-next-icon-ie.png]
[johnmquincy.org/wp-content/themes/Avada/assets/images/iLightbox/dark-skin/play-icon-64.png]
[johnmquincy.org/wp-content/themes/Avada/assets/images/iLightbox/dark-skin/arrow-prev-icon-ie.png]
[johnmquincy.org/wp-content/themes/Avada/assets/images/iLightbox/dark-skin/pause-icon-64.png]
[johnmquincy.org/wp-content/themes/Avada/assets/images/iLightbox/dark-skin/play-icon-ie.png]
[johnmquincy.org/wp-content/themes/Avada/assets/images/iLightbox/dark-skin/thumb-overlay-play.png]
[johnmquincy.org/wp-content/themes/Avada/assets/images/iLightbox/dark-skin/pause-icon-ie.png]
[johnmquincy.org/wp-content/themes/Avada/assets/images/iLightbox/dark-skin/arrow-prev-vertical-icon-64.png]
[johnmquincy.org/wp-content/themes/Avada/assets/images/iLightbox/dark-skin/arrow-next-vertical-icon-64.png]
[johnmquincy.org/wp-content/themes/Avada/assets/images/iLightbox/light-skin/caption-bg.png]
[johnmquincy.org/wp-content/themes/Avada/assets/images/iLightbox/light-skin/preloader.gif]
[johnmquincy.org/wp-content/themes/Avada/assets/images/iLightbox/light-skin/buttons.png]
[johnmquincy.org/wp-content/themes/Avada/assets/images/iLightbox/light-skin/alert.png]
[johnmquincy.org/wp-content/themes/Avada/assets/images/iLightbox/light-skin/fullscreen-icon-ie.png]
[johnmquincy.org/wp-content/themes/Avada/assets/images/iLightbox/light-skin/fullscreen-icon-64.png]
[johnmquincy.org/wp-content/themes/Avada/assets/images/iLightbox/light-skin/x-mark-icon-ie.png]
[johnmquincy.org/wp-content/themes/Avada/assets/images/iLightbox/light-skin/x-mark-icon-64.png]
[johnmquincy.org/wp-content/themes/Avada/assets/images/iLightbox/light-skin/arrow-next-icon-ie.png]
[johnmquincy.org/wp-content/themes/Avada/assets/images/iLightbox/light-skin/arrow-next-icon-64.png]
[johnmquincy.org/wp-content/themes/Avada/assets/images/iLightbox/light-skin/arrow-prev-icon-ie.png]
[johnmquincy.org/wp-content/themes/Avada/assets/images/iLightbox/light-skin/arrow-prev-icon-64.png]
[johnmquincy.org/wp-content/themes/Avada/assets/images/iLightbox/light-skin/play-icon-ie.png]
[johnmquincy.org/wp-content/themes/Avada/assets/images/iLightbox/light-skin/play-icon-64.png]
[johnmquincy.org/wp-content/themes/Avada/assets/images/iLightbox/light-skin/pause-icon-ie.png]
[johnmquincy.org/wp-content/themes/Avada/assets/images/iLightbox/light-skin/pause-icon-64.png]
[johnmquincy.org/wp-content/themes/Avada/assets/images/iLightbox/light-skin/arrow-next-vertical-icon-64.png]
[johnmquincy.org/wp-content/themes/Avada/assets/images/iLightbox/light-skin/thumb-overlay-play.png]
[johnmquincy.org/wp-content/themes/Avada/assets/images/iLightbox/mac-skin/preloader.gif]
[johnmquincy.org/wp-content/themes/Avada/assets/images/iLightbox/light-skin/arrow-prev-vertical-icon-64.png]
[johnmquincy.org/wp-content/themes/Avada/assets/images/iLightbox/mac-skin/alert.png]
[johnmquincy.org/wp-content/themes/Avada/assets/images/iLightbox/mac-skin/caption-bg.png]
[johnmquincy.org/wp-content/themes/Avada/assets/images/iLightbox/mac-skin/resize-25.png]
[johnmquincy.org/wp-content/themes/Avada/assets/images/iLightbox/mac-skin/close-25.png]
[johnmquincy.org/wp-content/themes/Avada/assets/images/iLightbox/mac-skin/pause-25.png]
[johnmquincy.org/wp-content/themes/Avada/assets/images/iLightbox/mac-skin/play-25.png]
[johnmquincy.org/wp-content/themes/Avada/assets/images/iLightbox/mac-skin/resize-ie.png]
[johnmquincy.org/wp-content/themes/Avada/assets/images/iLightbox/mac-skin/resize-50.png]
[johnmquincy.org/wp-content/themes/Avada/assets/images/iLightbox/mac-skin/close-ie.png]
[johnmquincy.org/wp-content/themes/Avada/assets/images/iLightbox/mac-skin/close-50.png]
[johnmquincy.org/wp-content/themes/Avada/assets/images/iLightbox/mac-skin/forward-ie.png]
[johnmquincy.org/wp-content/themes/Avada/assets/images/iLightbox/mac-skin/forward-50.png]
[johnmquincy.org/wp-content/themes/Avada/assets/images/iLightbox/mac-skin/back-ie.png]
[johnmquincy.org/wp-content/themes/Avada/assets/images/iLightbox/mac-skin/back-50.png]
[johnmquincy.org/wp-content/themes/Avada/assets/images/iLightbox/mac-skin/play-ie.png]
[johnmquincy.org/wp-content/themes/Avada/assets/images/iLightbox/mac-skin/play-50.png]
[johnmquincy.org/wp-content/themes/Avada/assets/images/iLightbox/mac-skin/pause-ie.png]
[johnmquincy.org/wp-content/themes/Avada/assets/images/iLightbox/mac-skin/pause-50.png]
[johnmquincy.org/wp-content/themes/Avada/assets/images/iLightbox/mac-skin/forward-vertical-50.png]
[johnmquincy.org/wp-content/themes/Avada/assets/images/iLightbox/mac-skin/thumb-overlay-play.png]
[johnmquincy.org/wp-content/themes/Avada/assets/images/iLightbox/metro-black-skin/preloader.gif]
[johnmquincy.org/wp-content/themes/Avada/assets/images/iLightbox/mac-skin/back-vertical-50.png]
[johnmquincy.org/wp-content/themes/Avada/assets/images/iLightbox/metro-black-skin/social-bg.png]
[johnmquincy.org/wp-content/themes/Avada/assets/images/iLightbox/metro-black-skin/caption-bg.png]
[johnmquincy.org/wp-content/themes/Avada/assets/images/iLightbox/metro-black-skin/buttons.png]
[johnmquincy.org/wp-content/themes/Avada/assets/images/iLightbox/metro-black-skin/alert.png]
[johnmquincy.org/wp-content/themes/Avada/assets/images/iLightbox/metro-black-skin/fullscreen-icon-ie.png]
[johnmquincy.org/wp-content/themes/Avada/assets/images/iLightbox/metro-black-skin/fullscreen-icon-64.png]
[johnmquincy.org/wp-content/themes/Avada/assets/images/iLightbox/metro-black-skin/x-mark-icon-ie.png]
[johnmquincy.org/wp-content/themes/Avada/assets/images/iLightbox/metro-black-skin/x-mark-icon-64.png]
[johnmquincy.org/wp-content/themes/Avada/assets/images/iLightbox/metro-black-skin/arrow-next-icon-ie.png]
[johnmquincy.org/wp-content/themes/Avada/assets/images/iLightbox/metro-black-skin/arrow-next-icon-64.png]
[johnmquincy.org/wp-content/themes/Avada/assets/images/iLightbox/metro-black-skin/arrow-prev-icon-ie.png]
[johnmquincy.org/wp-content/themes/Avada/assets/images/iLightbox/metro-black-skin/arrow-prev-icon-64.png]
[johnmquincy.org/wp-content/themes/Avada/assets/images/iLightbox/metro-black-skin/play-icon-ie.png]
[johnmquincy.org/wp-content/themes/Avada/assets/images/iLightbox/metro-black-skin/play-icon-64.png]
[johnmquincy.org/wp-content/themes/Avada/assets/images/iLightbox/metro-black-skin/pause-icon-ie.png]
[johnmquincy.org/wp-content/themes/Avada/assets/images/iLightbox/metro-black-skin/pause-icon-64.png]
[johnmquincy.org/wp-content/themes/Avada/assets/images/iLightbox/metro-black-skin/arrows_vertical.png]
[johnmquincy.org/wp-content/themes/Avada/assets/images/iLightbox/metro-black-skin/thumb-overlay-play.png]
[johnmquincy.org/wp-content/themes/Avada/assets/images/iLightbox/metro-white-skin/preloader.gif]
[johnmquincy.org/wp-content/themes/Avada/assets/images/iLightbox/metro-black-skin/arrows_horizontal.png]
[johnmquincy.org/wp-content/themes/Avada/assets/images/iLightbox/metro-white-skin/social-bg.png]
[johnmquincy.org/wp-content/themes/Avada/assets/images/iLightbox/metro-white-skin/caption-bg.png]
[johnmquincy.org/wp-content/themes/Avada/assets/images/iLightbox/metro-white-skin/buttons.png]
[johnmquincy.org/wp-content/themes/Avada/assets/images/iLightbox/metro-white-skin/alert.png]
[johnmquincy.org/wp-content/themes/Avada/assets/images/iLightbox/metro-white-skin/fullscreen-icon-ie.png]
[johnmquincy.org/wp-content/themes/Avada/assets/images/iLightbox/metro-white-skin/fullscreen-icon-64.png]
[johnmquincy.org/wp-content/themes/Avada/assets/images/iLightbox/metro-white-skin/fullscreen-hover-icon-ie.png]
[johnmquincy.org/wp-content/themes/Avada/assets/images/iLightbox/metro-white-skin/fullscreen-hover-icon-64.png]
[johnmquincy.org/wp-content/themes/Avada/assets/images/iLightbox/metro-white-skin/x-mark-icon-ie.png]
[johnmquincy.org/wp-content/themes/Avada/assets/images/iLightbox/metro-white-skin/x-mark-icon-64.png]
[johnmquincy.org/wp-content/themes/Avada/assets/images/iLightbox/metro-white-skin/x-mark-hover-icon-ie.png]
[johnmquincy.org/wp-content/themes/Avada/assets/images/iLightbox/metro-white-skin/x-mark-hover-icon-64.png]
[johnmquincy.org/wp-content/themes/Avada/assets/images/iLightbox/metro-white-skin/arrow-next-icon-ie.png]
[johnmquincy.org/wp-content/themes/Avada/assets/images/iLightbox/metro-white-skin/arrow-next-icon-64.png]
[johnmquincy.org/wp-content/themes/Avada/assets/images/iLightbox/metro-white-skin/arrow-next-hover-icon-ie.png]
[johnmquincy.org/wp-content/themes/Avada/assets/images/iLightbox/metro-white-skin/arrow-next-hover-icon-64.png]
[johnmquincy.org/wp-content/themes/Avada/assets/images/iLightbox/metro-white-skin/arrow-prev-icon-ie.png]
[johnmquincy.org/wp-content/themes/Avada/assets/images/iLightbox/metro-white-skin/arrow-prev-icon-64.png]
[johnmquincy.org/wp-content/themes/Avada/assets/images/iLightbox/metro-white-skin/arrow-prev-hover-icon-ie.png]
[johnmquincy.org/wp-content/themes/Avada/assets/images/iLightbox/metro-white-skin/arrow-prev-hover-icon-64.png]
[johnmquincy.org/wp-content/themes/Avada/assets/images/iLightbox/metro-white-skin/play-icon-ie.png]
[johnmquincy.org/wp-content/themes/Avada/assets/images/iLightbox/metro-white-skin/play-icon-64.png]
[johnmquincy.org/wp-content/themes/Avada/assets/images/iLightbox/metro-white-skin/play-hover-icon-ie.png]
[johnmquincy.org/wp-content/themes/Avada/assets/images/iLightbox/metro-white-skin/play-hover-icon-64.png]
[johnmquincy.org/wp-content/themes/Avada/assets/images/iLightbox/metro-white-skin/pause-icon-ie.png]
[johnmquincy.org/wp-content/themes/Avada/assets/images/iLightbox/metro-white-skin/pause-icon-64.png]
[johnmquincy.org/wp-content/themes/Avada/assets/images/iLightbox/metro-white-skin/pause-hover-icon-ie.png]
[johnmquincy.org/wp-content/themes/Avada/assets/images/iLightbox/metro-white-skin/pause-hover-icon-64.png]
[johnmquincy.org/wp-content/themes/Avada/assets/images/iLightbox/metro-white-skin/arrows_vertical.png]
[johnmquincy.org/wp-content/themes/Avada/assets/images/iLightbox/metro-white-skin/thumb-overlay-play.png]
[johnmquincy.org/wp-content/themes/Avada/assets/images/iLightbox/parade-skin/pattern.png]
[johnmquincy.org/wp-content/themes/Avada/assets/images/iLightbox/metro-white-skin/arrows_horizontal.png]
[johnmquincy.org/wp-content/themes/Avada/assets/images/iLightbox/parade-skin/caption-bg.png]
[johnmquincy.org/wp-content/themes/Avada/assets/images/iLightbox/parade-skin/preloader.gif]
[johnmquincy.org/wp-content/themes/Avada/assets/images/iLightbox/parade-skin/buttons.png]
[johnmquincy.org/wp-content/themes/Avada/assets/images/iLightbox/parade-skin/alert.png]
[johnmquincy.org/wp-content/themes/Avada/assets/images/iLightbox/smooth-skin/preloader.gif]
[johnmquincy.org/wp-content/themes/Avada/assets/images/iLightbox/parade-skin/thumb-overlay-play.png]
[johnmquincy.org/wp-content/themes/Avada/assets/images/iLightbox/smooth-skin/alert.png]
[johnmquincy.org/wp-content/themes/Avada/assets/images/iLightbox/smooth-skin/caption-bg.png]
[johnmquincy.org/wp-content/themes/Avada/assets/images/iLightbox/smooth-skin/fullscreen-icon-64.png]
[johnmquincy.org/wp-content/themes/Avada/assets/images/iLightbox/smooth-skin/buttons.png]
[johnmquincy.org/wp-content/themes/Avada/assets/images/iLightbox/smooth-skin/x-mark-icon-64.png]
[johnmquincy.org/wp-content/themes/Avada/assets/images/iLightbox/smooth-skin/fullscreen-icon-ie.png]
[johnmquincy.org/wp-content/themes/Avada/assets/images/iLightbox/smooth-skin/arrow-next-icon-64.png]
[johnmquincy.org/wp-content/themes/Avada/assets/images/iLightbox/smooth-skin/x-mark-icon-ie.png]
[johnmquincy.org/wp-content/themes/Avada/assets/images/iLightbox/smooth-skin/arrow-prev-icon-64.png]
[johnmquincy.org/wp-content/themes/Avada/assets/images/iLightbox/smooth-skin/arrow-next-icon-ie.png]
[johnmquincy.org/wp-content/themes/Avada/assets/images/iLightbox/smooth-skin/play-icon-64.png]
[johnmquincy.org/wp-content/themes/Avada/assets/images/iLightbox/smooth-skin/arrow-prev-icon-ie.png]
[johnmquincy.org/wp-content/themes/Avada/assets/images/iLightbox/smooth-skin/pause-icon-64.png]
[johnmquincy.org/wp-content/themes/Avada/assets/images/iLightbox/smooth-skin/play-icon-ie.png]
[johnmquincy.org/wp-content/themes/Avada/assets/images/iLightbox/smooth-skin/thumb-overlay-play.png]
[johnmquincy.org/wp-content/themes/Avada/assets/images/iLightbox/smooth-skin/pause-icon-ie.png]
[johnmquincy.org/wp-content/themes/Avada/assets/images/iLightbox/smooth-skin/arrows_horizontal.png]
[johnmquincy.org/wp-content/themes/Avada/assets/images/iLightbox/smooth-skin/arrows_vertical.png]
[johnmquincy.org/wp-content/plugins/eventON/assets/images/zoom.png]
[johnmquincy.org/wp-content/plugins/eventON/assets/images/close_arrow.png]
[johnmquincy.org/wp-content/plugins/eventON/assets/fonts/evo_fontawesome-webfont3e6e.eot]
[johnmquincy.org/wp-content/plugins/eventON/assets/images/evo_more_details_arrow.png]
[johnmquincy.org/wp-content/plugins/eventON/assets/fonts/evo_fontawesome-webfont3e6e.woff2]
[johnmquincy.org/wp-content/plugins/eventON/assets/fonts/evo_fontawesome-webfontd41d.eot]
[johnmquincy.org/wp-content/plugins/eventON/assets/fonts/evo_fontawesome-webfont3e6e.ttf]
[johnmquincy.org/wp-content/plugins/eventON/assets/fonts/evo_fontawesome-webfont3e6e.woff]
[johnmquincy.org/wp-content/uploads/2016/12/Lake_Nokomis_Panorama-1.jpg]
[johnmquincy.org/wp-content/plugins/eventON/assets/fonts/evo_fontawesome-webfont3e6e.svg]
[johnmquincy.org/author/jquincy/feed/index.html]
[johnmquincy.org/Popover requires tooltip.html]
[johnmquincy.org/wp-content/uploads/avada-styles/avada-global4c99.css]
[johnmquincy.org/Popover requires tooltip.html]
[johnmquincy.org/video/index.html]
[johnmquincy.org/video/index.html]
[johnmquincy.org/image/index.html]
[johnmquincy.org/image/index.html]
[johnmquincy.org/+this.settings.html]
[johnmquincy.org/+this.settings.html]
