[www.votelisabender.com/index.html]
[backblue.gif]
[fade.gif]
[index.html]
[www.votelisabender.com/favicon.png]
[www.votelisabender.com/homececb]
[www.votelisabender.com/_/www.youtube.com/embed/euaiB6XMCxQ.78588.delayed]
[www.votelisabender.com/index.html]
[www.votelisabender.com/search.html]
[www.votelisabender.com/assets/ui-icons.svg]
[www.votelisabender.com/contact/index.html]
[www.votelisabender.com/search.html]
[www.votelisabender.com/media/index.html]
[www.votelisabender.com/contact/index.html]
[www.votelisabender.com/events/index.html]
[www.votelisabender.com/accomplishments/index.html]
[www.votelisabender.com/about/index.html]
[www.votelisabender.com/vision/index.html]
[www.votelisabender.com/media/_/www.youtube.com/embed/euaiB6XMCxQ.a8873.delayed]
[www.votelisabender.com/media/index.html]
[www.votelisabender.com/events/index.html]
[www.votelisabender.com/about/index.html]
[www.votelisabender.com/vision/index.html]
[www.votelisabender.com/accomplishments.html]
[www.votelisabender.com/accomplishments/index.html]
[www.votelisabender.com/vision.html]
[www.votelisabender.com/get-involved-1/index.html]
[www.votelisabender.com/contact.html]
[www.votelisabender.com/bio/index.html]
[www.votelisabender.com/events/2017/1/25/banking-for-votesd859]
[www.votelisabender.com/media.html]
[www.votelisabender.com/vision.html]
[www.votelisabender.com/events/2017/1/28/knocking-for-progressd859]
[www.votelisabender.com/accomplishments.html]
[www.votelisabender.com/events/2017/1/25/banking-for-votes.html]
[www.votelisabender.com/_/www.youtube.com/embed/euaiB6XMCxQ390f.html]
[www.votelisabender.com/events/2017/1/18/banking-votesd859]
[www.votelisabender.com/_/www.youtube.com/embed/euaiB6XMCxQ8588.html]
[www.votelisabender.com/events/2017/1/14/knocking-for-progressd859]
[www.votelisabender.com/contact.html]
[www.votelisabender.com/events/2017/1/28/knocking-for-progress.html]
[www.votelisabender.com/events/2017/1/18/banking-votes.html]
[www.votelisabender.com/events/2017/1/14/knocking-for-progress.html]
[www.votelisabender.com/_/www.youtube.com/embed/euaiB6XMCxQ.138873.delayed]
[www.votelisabender.com/media.html]
[www.votelisabender.com/media/_/www.youtube.com/embed/euaiB6XMCxQ8873.html]
[www.votelisabender.com/events/2017/1/25/banking-for-votes.html]
[www.votelisabender.com/events/2017/1/28/knocking-for-progress.html]
[www.votelisabender.com/events/2017/1/18/banking-votes.html]
[www.votelisabender.com/events/2017/1/14/knocking-for-progress.html]
[www.votelisabender.com/_/www.youtube.com/embed/euaiB6XMCxQ8873.html]
[www.votelisabender.com/events/index2779.html]
[www.votelisabender.com/events/indexb322.html]
[www.votelisabender.com/events/indexb322.html]
[www.votelisabender.com/events/indexf01e.html]
[www.votelisabender.com/events/indexf01e.html]
[www.votelisabender.com/events/index2779.html]
