[adams4ward3.org/index.html]
[backblue.gif]
[fade.gif]
[index.html]
[adams4ward3.org/wordpress_test_cookie=test; path=/index.html]
[adams4ward3.org/osd.xml]
[adams4ward3.org/feed/index.html]
[adams4ward3.org/index.html]
[adams4ward3.org/xmlrpc.php]
[adams4ward3.org/wp-content/plugins/ie-sitemode/custom-jumplist.php]
[adams4ward3.org/wordpress_test_cookie=test; path=/index.html]
[adams4ward3.org/issues/index.html]
[adams4ward3.org/about/index.html]
[adams4ward3.org/blog/index.html]
[adams4ward3.org/contact/index.html]
[adams4ward3.org/2017/01/07/first-blog-post/index.html]
[adams4ward3.org/comments/feed/index.html]
[adams4ward3.org/about/index.html]
[adams4ward3.org/about/wordpress_test_cookie=test; path=/index.html]
[adams4ward3.org/issues/index.html]
[adams4ward3.org/issues/wordpress_test_cookie=test; path=/index.html]
[adams4ward3.org/blog/index.html]
[adams4ward3.org/contact/index.html]
[adams4ward3.org/2017/01/07/first-blog-post/index.html]
[adams4ward3.org/about/wordpress_test_cookie=test; path=/index.html]
[adams4ward3.org/about/index9a7b.html]
[adams4ward3.org/blog/wordpress_test_cookie=test; path=/index.html]
[adams4ward3.org/about/index5a58.html]
[adams4ward3.org/contact/wordpress_test_cookie=test; path=/index.html]
[adams4ward3.org/2017/01/07/first-blog-post/wordpress_test_cookie=test; path=/index.html]
[adams4ward3.org/about/index386f.html]
[adams4ward3.org/2017/01/07/first-blog-post/amp/index.html]
[adams4ward3.org/issues/wordpress_test_cookie=test; path=/index.html]
[adams4ward3.org/author/jcadamsward3/index.html]
[adams4ward3.org/issues/index9a7b.html]
[adams4ward3.org/issues/index5a58.html]
[adams4ward3.org/issues/index386f.html]
[adams4ward3.org/blog/wordpress_test_cookie=test; path=/index.html]
[adams4ward3.org/contact/wordpress_test_cookie=test; path=/index.html]
[adams4ward3.org/2017/01/07/first-blog-post/wordpress_test_cookie=test; path=/index.html]
[adams4ward3.org/2017/01/07/first-blog-post/feed/index.html]
[adams4ward3.org/2017/01/07/first-blog-post/amp/index.html]
[adams4ward3.org/author/jcadamsward3/index.html]
[adams4ward3.org/category/uncategorized/index.html]
[adams4ward3.org/category/uncategorized/index.html]
[adams4ward3.org/author/jcadamsward3/wordpress_test_cookie=test; path=/index.html]
[adams4ward3.org/author/jcadamsward3/wordpress_test_cookie=test; path=/index.html]
[adams4ward3.org/category/uncategorized/wordpress_test_cookie=test; path=/index.html]
[adams4ward3.org/author/jcadamsward3/feed/index.html]
[adams4ward3.org/category/uncategorized/wordpress_test_cookie=test; path=/index.html]
[adams4ward3.org/category/uncategorized/feed/index.html]
