[www.ericamauter.org/index.html]
[www.ericamauter.org/wp-content/cache/minify/53431.css]
[www.ericamauter.org/xmlrpc.1.delayed]
[backblue.gif]
[fade.gif]
[index.html]
[www.ericamauter.org/wp-content/cache/minify/df983.js]
[www.ericamauter.org/xmlrpc0db0.php]
[www.ericamauter.org/wp-includes/wlwmanifest.xml]
[www.ericamauter.org/events/indexedf3.html]
[www.ericamauter.org/feed/index.html]
[www.ericamauter.org/comments/feed/index.html]
[www.ericamauter.org/wp-json/oembed/1.0/embedcc31.json]
[www.ericamauter.org/wp-json/index.html]
[www.ericamauter.org/wp-json/oembed/1.0/embed8cd3]
[www.ericamauter.org/wp-content/uploads/2016/12/Just-E.png]
[www.ericamauter.org/staging/1949/wp-content/uploads/2016/12/Mauter-Logo-Launch-transparent.png]
[www.ericamauter.org/meet-erica.9.delayed]
[www.ericamauter.org/index1f03.html]
[www.ericamauter.org/indexa86b.html]
[www.ericamauter.org/meet-erica/index.html]
[www.ericamauter.org/wp-content/uploads/2016/12/Mauter-Logo-Launch.png]
[www.ericamauter.org/wp-content/uploads/2016/12/IMG_2008.jpg]
[www.ericamauter.org/wp-content/cache/minify/aac1d.js]
[www.ericamauter.org/issues/index.html]
[www.ericamauter.org/volunteer/index.html]
[www.ericamauter.org/wp-content/cache/minify/1d222.js]
[www.ericamauter.org/wp-content/cache/minify/8ee3e.js]
[www.ericamauter.org/wp-content/cache/minify/2b8ee.js]
[www.ericamauter.org/wp-content/cache/minify/eb4b8.js]
[www.ericamauter.org/index.html]
[www.ericamauter.org/wp-content/cache/minify/1c99f.js]
[www.ericamauter.org/wp-content/plugins/formidable/images/ajax_loader.gif]
[www.ericamauter.org/wp-content/plugins/formidable/pro/images/chosen-sprite.png]
[www.ericamauter.org/wp-content/plugins/formidable/fonts/s11-fp.eot]
[www.ericamauter.org/caucus-information/index.html]
[www.ericamauter.org/wp-content/plugins/formidable/fonts/s11-fp.woff]
[www.ericamauter.org/donate/index.html]
[www.ericamauter.org/southwest-journal-erica-mauter-joins-ward-11-race/index.html]
[www.ericamauter.org/wp-content/plugins/formidable/fonts/s11-fp.ttf]
[www.ericamauter.org/wp-content/plugins/formidable/fonts/s11-fp.svg]
[www.ericamauter.org/author/elmautergmail-com/index.html]
[www.ericamauter.org/wp-content/plugins/formidable/pro/images/chosen-sprite2x.png]
[www.ericamauter.org/erica-mauter-announces-campaign-for-ward-11-city-council/index.html]
[www.ericamauter.org/author/campaignteam/index.html]
[www.ericamauter.org/event/kick-off-party-for-erica-mauter-for-ward-11/index.html]
[www.ericamauter.org/wp-content/plugins/monarch/css/fonts/monarch.eot]
[www.ericamauter.org/wp-content/plugins/monarch/css/fonts/monarchd41d.eot]
[www.ericamauter.org/wp-content/plugins/monarch/css/fonts/monarch.ttf]
[www.ericamauter.org/event/precinct-caucuses/index.html]
[www.ericamauter.org/wp-content/plugins/monarch/css/fonts/monarch.woff]
[www.ericamauter.org/event/ward-11-convention/index.html]
[www.ericamauter.org/wp-content/plugins/monarch/css/fonts/monarch.svg]
[www.ericamauter.org/wp-content/themes/Divi/core/admin/fonts/modules.eot]
[www.ericamauter.org/wp-content/themes/Divi/core/admin/fonts/modulesd41d.eot]
[www.ericamauter.org/wp-content/themes/Divi/core/admin/fonts/modules.ttf]
[www.ericamauter.org/wp-content/themes/Divi/core/admin/fonts/modules.woff]
[www.ericamauter.org/wp-content/themes/Divi/core/admin/fonts/modules.svg]
[www.ericamauter.org/wp-content/themes/Divi/includes/builder/styles/images/subscribe-loader.gif]
[www.ericamauter.org/wp-content/themes/Divi/includes/builder/styles/images/preloader.gif]
[www.ericamauter.org/wp-content/themes/Divi/epanel/shortcodes/images/shortcodes-sprite.png]
[www.ericamauter.org/wp-content/plugins/jetpack/modules/carousel/images/arrows.png]
[www.ericamauter.org/wp-content/plugins/jetpack/modules/carousel/images/arrows-2x.png]
[www.ericamauter.org/wp-content/plugins/jetpack/modules/carousel/images/carousel-spritee4da.png]
[www.ericamauter.org/wp-content/plugins/jetpack/modules/carousel/images/carousel-sprite-2xe4da.png]
[www.ericamauter.org/wp-content/plugins/jetpack/modules/shortcodes/img/slideshow-controls.png]
[www.ericamauter.org/wp-content/plugins/jetpack/modules/shortcodes/img/slideshow-controls-2x.png]
[www.ericamauter.org/wp-content/plugins/jetpack/modules/shortcodes/images/slide-nav.png]
[www.ericamauter.org/wp-content/plugins/jetpack/modules/shortcodes/images/expand.png]
[www.ericamauter.org/wp-content/plugins/jetpack/modules/shortcodes/images/collapse.png]
[www.ericamauter.org/wp-content/plugins/bloom/css/fonts/ET-Bloombb91.eot]
[www.ericamauter.org/wp-content/plugins/bloom/css/fonts/ET-Bloomd41d.eot]
[www.ericamauter.org/wp-content/plugins/bloom/css/fonts/ET-Bloombb91.woff]
[www.ericamauter.org/wp-content/plugins/bloom/css/fonts/ET-Bloombb91.ttf]
[www.ericamauter.org/wp-content/plugins/bloom/css/fonts/ET-Bloombb91.svg]
[www.ericamauter.org/wp-content/plugins/bloom/images/subscribe-loader.gif]
[www.ericamauter.org/wp-content/plugins/bloom/images/checked.png]
[www.ericamauter.org/wp-content/cache/minify/53431.css]
[www.ericamauter.org/wp-content/plugins/bloom/images/checked_light.png]
[www.ericamauter.org/xmlrpc.php]
[www.ericamauter.org/wp-content/cache/minify/df983.js]
[www.ericamauter.org/index1f03.html]
[www.ericamauter.org/indexa86b.html]
[www.ericamauter.org/wp-content/cache/minify/91eae.css]
[www.ericamauter.org/index3c28.html]
[www.ericamauter.org/wp-json/oembed/1.0/embedd01f.json]
[www.ericamauter.org/wp-json/oembed/1.0/embedfeee]
[www.ericamauter.org/meet-erica/index.html]
[www.ericamauter.org/wp-content/cache/minify/aba89.js]
[www.ericamauter.org/wp-json/oembed/1.0/embed53f1.json]
[www.ericamauter.org/index7f91.html]
[www.ericamauter.org/issues/index.html]
[www.ericamauter.org/wp-json/oembed/1.0/embed3cf9]
[www.ericamauter.org/wp-json/oembed/1.0/embedc37c.json]
[www.ericamauter.org/index9114.html]
[www.ericamauter.org/wp-json/oembed/1.0/embedcb17]
[www.ericamauter.org/volunteer/index.html]
[www.ericamauter.org/wp-content/cache/minify/1edc0.js]
[www.ericamauter.org/indexc34d.html]
[www.ericamauter.org/wp-json/oembed/1.0/embedb223.json]
[www.ericamauter.org/caucus-information/index.html]
[www.ericamauter.org/wp-json/oembed/1.0/embed105f]
[www.ericamauter.org/index8e58.html]
[www.ericamauter.org/wp-json/oembed/1.0/embed88c8.json]
[www.ericamauter.org/wp-json/oembed/1.0/embedf16c]
[www.ericamauter.org/donate/index.html]
[www.ericamauter.org/wp-content/cache/minify/bee3c.js]
[www.ericamauter.org/index91c6.html]
[www.ericamauter.org/wp-content/cache/minify/c8ff4.css]
[www.ericamauter.org/wp-content/cache/minify/161ef.js]
[www.ericamauter.org/southwest-journal-erica-mauter-joins-ward-11-race/feed/index.html]
[www.ericamauter.org/wp-json/oembed/1.0/embede1d3.json]
[www.ericamauter.org/wp-json/oembed/1.0/embedec96]
[www.ericamauter.org/wp-content/cache/minify/86089.js]
[www.ericamauter.org/southwest-journal-erica-mauter-joins-ward-11-race/index.html]
[www.ericamauter.org/author/elmautergmail-com/index.html]
[www.ericamauter.org/wp-content/cache/minify/c3887.js]
[www.ericamauter.org/wp-json/oembed/1.0/embed878e.json]
[www.ericamauter.org/index9f07.html]
[www.ericamauter.org/author/elmautergmail-com/feed/index.html]
[www.ericamauter.org/category/in-the-news/index.html]
[www.ericamauter.org/erica-mauter-announces-campaign-for-ward-11-city-council/index.html]
[www.ericamauter.org/index3b86.html]
[www.ericamauter.org/author/campaignteam/index.html]
[www.ericamauter.org/wp-json/oembed/1.0/embed0d00]
[www.ericamauter.org/erica-mauter-announces-campaign-for-ward-11-city-council/feed/index.html]
[www.ericamauter.org/indexf9f1.html]
[www.ericamauter.org/wp-content/cache/minify/17e22.css]
[www.ericamauter.org/wp-content/cache/minify/18f92.js]
[www.ericamauter.org/wp-content/cache/minify/85f1c.js]
[www.ericamauter.org/category/press-release/index.html]
[www.ericamauter.org/wp-json/oembed/1.0/embed6687.json]
[www.ericamauter.org/author/campaignteam/feed/index.html]
[www.ericamauter.org/index8f34.html]
[www.ericamauter.org/event/kick-off-party-for-erica-mauter-for-ward-11/feed/index.html]
[www.ericamauter.org/event/kick-off-party-for-erica-mauter-for-ward-11/index.html]
[www.ericamauter.org/wp-json/oembed/1.0/embed6d40]
[www.ericamauter.org/indexf913.html]
[www.ericamauter.org/events/index.html]
[www.ericamauter.org/wp-json/oembed/1.0/embede657.json]
[www.ericamauter.org/event/precinct-caucuses/feed/index.html]
[www.ericamauter.org/event/precinct-caucuses/index.html]
[www.ericamauter.org/wp-json/oembed/1.0/embed19e1]
[www.ericamauter.org/wp-json/oembed/1.0/embede1c6.json]
[www.ericamauter.org/indexe730.html]
[www.ericamauter.org/event/ward-11-convention/feed/index.html]
[www.ericamauter.org/event/ward-11-convention/index.html]
[www.ericamauter.org/wp-content/cache/minify/aac1d.js]
[www.ericamauter.org/wp-content/cache/minify/1d222.js]
[www.ericamauter.org/wp-content/cache/minify/8ee3e.js]
[www.ericamauter.org/wp-content/cache/minify/2b8ee.js]
[www.ericamauter.org/wp-content/cache/minify/eb4b8.js]
[www.ericamauter.org/wp-content/cache/minify/1c99f.js]
[www.ericamauter.org/wp-content/plugins/formidable/fonts/s11-fp.svg]
[www.ericamauter.org/wp-content/plugins/monarch/css/fonts/monarch.svg]
[www.ericamauter.org/wp-content/themes/Divi/core/admin/fonts/modules.svg]
[www.ericamauter.org/wp-content/plugins/bloom/css/fonts/ET-Bloombb91.svg]
[www.ericamauter.org/index3c28.html]
[www.ericamauter.org/wp-json/oembed/1.0/embedc927]
[www.ericamauter.org/wp-content/cache/minify/91eae.css]
[www.ericamauter.org/index7f91.html]
[www.ericamauter.org/indexbc2a.html]
[www.ericamauter.org/wp-content/cache/minify/aba89.js]
[www.ericamauter.org/index9114.html]
[www.ericamauter.org/indexb50e.html]
[www.ericamauter.org/indexc34d.html]
[www.ericamauter.org/indexc66a.html]
[www.ericamauter.org/wp-content/cache/minify/1edc0.js]
[www.ericamauter.org/index8e58.html]
[www.ericamauter.org/indexeb60.html]
[www.ericamauter.org/index91c6.html]
[www.ericamauter.org/index2938.html]
[www.ericamauter.org/wp-content/cache/minify/bee3c.js]
[www.ericamauter.org/index1767.html]
[www.ericamauter.org/wp-content/plugins/jetpack/_inc/social-logos/social-logos6de4.eot]
[www.ericamauter.org/wp-content/plugins/jetpack/_inc/social-logos/social-logosd41d.eot]
[www.ericamauter.org/index484a.html]
[www.ericamauter.org/wp-content/cache/minify/c8ff4.css]
[www.ericamauter.org/wp-content/cache/minify/161ef.js]
[www.ericamauter.org/index9f07.html]
[www.ericamauter.org/category/in-the-news/index.html]
[www.ericamauter.org/wp-content/cache/minify/86089.js]
[www.ericamauter.org/wp-content/plugins/jetpack/_inc/social-logos/social-logos6de4.ttf]
[www.ericamauter.org/wp-content/cache/minify/c3887.js]
[www.ericamauter.org/index3b86.html]
[www.ericamauter.org/category/in-the-news/feed/index.html]
[www.ericamauter.org/indexf99b.html]
[www.ericamauter.org/indexf9f1.html]
[www.ericamauter.org/index33f1.html]
[www.ericamauter.org/category/press-release/index.html]
[www.ericamauter.org/index92c7.html]
[www.ericamauter.org/index8f34.html]
[www.ericamauter.org/wp-content/plugins/the-events-calendar/vendor/jquery/smoothness/images/ui-bg_flat_75_ffffff_40x100.png]
[www.ericamauter.org/category/press-release/feed/index.html]
[www.ericamauter.org/indexeb79.html]
[www.ericamauter.org/indexc74c.html]
[www.ericamauter.org/wp-content/plugins/the-events-calendar/vendor/jquery/smoothness/images/ui-bg_highlight-soft_75_cccccc_1x100.png]
[www.ericamauter.org/indexbfaf.html]
[www.ericamauter.org/wp-content/plugins/the-events-calendar/vendor/jquery/smoothness/images/ui-bg_glass_75_e6e6e6_1x400.png]
[www.ericamauter.org/wp-content/plugins/the-events-calendar/vendor/jquery/smoothness/images/ui-bg_glass_75_dadada_1x400.png]
[www.ericamauter.org/wp-content/plugins/the-events-calendar/vendor/jquery/smoothness/images/ui-bg_glass_65_ffffff_1x400.png]
[www.ericamauter.org/wp-content/plugins/the-events-calendar/vendor/jquery/smoothness/images/ui-bg_glass_55_fbf9ee_1x400.png]
[www.ericamauter.org/wp-content/plugins/the-events-calendar/vendor/jquery/smoothness/images/ui-bg_glass_95_fef1ec_1x400.png]
[www.ericamauter.org/wp-content/plugins/the-events-calendar/vendor/jquery/smoothness/images/ui-icons_222222_256x240.png]
[www.ericamauter.org/wp-content/plugins/the-events-calendar/vendor/jquery/smoothness/images/ui-icons_888888_256x240.png]
[www.ericamauter.org/wp-content/plugins/the-events-calendar/vendor/jquery/smoothness/images/ui-icons_454545_256x240.png]
[www.ericamauter.org/wp-content/plugins/the-events-calendar/vendor/jquery/smoothness/images/ui-icons_2e83ff_256x240.png]
[www.ericamauter.org/wp-content/plugins/the-events-calendar/vendor/jquery/smoothness/images/ui-icons_cd0a0a_256x240.png]
[www.ericamauter.org/wp-content/plugins/the-events-calendar/vendor/jquery/smoothness/images/ui-bg_flat_0_aaaaaa_40x100.png]
[www.ericamauter.org/wp-content/plugins/the-events-calendar/src/resources/images/tribe-tooltips.png]
[www.ericamauter.org/wp-content/plugins/the-events-calendar/src/resources/images/events-bar/icon-month.png]
[www.ericamauter.org/wp-content/plugins/the-events-calendar/src/resources/images/events-bar/icon-list.png]
[www.ericamauter.org/wp-content/plugins/the-events-calendar/src/resources/images/events-bar/icon-week.png]
[www.ericamauter.org/wp-content/plugins/the-events-calendar/src/resources/images/events-bar/icon-day.png]
[www.ericamauter.org/wp-content/plugins/the-events-calendar/src/resources/images/events-bar/icon-photo.png]
[www.ericamauter.org/wp-content/plugins/the-events-calendar/src/resources/images/events-bar/icon-map.png]
[www.ericamauter.org/wp-content/plugins/the-events-calendar/src/resources/images/tribe-tooltips@2x.png]
[www.ericamauter.org/wp-content/plugins/the-events-calendar/src/resources/images/events-bar/icon-search@2x.png]
[www.ericamauter.org/wp-content/plugins/the-events-calendar/src/resources/images/events-bar/icon-gear@2x.png]
[www.ericamauter.org/wp-content/plugins/the-events-calendar/common/vendor/select2/select2x2.png]
[www.ericamauter.org/wp-content/plugins/the-events-calendar/src/resources/images/events-bar/icon-month@2x.png]
[www.ericamauter.org/wp-content/plugins/the-events-calendar/src/resources/images/events-bar/icon-list@2x.png]
[www.ericamauter.org/wp-content/plugins/the-events-calendar/src/resources/images/events-bar/icon-week@2x.png]
[www.ericamauter.org/wp-content/plugins/the-events-calendar/src/resources/images/events-bar/icon-day@2x.png]
[www.ericamauter.org/wp-content/plugins/the-events-calendar/src/resources/images/events-bar/icon-photo@2x.png]
[www.ericamauter.org/wp-content/plugins/the-events-calendar/src/resources/images/events-bar/icon-map@2x.png]
[www.ericamauter.org/wp-content/cache/minify/17e22.css]
[www.ericamauter.org/wp-content/cache/minify/18f92.js]
[www.ericamauter.org/wp-content/cache/minify/85f1c.js]
[www.ericamauter.org/indexf913.html]
[www.ericamauter.org/indexa10f.html]
[www.ericamauter.org/wp-content/cache/minify/3eeb5.js]
[www.ericamauter.org/wp-content/cache/minify/e8551.css]
[www.ericamauter.org/wp-content/cache/minify/04383.js]
[www.ericamauter.org/events/feed/index.html]
[www.ericamauter.org/wp-content/cache/minify/0c237.js]
[www.ericamauter.org/events/index.html]
[www.ericamauter.org/index6837.html]
[www.ericamauter.org/event/kick-off-party-for-erica-mauter-for-ward-11/indexedf3.html]
[www.ericamauter.org/indexe730.html]
[www.ericamauter.org/events/month/index.html]
[www.ericamauter.org/event/precinct-caucuses/indexedf3.html]
[www.ericamauter.org/indexbc2a.html]
[www.ericamauter.org/events/2017-02/index.html]
[www.ericamauter.org/event/ward-11-convention/indexedf3.html]
[www.ericamauter.org/indexc66a.html]
[www.ericamauter.org/events/2017-01-26/index.html]
[www.ericamauter.org/index2938.html]
[www.ericamauter.org/index450b.html]
[www.ericamauter.org/index4c53.html]
[www.ericamauter.org/index1767.html]
[www.ericamauter.org/indexeb60.html]
[www.ericamauter.org/indexa8df.html]
[www.ericamauter.org/index484a.html]
[www.ericamauter.org/indexf49d.html]
[www.ericamauter.org/index33f1.html]
[www.ericamauter.org/index4ad2.html]
[www.ericamauter.org/indexf99b.html]
[www.ericamauter.org/indexfae9.html]
[www.ericamauter.org/index92c7.html]
[www.ericamauter.org/index3494.html]
[www.ericamauter.org/indexc74c.html]
[www.ericamauter.org/index694f.html]
[www.ericamauter.org/indexeb79.html]
[www.ericamauter.org/index64c5.html]
[www.ericamauter.org/index7494.html]
[www.ericamauter.org/indexbfaf.html]
[www.ericamauter.org/indexa10f.html]
[www.ericamauter.org/index05ae.html]
[www.ericamauter.org/wp-content/cache/minify/e8551.css]
[www.ericamauter.org/wp-content/cache/minify/3eeb5.js]
[www.ericamauter.org/index2e2c.html]
[www.ericamauter.org/indexa7c1.html]
[www.ericamauter.org/index0462.html]
[www.ericamauter.org/events/TEC Debug_ vendor bootstrapDatepicker was not loaded before its dependant file tribe-events-bar.7b.delayed]
[www.ericamauter.org/events/TEC Debug_ vendor placeholder was not loaded before its dependant file tribe-events-bar.js]
[www.ericamauter.org/wp-content/cache/minify/04383.js]
[www.ericamauter.org/index6837.html]
[www.ericamauter.org/events/month/index.html]
[www.ericamauter.org/events/2017-02/index.html]
[www.ericamauter.org/index87af.html]
[www.ericamauter.org/index6877.html]
[www.ericamauter.org/indexff5e.html]
[www.ericamauter.org/events/2017-01/index.html]
[www.ericamauter.org/events/2017-03/index.html]
[www.ericamauter.org/events/2017-01-26/index1125.html]
[www.ericamauter.org/wp-content/cache/minify/3f354.js]
[www.ericamauter.org/wp-content/cache/minify/9fac3.js]
[www.ericamauter.org/events/2017-01-26/index.html]
[www.ericamauter.org/wp-content/cache/minify/0c237.js]
[www.ericamauter.org/index450b.html]
[www.ericamauter.org/wp-content/cache/minify/07782.js]
[www.ericamauter.org/index4c53.html]
[www.ericamauter.org/index4624.html]
[www.ericamauter.org/index7494.html]
[www.ericamauter.org/events/2017-01-27/index.html]
[www.ericamauter.org/index0462.html]
[www.ericamauter.org/indexc7af.html]
[www.ericamauter.org/events/TEC Debug_ vendor bootstrapDatepicker was not loaded before its dependant file tribe-events-bar.html]
[www.ericamauter.org/events/TEC Debug_ vendor placeholder was not loaded before its dependant file tribe-events-bar.html]
[www.ericamauter.org/index6877.html]
[www.ericamauter.org/index4356.html]
[www.ericamauter.org/index87af.html]
[www.ericamauter.org/index3864.html]
[www.ericamauter.org/indexff5e.html]
[www.ericamauter.org/index8a45.html]
[www.ericamauter.org/events/2017-01/index.html]
[www.ericamauter.org/index86ad.html]
[www.ericamauter.org/events/2017-03/index.html]
[www.ericamauter.org/index1ae7.html]
[www.ericamauter.org/wp-content/cache/minify/3f354.js]
[www.ericamauter.org/index3d4f.html]
[www.ericamauter.org/wp-content/cache/minify/9fac3.js]
[www.ericamauter.org/index4624.html]
[www.ericamauter.org/index9ded.html]
[www.ericamauter.org/events/2017-01-27/index.html]
[www.ericamauter.org/index74c7.html]
[www.ericamauter.org/wp-content/cache/minify/07782.js]
[www.ericamauter.org/events/2017-04/index.html]
[www.ericamauter.org/index1ae7.html]
[www.ericamauter.org/events/2017-01-27/index1125.html]
[www.ericamauter.org/index26f7.html]
[www.ericamauter.org/index188e.html]
[www.ericamauter.org/index9ded.html]
[www.ericamauter.org/index3d4f.html]
[www.ericamauter.org/events/2017-01-28/index.html]
[www.ericamauter.org/index74c7.html]
[www.ericamauter.org/index4401.html]
[www.ericamauter.org/events/2017-04/index.html]
[www.ericamauter.org/index577b.html]
[www.ericamauter.org/index188e.html]
[www.ericamauter.org/indexd6bb.html]
[www.ericamauter.org/index26f7.html]
[www.ericamauter.org/indexe5ff.html]
[www.ericamauter.org/events/2017-01-28/index.html]
[www.ericamauter.org/index711f.html]
[www.ericamauter.org/index577b.html]
[www.ericamauter.org/events/2017-04-04/index.html]
[www.ericamauter.org/indexe5ff.html]
[www.ericamauter.org/indexb1e8.html]
[www.ericamauter.org/index711f.html]
[www.ericamauter.org/events/2017-04-29/index.html]
[www.ericamauter.org/events/2017-04-04/index.html]
[www.ericamauter.org/events/2017-01-28/index1125.html]
[www.ericamauter.org/indexaf2f.html]
[www.ericamauter.org/events/2017-04-29/index.html]
[www.ericamauter.org/index3fc8.html]
[www.ericamauter.org/indexaf2f.html]
[www.ericamauter.org/events/2017-01-29/index.html]
[www.ericamauter.org/indexdf07.html]
[www.ericamauter.org/index3fc8.html]
[www.ericamauter.org/indexe6e8.html]
[www.ericamauter.org/events/2017-01-29/index.html]
[www.ericamauter.org/events/2017-04-04/index1125.html]
[www.ericamauter.org/indexcfcd.html]
[www.ericamauter.org/indexffb8.html]
[www.ericamauter.org/indexe6e8.html]
[www.ericamauter.org/events/2017-04-03/index.html]
[www.ericamauter.org/indexffb8.html]
[www.ericamauter.org/index4185.html]
[www.ericamauter.org/events/2017-04-03/index.html]
[www.ericamauter.org/events/2017-04-29/index1125.html]
[www.ericamauter.org/events/2017-04-05/index.html]
[www.ericamauter.org/events/2017-04-05/index.html]
[www.ericamauter.org/events/2017-04-28/index.html]
[www.ericamauter.org/index4185.html]
[www.ericamauter.org/indexe445.html]
[www.ericamauter.org/events/2017-04-28/index.html]
[www.ericamauter.org/index197c.html]
[www.ericamauter.org/events/2017-01-29/index1125.html]
[www.ericamauter.org/index27e7.html]
[www.ericamauter.org/indexe445.html]
[www.ericamauter.org/events/2017-01-30/index.html]
[www.ericamauter.org/events/2017-04-03/index1125.html]
[www.ericamauter.org/index7c74.html]
[www.ericamauter.org/index197c.html]
[www.ericamauter.org/index7c98.html]
[www.ericamauter.org/events/2017-01-30/index.html]
[www.ericamauter.org/index4d39.html]
[www.ericamauter.org/index7c98.html]
[www.ericamauter.org/index3dc7.html]
[www.ericamauter.org/events/2017-04-05/index1125.html]
[www.ericamauter.org/index4d39.html]
[www.ericamauter.org/events/2017-04-06/index.html]
[www.ericamauter.org/events/2017-04-02/index.html]
[www.ericamauter.org/events/2017-04-02/index.html]
[www.ericamauter.org/events/2017-04-28/index1125.html]
[www.ericamauter.org/index9838.html]
[www.ericamauter.org/index3dc7.html]
[www.ericamauter.org/indexeec0.html]
[www.ericamauter.org/events/2017-04-06/index.html]
[www.ericamauter.org/index9838.html]
[www.ericamauter.org/events/2017-04-27/index.html]
[www.ericamauter.org/indexdd8f.html]
[www.ericamauter.org/indexeec0.html]
[www.ericamauter.org/events/2017-01-30/index1125.html]
[www.ericamauter.org/index8ded.html]
[www.ericamauter.org/events/2017-04-27/index.html]
[www.ericamauter.org/indexf6fc.html]
[www.ericamauter.org/index8ded.html]
[www.ericamauter.org/index577c.html]
[www.ericamauter.org/indexf6fc.html]
[www.ericamauter.org/index68c6.html]
[www.ericamauter.org/events/2017-01-31/index.html]
[www.ericamauter.org/events/2017-01-31/index.html]
[www.ericamauter.org/events/2017-04-02/index1125.html]
[www.ericamauter.org/indexa2a8.html]
[www.ericamauter.org/index68c6.html]
[www.ericamauter.org/events/2017-04-01/index.html]
[www.ericamauter.org/indexa2a8.html]
[www.ericamauter.org/index4ec7.html]
[www.ericamauter.org/events/2017-04-01/index.html]
[www.ericamauter.org/index1aae.html]
[www.ericamauter.org/index4ec7.html]
[www.ericamauter.org/events/2017-04-06/index1125.html]
[www.ericamauter.org/events/2017-04-07/index.html]
[www.ericamauter.org/indexa361.html]
[www.ericamauter.org/index1aae.html]
[www.ericamauter.org/events/2017-04-27/index1125.html]
[www.ericamauter.org/indexce25.html]
[www.ericamauter.org/events/2017-04-07/index.html]
[www.ericamauter.org/indexe031.html]
[www.ericamauter.org/indexce25.html]
[www.ericamauter.org/events/2017-04-26/index.html]
[www.ericamauter.org/indexe031.html]
[www.ericamauter.org/indexed91.html]
[www.ericamauter.org/events/2017-01-31/index1125.html]
[www.ericamauter.org/events/2017-04-26/index.html]
[www.ericamauter.org/indexf962.html]
[www.ericamauter.org/indexf962.html]
[www.ericamauter.org/indexcd44.html]
[www.ericamauter.org/indexcd44.html]
[www.ericamauter.org/events/2017-02-01/index.html]
[www.ericamauter.org/index3d3c.html]
[www.ericamauter.org/events/2017-02-01/index.html]
[www.ericamauter.org/indexd63a.html]
[www.ericamauter.org/events/2017-04-01/index1125.html]
[www.ericamauter.org/index3d3c.html]
[www.ericamauter.org/events/2017-03-31/index.html]
[www.ericamauter.org/indexa380.html]
[www.ericamauter.org/indexf8ec.html]
[www.ericamauter.org/indexa380.html]
[www.ericamauter.org/events/2017-03-31/index.html]
[www.ericamauter.org/index26af.html]
[www.ericamauter.org/index26af.html]
[www.ericamauter.org/events/2017-04-07/index1125.html]
[www.ericamauter.org/index29e6.html]
[www.ericamauter.org/events/2017-04-08/index.html]
[www.ericamauter.org/index29e6.html]
[www.ericamauter.org/index68f6.html]
[www.ericamauter.org/events/2017-04-08/index.html]
[www.ericamauter.org/events/2017-04-26/index1125.html]
[www.ericamauter.org/index9e5f.html]
[www.ericamauter.org/index7da3.html]
[www.ericamauter.org/index9e5f.html]
[www.ericamauter.org/index4f3a.html]
[www.ericamauter.org/index7da3.html]
[www.ericamauter.org/indexe3a8.html]
[www.ericamauter.org/events/2017-02-01/index1125.html]
[www.ericamauter.org/events/2017-04-25/index.html]
[www.ericamauter.org/events/2017-04-25/index.html]
[www.ericamauter.org/indexe3a8.html]
[www.ericamauter.org/index514e.html]
[www.ericamauter.org/index514e.html]
[www.ericamauter.org/index971d.html]
[www.ericamauter.org/events/2017-02-02/index.html]
[www.ericamauter.org/events/2017-02-02/index.html]
[www.ericamauter.org/index71e9.html]
[www.ericamauter.org/index71e9.html]
[www.ericamauter.org/events/2017-03-31/index1125.html]
[www.ericamauter.org/index9196.html]
[www.ericamauter.org/index719d.html]
[www.ericamauter.org/events/2017-03-30/index.html]
[www.ericamauter.org/index9196.html]
[www.ericamauter.org/events/2017-04-08/index1125.html]
[www.ericamauter.org/index265a.html]
[www.ericamauter.org/events/2017-03-30/index.html]
[www.ericamauter.org/indexb71e.html]
[www.ericamauter.org/indexb71e.html]
[www.ericamauter.org/events/2017-04-09/index.html]
[www.ericamauter.org/index265a.html]
[www.ericamauter.org/events/2017-04-25/index1125.html]
[www.ericamauter.org/indexe57d.html]
[www.ericamauter.org/events/2017-04-09/index.html]
[www.ericamauter.org/indexdee7.html]
[www.ericamauter.org/index975c.html]
[www.ericamauter.org/indexe57d.html]
[www.ericamauter.org/events/2017-04-24/index.html]
[www.ericamauter.org/indexdee7.html]
[www.ericamauter.org/events/2017-02-02/index1125.html]
[www.ericamauter.org/indexf2ae.html]
[www.ericamauter.org/indexaf9d.html]
[www.ericamauter.org/events/2017-04-24/index.html]
[www.ericamauter.org/index67ec.html]
[www.ericamauter.org/index86f2.html]
[www.ericamauter.org/indexaf9d.html]
[www.ericamauter.org/events/2017-02-03/index.html]
[www.ericamauter.org/index67ec.html]
[www.ericamauter.org/events/2017-03-30/index1125.html]
[www.ericamauter.org/indexe0dd.html]
[www.ericamauter.org/events/2017-02-03/index.html]
[www.ericamauter.org/indexc6c0.html]
[www.ericamauter.org/indexe0dd.html]
[www.ericamauter.org/events/2017-03-29/index.html]
[www.ericamauter.org/index6766.html]
[www.ericamauter.org/indexc6c0.html]
[www.ericamauter.org/index1763.html]
[www.ericamauter.org/events/2017-03-29/index.html]
[www.ericamauter.org/index781c.html]
[www.ericamauter.org/index1763.html]
[www.ericamauter.org/events/2017-04-09/index1125.html]
[www.ericamauter.org/events/2017-04-10/index.html]
[www.ericamauter.org/index781c.html]
[www.ericamauter.org/indexe3a1.html]
[www.ericamauter.org/indexd182.html]
[www.ericamauter.org/events/2017-04-24/index1125.html]
[www.ericamauter.org/events/2017-04-10/index.html]
[www.ericamauter.org/indexcd74.html]
[www.ericamauter.org/indexe3a1.html]
[www.ericamauter.org/events/2017-04-23/index.html]
[www.ericamauter.org/indexcd74.html]
[www.ericamauter.org/index28fa.html]
[www.ericamauter.org/events/2017-04-23/index.html]
[www.ericamauter.org/indexde51.html]
[www.ericamauter.org/events/2017-02-03/index1125.html]
[www.ericamauter.org/index62a2.html]
[www.ericamauter.org/index28fa.html]
[www.ericamauter.org/events/2017-02-04/index.html]
[www.ericamauter.org/index62a2.html]
[www.ericamauter.org/indexa654.html]
[www.ericamauter.org/events/2017-03-29/index1125.html]
[www.ericamauter.org/events/2017-02-04/index.html]
[www.ericamauter.org/index2d92.html]
[www.ericamauter.org/indexce2c.html]
[www.ericamauter.org/index2d92.html]
[www.ericamauter.org/indexe472.html]
[www.ericamauter.org/events/2017-04-10/index1125.html]
[www.ericamauter.org/events/2017-03-28/index.html]
[www.ericamauter.org/indexce2c.html]
[www.ericamauter.org/indexf1c7.html]
[www.ericamauter.org/events/2017-03-28/index.html]
[www.ericamauter.org/indexf1c7.html]
[www.ericamauter.org/indexe0eb.html]
[www.ericamauter.org/indexe0eb.html]
[www.ericamauter.org/index5952.html]
[www.ericamauter.org/index458f.html]
[www.ericamauter.org/events/2017-04-11/index.html]
[www.ericamauter.org/events/2017-04-11/index.html]
[www.ericamauter.org/events/2017-04-23/index1125.html]
[www.ericamauter.org/index5952.html]
[www.ericamauter.org/indexa335.html]
[www.ericamauter.org/events/2017-04-22/index.html]
[www.ericamauter.org/indexa335.html]
[www.ericamauter.org/index30d7.html]
[www.ericamauter.org/events/2017-04-22/index.html]
[www.ericamauter.org/indexd999.html]
[www.ericamauter.org/index579a.html]
[www.ericamauter.org/indexd999.html]
[www.ericamauter.org/events/2017-02-04/index1125.html]
[www.ericamauter.org/indexa047.html]
[www.ericamauter.org/index579a.html]
[www.ericamauter.org/events/2017-03-28/index1125.html]
[www.ericamauter.org/events/2017-02-05/index.html]
[www.ericamauter.org/indexbb00.html]
[www.ericamauter.org/events/2017-02-05/index.html]
[www.ericamauter.org/indexbf3b.html]
[www.ericamauter.org/indexbb00.html]
[www.ericamauter.org/index426c.html]
[www.ericamauter.org/indexbf3b.html]
[www.ericamauter.org/events/2017-04-11/index1125.html]
[www.ericamauter.org/index749d.html]
[www.ericamauter.org/events/2017-03-27/index.html]
[www.ericamauter.org/events/2017-03-27/index.html]
[www.ericamauter.org/index749d.html]
[www.ericamauter.org/index0b7b.html]
[www.ericamauter.org/index7ca4.html]
[www.ericamauter.org/index0b7b.html]
[www.ericamauter.org/events/2017-04-12/index.html]
[www.ericamauter.org/events/2017-04-12/index.html]
[www.ericamauter.org/indexe662.html]
[www.ericamauter.org/indexe662.html]
[www.ericamauter.org/events/2017-04-22/index1125.html]
[www.ericamauter.org/index81b6.html]
[www.ericamauter.org/events/2017-04-21/index.html]
[www.ericamauter.org/index15da.html]
[www.ericamauter.org/index81b6.html]
[www.ericamauter.org/events/2017-04-21/index.html]
[www.ericamauter.org/events/2017-02-05/index1125.html]
[www.ericamauter.org/indexd9a1.html]
[www.ericamauter.org/indexaaea.html]
[www.ericamauter.org/indexaaea.html]
[www.ericamauter.org/events/2017-02-06/index.html]
[www.ericamauter.org/indexd9a1.html]
[www.ericamauter.org/index0c81.html]
[www.ericamauter.org/events/2017-03-27/index1125.html]
[www.ericamauter.org/events/2017-02-06/index.html]
[www.ericamauter.org/index03d4.html]
[www.ericamauter.org/index9a95.html]
[www.ericamauter.org/index9a95.html]
[www.ericamauter.org/index00bf.html]
[www.ericamauter.org/index03d4.html]
[www.ericamauter.org/events/2017-04-12/index1125.html]
[www.ericamauter.org/events/2017-03-26/index.html]
[www.ericamauter.org/events/2017-03-26/index.html]
[www.ericamauter.org/index7e84.html]
[www.ericamauter.org/index4832.html]
[www.ericamauter.org/index00bf.html]
[www.ericamauter.org/events/2017-04-13/index.html]
[www.ericamauter.org/index0559.html]
[www.ericamauter.org/index4832.html]
[www.ericamauter.org/events/2017-04-21/index1125.html]
[www.ericamauter.org/indexea83.html]
[www.ericamauter.org/events/2017-04-13/index.html]
[www.ericamauter.org/index2966.html]
[www.ericamauter.org/index0559.html]
[www.ericamauter.org/events/2017-04-20/index.html]
[www.ericamauter.org/events/2017-02-06/index1125.html]
[www.ericamauter.org/indexce90.html]
[www.ericamauter.org/index2966.html]
[www.ericamauter.org/index03a0.html]
[www.ericamauter.org/events/2017-04-20/index.html]
[www.ericamauter.org/index03a0.html]
[www.ericamauter.org/index9cd8.html]
[www.ericamauter.org/index9cd8.html]
[www.ericamauter.org/indexf8df.html]
[www.ericamauter.org/indexb5e6.html]
[www.ericamauter.org/events/2017-02-07/index.html]
[www.ericamauter.org/events/2017-02-07/index.html]
[www.ericamauter.org/events/2017-03-26/index1125.html]
[www.ericamauter.org/index9641.html]
[www.ericamauter.org/indexb5e6.html]
[www.ericamauter.org/events/2017-03-25/index.html]
[www.ericamauter.org/index9641.html]
[www.ericamauter.org/events/2017-04-13/index1125.html]
[www.ericamauter.org/index8e24.html]
[www.ericamauter.org/events/2017-03-25/index.html]
[www.ericamauter.org/indexec98.html]
[www.ericamauter.org/index63e2.html]
[www.ericamauter.org/index63e2.html]
[www.ericamauter.org/indexbd2c.html]
[www.ericamauter.org/events/2017-04-20/index1125.html]
[www.ericamauter.org/indexec98.html]
[www.ericamauter.org/events/2017-04-14/index.html]
[www.ericamauter.org/events/2017-04-14/index.html]
[www.ericamauter.org/indexd211.html]
[www.ericamauter.org/indexf91f.html]
[www.ericamauter.org/indexbd2c.html]
[www.ericamauter.org/events/2017-04-19/index.html]
[www.ericamauter.org/indexf91f.html]
[www.ericamauter.org/indexfd08.html]
[www.ericamauter.org/events/2017-04-19/index.html]
[www.ericamauter.org/indexfc4c.html]
[www.ericamauter.org/events/2017-02-07/index1125.html]
[www.ericamauter.org/index637a.html]
[www.ericamauter.org/indexfc4c.html]
[www.ericamauter.org/index31a5.html]
[www.ericamauter.org/index637a.html]
[www.ericamauter.org/events/2017-02-08/index.html]
[www.ericamauter.org/events/2017-02-08/index.html]
[www.ericamauter.org/events/2017-03-25/index1125.html]
[www.ericamauter.org/indexd39d.html]
[www.ericamauter.org/index65be.html]
[www.ericamauter.org/index65be.html]
[www.ericamauter.org/events/2017-03-24/index.html]
[www.ericamauter.org/indexd39d.html]
[www.ericamauter.org/events/2017-04-14/index1125.html]
[www.ericamauter.org/index8aaa.html]
[www.ericamauter.org/events/2017-03-24/index.html]
[www.ericamauter.org/indexd53b.html]
[www.ericamauter.org/index1412.html]
[www.ericamauter.org/index1412.html]
[www.ericamauter.org/events/2017-04-19/index1125.html]
[www.ericamauter.org/indexdcff.html]
[www.ericamauter.org/index1ad9.html]
[www.ericamauter.org/indexd53b.html]
[www.ericamauter.org/events/2017-04-15/index.html]
[www.ericamauter.org/events/2017-04-15/index.html]
[www.ericamauter.org/indexdcff.html]
[www.ericamauter.org/index6e19.html]
[www.ericamauter.org/index6e19.html]
[www.ericamauter.org/events/2017-04-18/index.html]
[www.ericamauter.org/events/2017-04-18/index.html]
[www.ericamauter.org/indexcfd3.html]
[www.ericamauter.org/index0a37.html]
[www.ericamauter.org/index0a37.html]
[www.ericamauter.org/events/2017-02-08/index1125.html]
[www.ericamauter.org/index744c.html]
[www.ericamauter.org/index3710.html]
[www.ericamauter.org/index744c.html]
[www.ericamauter.org/events/2017-02-09/index.html]
[www.ericamauter.org/events/2017-02-09/index.html]
[www.ericamauter.org/index0169.html]
[www.ericamauter.org/index0169.html]
[www.ericamauter.org/events/2017-03-24/index1125.html]
[www.ericamauter.org/index293a.html]
[www.ericamauter.org/indexe8c2.html]
[www.ericamauter.org/index293a.html]
[www.ericamauter.org/events/2017-03-23/index.html]
[www.ericamauter.org/events/2017-03-23/index.html]
[www.ericamauter.org/events/2017-04-15/index1125.html]
[www.ericamauter.org/index39de.html]
[www.ericamauter.org/index39de.html]
[www.ericamauter.org/indexcf42.html]
[www.ericamauter.org/indexcf42.html]
[www.ericamauter.org/events/2017-04-16/index.html]
[www.ericamauter.org/events/2017-04-16/index.html]
[www.ericamauter.org/indexe503.html]
[www.ericamauter.org/index2089.html]
[www.ericamauter.org/index2089.html]
[www.ericamauter.org/events/2017-04-18/index1125.html]
[www.ericamauter.org/index8c63.html]
[www.ericamauter.org/index8c63.html]
[www.ericamauter.org/index94b6.html]
[www.ericamauter.org/events/2017-04-17/index.html]
[www.ericamauter.org/index5f03.html]
[www.ericamauter.org/events/2017-02-09/index1125.html]
[www.ericamauter.org/events/2017-04-17/index.html]
[www.ericamauter.org/index1004.html]
[www.ericamauter.org/index5f03.html]
[www.ericamauter.org/index53cc.html]
[www.ericamauter.org/index1004.html]
[www.ericamauter.org/events/2017-02-10/index.html]
[www.ericamauter.org/events/2017-03-23/index1125.html]
[www.ericamauter.org/events/2017-02-10/index.html]
[www.ericamauter.org/index8316.html]
[www.ericamauter.org/index82d8.html]
[www.ericamauter.org/index82d8.html]
[www.ericamauter.org/index8316.html]
[www.ericamauter.org/index7d67.html]
[www.ericamauter.org/events/2017-03-22/index.html]
[www.ericamauter.org/index0f85.html]
[www.ericamauter.org/events/2017-03-22/index.html]
[www.ericamauter.org/events/2017-04-16/index1125.html]
[www.ericamauter.org/index0f85.html]
[www.ericamauter.org/index20c0.html]
[www.ericamauter.org/index9d00.html]
[www.ericamauter.org/index20c0.html]
[www.ericamauter.org/indexfda5.html]
[www.ericamauter.org/events/2017-04-17/index1125.html]
[www.ericamauter.org/indexfdff.html]
[www.ericamauter.org/index9d00.html]
[www.ericamauter.org/index40b6.html]
[www.ericamauter.org/index9026.html]
[www.ericamauter.org/indexfdff.html]
[www.ericamauter.org/events/2017-02-10/index1125.html]
[www.ericamauter.org/index5867.html]
[www.ericamauter.org/index9026.html]
[www.ericamauter.org/events/2017-02-11/index.html]
[www.ericamauter.org/index3549.html]
[www.ericamauter.org/index5867.html]
[www.ericamauter.org/events/2017-03-22/index1125.html]
[www.ericamauter.org/index62cd.html]
[www.ericamauter.org/events/2017-02-11/index.html]
[www.ericamauter.org/index3908.html]
[www.ericamauter.org/index3908.html]
[www.ericamauter.org/events/2017-03-21/index.html]
[www.ericamauter.org/index62cd.html]
[www.ericamauter.org/index9fe1.html]
[www.ericamauter.org/events/2017-03-21/index.html]
[www.ericamauter.org/index273a.html]
[www.ericamauter.org/index6f17.html]
[www.ericamauter.org/indexb533.html]
[www.ericamauter.org/index9fe1.html]
[www.ericamauter.org/indexc834.html]
[www.ericamauter.org/indexb533.html]
[www.ericamauter.org/index2695.html]
[www.ericamauter.org/index9a0c.html]
[www.ericamauter.org/index9a0c.html]
[www.ericamauter.org/events/2017-02-11/index1125.html]
[www.ericamauter.org/index9d8b.html]
[www.ericamauter.org/index2695.html]
[www.ericamauter.org/events/2017-02-12/index.html]
[www.ericamauter.org/events/2017-03-21/index1125.html]
[www.ericamauter.org/events/2017-02-12/index.html]
[www.ericamauter.org/index23d6.html]
[www.ericamauter.org/index9d8b.html]
[www.ericamauter.org/indexcde1.html]
[www.ericamauter.org/events/2017-03-20/index.html]
[www.ericamauter.org/indexcde1.html]
[www.ericamauter.org/index220f.html]
[www.ericamauter.org/events/2017-03-20/index.html]
[www.ericamauter.org/indexb590.html]
[www.ericamauter.org/indexac9c.html]
[www.ericamauter.org/index3860.html]
[www.ericamauter.org/index3860.html]
[www.ericamauter.org/index1400.html]
[www.ericamauter.org/events/2017-02-12/index1125.html]
[www.ericamauter.org/indexa5db.html]
[www.ericamauter.org/index1400.html]
[www.ericamauter.org/events/2017-02-13/index.html]
[www.ericamauter.org/events/2017-02-13/index.html]
[www.ericamauter.org/events/2017-03-20/index1125.html]
[www.ericamauter.org/indexe92e.html]
[www.ericamauter.org/indexdb07.html]
[www.ericamauter.org/indexdb07.html]
[www.ericamauter.org/indexe92e.html]
[www.ericamauter.org/index1175.html]
[www.ericamauter.org/events/2017-03-19/index.html]
[www.ericamauter.org/events/2017-03-19/index.html]
[www.ericamauter.org/index875c.html]
[www.ericamauter.org/index875c.html]
[www.ericamauter.org/events/2017-02-13/index1125.html]
[www.ericamauter.org/index1586.html]
[www.ericamauter.org/indexf190.html]
[www.ericamauter.org/index1586.html]
[www.ericamauter.org/events/2017-02-14/index.html]
[www.ericamauter.org/events/2017-02-14/index.html]
[www.ericamauter.org/events/2017-03-19/index1125.html]
[www.ericamauter.org/indexe3fd.html]
[www.ericamauter.org/indexb3e6.html]
[www.ericamauter.org/indexb3e6.html]
[www.ericamauter.org/events/2017-03-18/index.html]
[www.ericamauter.org/indexe3fd.html]
[www.ericamauter.org/events/2017-02-14/index1125.html]
[www.ericamauter.org/index5c81.html]
[www.ericamauter.org/events/2017-03-18/index.html]
[www.ericamauter.org/indexebbe.html]
[www.ericamauter.org/index9468.html]
[www.ericamauter.org/index9468.html]
[www.ericamauter.org/index5774.html]
[www.ericamauter.org/events/2017-03-18/index1125.html]
[www.ericamauter.org/indexebbe.html]
[www.ericamauter.org/index9306.html]
[www.ericamauter.org/events/2017-02-15/index.html]
[www.ericamauter.org/index1ee5.html]
[www.ericamauter.org/events/2017-02-15/index.html]
[www.ericamauter.org/index5774.html]
[www.ericamauter.org/events/2017-03-17/index.html]
[www.ericamauter.org/index1ee5.html]
[www.ericamauter.org/indexce6e.html]
[www.ericamauter.org/events/2017-03-17/index.html]
[www.ericamauter.org/indexb539.html]
[www.ericamauter.org/events/2017-02-15/index1125.html]
[www.ericamauter.org/index5dbc.html]
[www.ericamauter.org/indexce6e.html]
[www.ericamauter.org/events/2017-02-16/index.html]
[www.ericamauter.org/index5dbc.html]
[www.ericamauter.org/index6efd.html]
[www.ericamauter.org/events/2017-02-16/index.html]
[www.ericamauter.org/events/2017-03-17/index1125.html]
[www.ericamauter.org/indexb934.html]
[www.ericamauter.org/index21fc.html]
[www.ericamauter.org/index21fc.html]
[www.ericamauter.org/indexb425.html]
[www.ericamauter.org/events/2017-02-16/index1125.html]
[www.ericamauter.org/indexb934.html]
[www.ericamauter.org/indexd9c5.html]
[www.ericamauter.org/events/2017-03-16/index.html]
[www.ericamauter.org/events/2017-03-16/index.html]
[www.ericamauter.org/indexb1ee.html]
[www.ericamauter.org/indexb425.html]
[www.ericamauter.org/events/2017-02-17/index.html]
[www.ericamauter.org/indexa440.html]
[www.ericamauter.org/indexb1ee.html]
[www.ericamauter.org/index1a35.html]
[www.ericamauter.org/events/2017-02-17/index.html]
[www.ericamauter.org/events/2017-03-16/index1125.html]
[www.ericamauter.org/index4f90.html]
[www.ericamauter.org/indexa440.html]
[www.ericamauter.org/events/2017-03-15/index.html]
[www.ericamauter.org/indexe294.html]
[www.ericamauter.org/index4f90.html]
[www.ericamauter.org/events/2017-02-17/index1125.html]
[www.ericamauter.org/index864b.html]
[www.ericamauter.org/events/2017-03-15/index.html]
[www.ericamauter.org/index8c75.html]
[www.ericamauter.org/index8c75.html]
[www.ericamauter.org/events/2017-03-15/index1125.html]
[www.ericamauter.org/events/2017-02-18/index.html]
[www.ericamauter.org/indexde6b.html]
[www.ericamauter.org/index864b.html]
[www.ericamauter.org/events/2017-02-18/index.html]
[www.ericamauter.org/index6c35.html]
[www.ericamauter.org/index2002.html]
[www.ericamauter.org/indexde6b.html]
[www.ericamauter.org/indexa9b9.html]
[www.ericamauter.org/index2002.html]
[www.ericamauter.org/events/2017-03-14/index.html]
[www.ericamauter.org/events/2017-03-14/index.html]
[www.ericamauter.org/indexb375.html]
[www.ericamauter.org/indexb375.html]
[www.ericamauter.org/index0317.html]
[www.ericamauter.org/events/2017-02-18/index1125.html]
[www.ericamauter.org/events/2017-02-19/index.html]
[www.ericamauter.org/index9146.html]
[www.ericamauter.org/index0317.html]
[www.ericamauter.org/events/2017-02-19/index.html]
[www.ericamauter.org/events/2017-03-14/index1125.html]
[www.ericamauter.org/index6d84.html]
[www.ericamauter.org/index7230.html]
[www.ericamauter.org/index7230.html]
[www.ericamauter.org/events/2017-03-13/index.html]
[www.ericamauter.org/events/2017-02-19/index1125.html]
[www.ericamauter.org/indexb9bc.html]
[www.ericamauter.org/index6d84.html]
[www.ericamauter.org/indexc77e.html]
[www.ericamauter.org/events/2017-03-13/index.html]
[www.ericamauter.org/index5f39.html]
[www.ericamauter.org/index5f39.html]
[www.ericamauter.org/events/2017-03-13/index1125.html]
[www.ericamauter.org/indexa2bd.html]
[www.ericamauter.org/indexc77e.html]
[www.ericamauter.org/events/2017-02-20/index.html]
[www.ericamauter.org/index8503.html]
[www.ericamauter.org/events/2017-02-20/index.html]
[www.ericamauter.org/indexa2bd.html]
[www.ericamauter.org/indexd118.html]
[www.ericamauter.org/index5f9c.html]
[www.ericamauter.org/indexd118.html]
[www.ericamauter.org/events/2017-03-12/index.html]
[www.ericamauter.org/events/2017-03-12/index.html]
[www.ericamauter.org/index63fc.html]
[www.ericamauter.org/events/2017-02-20/index1125.html]
[www.ericamauter.org/indexefff.html]
[www.ericamauter.org/index5f9c.html]
[www.ericamauter.org/events/2017-02-21/index.html]
[www.ericamauter.org/indexefff.html]
[www.ericamauter.org/indexede4.html]
[www.ericamauter.org/events/2017-02-21/index.html]
[www.ericamauter.org/indexc18e.html]
[www.ericamauter.org/events/2017-03-12/index1125.html]
[www.ericamauter.org/index5d90.html]
[www.ericamauter.org/index5d90.html]
[www.ericamauter.org/indexb72d.html]
[www.ericamauter.org/events/2017-02-21/index1125.html]
[www.ericamauter.org/indexc18e.html]
[www.ericamauter.org/events/2017-03-11/index.html]
[www.ericamauter.org/events/2017-03-11/index.html]
[www.ericamauter.org/indexcc49.html]
[www.ericamauter.org/index40b9.html]
[www.ericamauter.org/indexb72d.html]
[www.ericamauter.org/events/2017-02-22/index.html]
[www.ericamauter.org/indexf971.html]
[www.ericamauter.org/index40b9.html]
[www.ericamauter.org/events/2017-02-22/index.html]
[www.ericamauter.org/indexd404.html]
[www.ericamauter.org/indexd404.html]
[www.ericamauter.org/events/2017-03-11/index1125.html]
[www.ericamauter.org/index99b9.html]
[www.ericamauter.org/events/2017-03-10/index.html]
[www.ericamauter.org/index99b9.html]
[www.ericamauter.org/indexdd99.html]
[www.ericamauter.org/events/2017-03-10/index.html]
[www.ericamauter.org/events/2017-02-22/index1125.html]
[www.ericamauter.org/index87f8.html]
[www.ericamauter.org/index68bb.html]
[www.ericamauter.org/index68bb.html]
[www.ericamauter.org/events/2017-02-23/index.html]
[www.ericamauter.org/index87f8.html]
[www.ericamauter.org/events/2017-03-10/index1125.html]
[www.ericamauter.org/index4d78.html]
[www.ericamauter.org/events/2017-02-23/index.html]
[www.ericamauter.org/index88bc.html]
[www.ericamauter.org/index7822.html]
[www.ericamauter.org/index1f2f.html]
[www.ericamauter.org/index7822.html]
[www.ericamauter.org/index2e86.html]
[www.ericamauter.org/index88bc.html]
[www.ericamauter.org/events/2017-02-23/index1125.html]
[www.ericamauter.org/events/2017-03-09/index.html]
[www.ericamauter.org/events/2017-03-09/index.html]
[www.ericamauter.org/index1f2f.html]
[www.ericamauter.org/index73bc.html]
[www.ericamauter.org/index57f3.html]
[www.ericamauter.org/index73bc.html]
[www.ericamauter.org/events/2017-02-24/index.html]
[www.ericamauter.org/events/2017-02-24/index.html]
[www.ericamauter.org/indexb64f.html]
[www.ericamauter.org/indexb64f.html]
[www.ericamauter.org/index6879.html]
[www.ericamauter.org/events/2017-03-09/index1125.html]
[www.ericamauter.org/events/2017-03-08/index.html]
[www.ericamauter.org/indexf262.html]
[www.ericamauter.org/index6879.html]
[www.ericamauter.org/events/2017-02-24/index1125.html]
[www.ericamauter.org/indexf947.html]
[www.ericamauter.org/events/2017-03-08/index.html]
[www.ericamauter.org/indexf947.html]
[www.ericamauter.org/indexc3b8.html]
[www.ericamauter.org/index2a66.html]
[www.ericamauter.org/indexc3b8.html]
[www.ericamauter.org/events/2017-02-25/index.html]
[www.ericamauter.org/events/2017-02-25/index.html]
[www.ericamauter.org/index6f27.html]
[www.ericamauter.org/index6f27.html]
[www.ericamauter.org/events/2017-03-08/index1125.html]
[www.ericamauter.org/index2785.html]
[www.ericamauter.org/index6a61.html]
[www.ericamauter.org/index2785.html]
[www.ericamauter.org/events/2017-03-07/index.html]
[www.ericamauter.org/events/2017-03-07/index.html]
[www.ericamauter.org/events/2017-02-25/index1125.html]
[www.ericamauter.org/indexc9ab.html]
[www.ericamauter.org/index3342.html]
[www.ericamauter.org/index3342.html]
[www.ericamauter.org/events/2017-02-26/index.html]
[www.ericamauter.org/indexc9ab.html]
[www.ericamauter.org/events/2017-03-07/index1125.html]
[www.ericamauter.org/index99b3.html]
[www.ericamauter.org/index7c24.html]
[www.ericamauter.org/events/2017-02-26/index.html]
[www.ericamauter.org/index847b.html]
[www.ericamauter.org/events/2017-02-26/index1125.html]
[www.ericamauter.org/index53ef.html]
[www.ericamauter.org/index847b.html]
[www.ericamauter.org/index2854.html]
[www.ericamauter.org/index99b3.html]
[www.ericamauter.org/events/2017-03-06/index.html]
[www.ericamauter.org/events/2017-03-06/index.html]
[www.ericamauter.org/indexebc1.html]
[www.ericamauter.org/index53ef.html]
[www.ericamauter.org/indexc2ce.html]
[www.ericamauter.org/indexebc1.html]
[www.ericamauter.org/index274b.html]
[www.ericamauter.org/events/2017-02-27/index.html]
[www.ericamauter.org/events/2017-02-27/index.html]
[www.ericamauter.org/events/2017-03-06/index1125.html]
[www.ericamauter.org/index1658.html]
[www.ericamauter.org/index274b.html]
[www.ericamauter.org/index0cdc.html]
[www.ericamauter.org/index1658.html]
[www.ericamauter.org/events/2017-03-05/index.html]
[www.ericamauter.org/events/2017-03-05/index.html]
[www.ericamauter.org/events/2017-02-27/index1125.html]
[www.ericamauter.org/index6c52.html]
[www.ericamauter.org/indexa563.html]
[www.ericamauter.org/indexa563.html]
[www.ericamauter.org/events/2017-02-28/index.html]
[www.ericamauter.org/index7281.html]
[www.ericamauter.org/index6c52.html]
[www.ericamauter.org/events/2017-03-05/index1125.html]
[www.ericamauter.org/index6034.html]
[www.ericamauter.org/events/2017-02-28/index.html]
[www.ericamauter.org/index7281.html]
[www.ericamauter.org/indexde1a.html]
[www.ericamauter.org/indexde1a.html]
[www.ericamauter.org/events/2017-03-04/index.html]
[www.ericamauter.org/events/2017-03-04/index.html]
[www.ericamauter.org/indexb56f.html]
[www.ericamauter.org/index6061.html]
[www.ericamauter.org/events/2017-02-28/index1125.html]
[www.ericamauter.org/index83ee.html]
[www.ericamauter.org/events/2017-03-01/index.html]
