[www.ericamauter.org/index.html]
[www.ericamauter.org/wp-content/cache/minify/53431.css]
[www.ericamauter.org/xmlrpc.1.delayed]
[backblue.gif]
[fade.gif]
[index.html]
[www.ericamauter.org/wp-content/cache/minify/df983.js]
[www.ericamauter.org/xmlrpc0db0.php]
[www.ericamauter.org/wp-includes/wlwmanifest.xml]
[www.ericamauter.org/events/indexedf3.html]
[www.ericamauter.org/feed/index.html]
[www.ericamauter.org/comments/feed/index.html]
[www.ericamauter.org/wp-json/oembed/1.0/embedcc31.json]
[www.ericamauter.org/wp-json/index.html]
[www.ericamauter.org/wp-json/oembed/1.0/embed8cd3]
[www.ericamauter.org/wp-content/uploads/2016/12/Just-E.png]
[www.ericamauter.org/staging/1949/wp-content/uploads/2016/12/Mauter-Logo-Launch-transparent.png]
[www.ericamauter.org/indexa86b.html]
[www.ericamauter.org/meet-erica.9.delayed]
[www.ericamauter.org/index135b.html]
[www.ericamauter.org/wp-content/uploads/2016/12/Mauter-Logo-Launch.png]
[www.ericamauter.org/meet-erica/index.html]
[www.ericamauter.org/wp-content/uploads/2016/12/IMG_2008.jpg]
[www.ericamauter.org/issues/index.html]
[www.ericamauter.org/volunteer/index.html]
[www.ericamauter.org/wp-content/cache/minify/aac1d.js]
[www.ericamauter.org/wp-content/cache/minify/1d222.js]
[www.ericamauter.org/wp-content/cache/minify/8ee3e.js]
[www.ericamauter.org/wp-content/cache/minify/2b8ee.js]
[www.ericamauter.org/index.html]
[www.ericamauter.org/wp-content/cache/minify/1c99f.js]
[www.ericamauter.org/wp-content/cache/minify/eb4b8.js]
[www.ericamauter.org/wp-content/plugins/formidable/images/ajax_loader.gif]
[www.ericamauter.org/caucus-information/index.html]
[www.ericamauter.org/wp-content/plugins/formidable/pro/images/chosen-sprite.png]
[www.ericamauter.org/donate/index.html]
[www.ericamauter.org/wp-content/plugins/formidable/fonts/s11-fp.eot]
[www.ericamauter.org/southwest-journal-erica-mauter-joins-ward-11-race/index.html]
[www.ericamauter.org/author/elmautergmail-com/index.html]
[www.ericamauter.org/wp-content/plugins/formidable/fonts/s11-fp.woff]
[www.ericamauter.org/erica-mauter-announces-campaign-for-ward-11-city-council/index.html]
[www.ericamauter.org/wp-content/plugins/formidable/fonts/s11-fp.svg]
[www.ericamauter.org/wp-content/plugins/formidable/fonts/s11-fp.ttf]
[www.ericamauter.org/wp-content/plugins/formidable/pro/images/chosen-sprite2x.png]
[www.ericamauter.org/wp-content/plugins/monarch/css/fonts/monarch.eot]
[www.ericamauter.org/author/campaignteam/index.html]
[www.ericamauter.org/wp-content/plugins/monarch/css/fonts/monarchd41d.eot]
[www.ericamauter.org/wp-content/plugins/monarch/css/fonts/monarch.ttf]
[www.ericamauter.org/wp-content/plugins/monarch/css/fonts/monarch.woff]
[www.ericamauter.org/wp-content/plugins/monarch/css/fonts/monarch.svg]
[www.ericamauter.org/wp-content/themes/Divi/core/admin/fonts/modules.eot]
[www.ericamauter.org/event/kick-off-party-for-erica-mauter-for-ward-11/index.html]
[www.ericamauter.org/event/precinct-caucuses/index.html]
[www.ericamauter.org/event/ward-11-convention/index.html]
[www.ericamauter.org/wp-content/themes/Divi/core/admin/fonts/modulesd41d.eot]
[www.ericamauter.org/wp-content/themes/Divi/core/admin/fonts/modules.ttf]
[www.ericamauter.org/wp-content/themes/Divi/core/admin/fonts/modules.woff]
[www.ericamauter.org/wp-content/themes/Divi/includes/builder/styles/images/subscribe-loader.gif]
[www.ericamauter.org/wp-content/themes/Divi/includes/builder/styles/images/preloader.gif]
[www.ericamauter.org/wp-content/themes/Divi/core/admin/fonts/modules.svg]
[www.ericamauter.org/wp-content/themes/Divi/epanel/shortcodes/images/shortcodes-sprite.png]
[www.ericamauter.org/wp-content/plugins/jetpack/modules/carousel/images/arrows.png]
[www.ericamauter.org/wp-content/plugins/jetpack/modules/carousel/images/arrows-2x.png]
[www.ericamauter.org/wp-content/plugins/jetpack/modules/carousel/images/carousel-spritee4da.png]
[www.ericamauter.org/wp-content/plugins/jetpack/modules/carousel/images/carousel-sprite-2xe4da.png]
[www.ericamauter.org/wp-content/plugins/jetpack/modules/shortcodes/img/slideshow-controls.png]
[www.ericamauter.org/wp-content/plugins/jetpack/modules/shortcodes/img/slideshow-controls-2x.png]
[www.ericamauter.org/wp-content/plugins/jetpack/modules/shortcodes/images/slide-nav.png]
[www.ericamauter.org/wp-content/plugins/jetpack/modules/shortcodes/images/expand.png]
[www.ericamauter.org/wp-content/plugins/jetpack/modules/shortcodes/images/collapse.png]
[www.ericamauter.org/wp-content/plugins/bloom/css/fonts/ET-Bloombb91.eot]
[www.ericamauter.org/wp-content/plugins/bloom/css/fonts/ET-Bloomd41d.eot]
[www.ericamauter.org/wp-content/plugins/bloom/css/fonts/ET-Bloombb91.woff]
[www.ericamauter.org/wp-content/plugins/bloom/css/fonts/ET-Bloombb91.ttf]
[www.ericamauter.org/wp-content/plugins/bloom/css/fonts/ET-Bloombb91.svg]
[www.ericamauter.org/wp-content/plugins/bloom/images/subscribe-loader.gif]
[www.ericamauter.org/wp-content/plugins/bloom/images/checked.png]
[www.ericamauter.org/wp-content/plugins/bloom/images/checked_light.png]
[www.ericamauter.org/wp-content/cache/minify/53431.css]
[www.ericamauter.org/xmlrpc.php]
[www.ericamauter.org/wp-content/cache/minify/df983.js]
[www.ericamauter.org/index135b.html]
[www.ericamauter.org/indexa86b.html]
[www.ericamauter.org/wp-content/cache/minify/91eae.css]
[www.ericamauter.org/indexc56a.html]
[www.ericamauter.org/wp-json/oembed/1.0/embedd01f.json]
[www.ericamauter.org/wp-json/oembed/1.0/embedfeee]
[www.ericamauter.org/meet-erica/index.html]
[www.ericamauter.org/wp-content/cache/minify/aba89.js]
[www.ericamauter.org/wp-json/oembed/1.0/embed53f1.json]
[www.ericamauter.org/index3617.html]
[www.ericamauter.org/issues/index.html]
[www.ericamauter.org/wp-json/oembed/1.0/embed3cf9]
[www.ericamauter.org/indexb9e5.html]
[www.ericamauter.org/wp-json/oembed/1.0/embedc37c.json]
[www.ericamauter.org/wp-json/oembed/1.0/embedcb17]
[www.ericamauter.org/volunteer/index.html]
[www.ericamauter.org/wp-content/cache/minify/1edc0.js]
[www.ericamauter.org/index1697.html]
[www.ericamauter.org/wp-json/oembed/1.0/embedb223.json]
[www.ericamauter.org/caucus-information/index.html]
[www.ericamauter.org/wp-json/oembed/1.0/embed105f]
[www.ericamauter.org/indexf98d.html]
[www.ericamauter.org/wp-json/oembed/1.0/embed88c8.json]
[www.ericamauter.org/wp-json/oembed/1.0/embedf16c]
[www.ericamauter.org/donate/index.html]
[www.ericamauter.org/wp-content/cache/minify/bee3c.js]
[www.ericamauter.org/wp-content/cache/minify/161ef.js]
[www.ericamauter.org/indexb26f.html]
[www.ericamauter.org/wp-content/cache/minify/c8ff4.css]
[www.ericamauter.org/wp-json/oembed/1.0/embede1d3.json]
[www.ericamauter.org/southwest-journal-erica-mauter-joins-ward-11-race/feed/index.html]
[www.ericamauter.org/wp-json/oembed/1.0/embedec96]
[www.ericamauter.org/wp-content/cache/minify/86089.js]
[www.ericamauter.org/southwest-journal-erica-mauter-joins-ward-11-race/index.html]
[www.ericamauter.org/author/elmautergmail-com/index.html]
[www.ericamauter.org/wp-content/cache/minify/c3887.js]
[www.ericamauter.org/wp-json/oembed/1.0/embed878e.json]
[www.ericamauter.org/index869c.html]
[www.ericamauter.org/author/elmautergmail-com/feed/index.html]
[www.ericamauter.org/category/in-the-news/index.html]
[www.ericamauter.org/erica-mauter-announces-campaign-for-ward-11-city-council/index.html]
[www.ericamauter.org/index879a.html]
[www.ericamauter.org/author/campaignteam/index.html]
[www.ericamauter.org/wp-json/oembed/1.0/embed0d00]
[www.ericamauter.org/erica-mauter-announces-campaign-for-ward-11-city-council/feed/index.html]
[www.ericamauter.org/index576e.html]
[www.ericamauter.org/wp-content/cache/minify/18f92.js]
[www.ericamauter.org/wp-content/cache/minify/85f1c.js]
[www.ericamauter.org/category/press-release/index.html]
[www.ericamauter.org/author/campaignteam/feed/index.html]
[www.ericamauter.org/indexd816.html]
[www.ericamauter.org/wp-json/oembed/1.0/embed6687.json]
[www.ericamauter.org/wp-content/cache/minify/17e22.css]
[www.ericamauter.org/event/kick-off-party-for-erica-mauter-for-ward-11/feed/index.html]
[www.ericamauter.org/event/kick-off-party-for-erica-mauter-for-ward-11/index.html]
[www.ericamauter.org/wp-json/oembed/1.0/embed6d40]
[www.ericamauter.org/index6cf4.html]
[www.ericamauter.org/wp-json/oembed/1.0/embede657.json]
[www.ericamauter.org/events/index.html]
[www.ericamauter.org/event/precinct-caucuses/index.html]
[www.ericamauter.org/wp-json/oembed/1.0/embed19e1]
[www.ericamauter.org/event/precinct-caucuses/feed/index.html]
[www.ericamauter.org/indexbc31.html]
[www.ericamauter.org/wp-json/oembed/1.0/embede1c6.json]
[www.ericamauter.org/event/ward-11-convention/feed/index.html]
[www.ericamauter.org/event/ward-11-convention/index.html]
[www.ericamauter.org/wp-content/cache/minify/aac1d.js]
[www.ericamauter.org/wp-content/cache/minify/1d222.js]
[www.ericamauter.org/wp-content/cache/minify/8ee3e.js]
[www.ericamauter.org/wp-content/cache/minify/2b8ee.js]
[www.ericamauter.org/wp-content/cache/minify/eb4b8.js]
[www.ericamauter.org/wp-content/cache/minify/1c99f.js]
[www.ericamauter.org/wp-content/plugins/formidable/fonts/s11-fp.svg]
[www.ericamauter.org/wp-content/plugins/monarch/css/fonts/monarch.svg]
[www.ericamauter.org/wp-content/themes/Divi/core/admin/fonts/modules.svg]
[www.ericamauter.org/wp-content/plugins/bloom/css/fonts/ET-Bloombb91.svg]
[www.ericamauter.org/indexc56a.html]
[www.ericamauter.org/wp-json/oembed/1.0/embedc927]
[www.ericamauter.org/wp-content/cache/minify/91eae.css]
[www.ericamauter.org/index3617.html]
[www.ericamauter.org/index06d9.html]
[www.ericamauter.org/wp-content/cache/minify/aba89.js]
[www.ericamauter.org/indexb9e5.html]
[www.ericamauter.org/indexc3df.html]
[www.ericamauter.org/index1697.html]
[www.ericamauter.org/index21b6.html]
[www.ericamauter.org/wp-content/cache/minify/1edc0.js]
[www.ericamauter.org/indexf98d.html]
[www.ericamauter.org/index64c8.html]
[www.ericamauter.org/indexb26f.html]
[www.ericamauter.org/index1691.html]
[www.ericamauter.org/wp-content/cache/minify/bee3c.js]
[www.ericamauter.org/indexdac1.html]
[www.ericamauter.org/wp-content/plugins/jetpack/_inc/social-logos/social-logos6de4.eot]
[www.ericamauter.org/wp-content/plugins/jetpack/_inc/social-logos/social-logosd41d.eot]
[www.ericamauter.org/wp-content/cache/minify/c8ff4.css]
[www.ericamauter.org/wp-content/cache/minify/161ef.js]
[www.ericamauter.org/index869c.html]
[www.ericamauter.org/category/in-the-news/index.html]
[www.ericamauter.org/wp-content/plugins/jetpack/_inc/social-logos/social-logos6de4.ttf]
[www.ericamauter.org/wp-content/cache/minify/86089.js]
[www.ericamauter.org/indexe264.html]
[www.ericamauter.org/wp-content/cache/minify/c3887.js]
[www.ericamauter.org/index879a.html]
[www.ericamauter.org/index2d3c.html]
[www.ericamauter.org/index576e.html]
[www.ericamauter.org/indexed84.html]
[www.ericamauter.org/category/press-release/index.html]
[www.ericamauter.org/indexc019.html]
[www.ericamauter.org/category/in-the-news/feed/index.html]
[www.ericamauter.org/indexd816.html]
[www.ericamauter.org/indexbfd5.html]
[www.ericamauter.org/index2822.html]
[www.ericamauter.org/wp-content/plugins/the-events-calendar/vendor/jquery/smoothness/images/ui-bg_flat_75_ffffff_40x100.png]
[www.ericamauter.org/category/press-release/feed/index.html]
[www.ericamauter.org/wp-content/plugins/the-events-calendar/vendor/jquery/smoothness/images/ui-bg_highlight-soft_75_cccccc_1x100.png]
[www.ericamauter.org/wp-content/plugins/the-events-calendar/vendor/jquery/smoothness/images/ui-bg_glass_75_e6e6e6_1x400.png]
[www.ericamauter.org/wp-content/plugins/the-events-calendar/vendor/jquery/smoothness/images/ui-bg_glass_75_dadada_1x400.png]
[www.ericamauter.org/index61c7.html]
[www.ericamauter.org/wp-content/plugins/the-events-calendar/vendor/jquery/smoothness/images/ui-bg_glass_65_ffffff_1x400.png]
[www.ericamauter.org/wp-content/plugins/the-events-calendar/vendor/jquery/smoothness/images/ui-bg_glass_55_fbf9ee_1x400.png]
[www.ericamauter.org/wp-content/plugins/the-events-calendar/vendor/jquery/smoothness/images/ui-bg_glass_95_fef1ec_1x400.png]
[www.ericamauter.org/wp-content/plugins/the-events-calendar/vendor/jquery/smoothness/images/ui-icons_222222_256x240.png]
[www.ericamauter.org/wp-content/plugins/the-events-calendar/vendor/jquery/smoothness/images/ui-icons_888888_256x240.png]
[www.ericamauter.org/wp-content/plugins/the-events-calendar/vendor/jquery/smoothness/images/ui-icons_454545_256x240.png]
[www.ericamauter.org/wp-content/plugins/the-events-calendar/vendor/jquery/smoothness/images/ui-icons_2e83ff_256x240.png]
[www.ericamauter.org/wp-content/plugins/the-events-calendar/vendor/jquery/smoothness/images/ui-icons_cd0a0a_256x240.png]
[www.ericamauter.org/wp-content/plugins/the-events-calendar/vendor/jquery/smoothness/images/ui-bg_flat_0_aaaaaa_40x100.png]
[www.ericamauter.org/wp-content/plugins/the-events-calendar/src/resources/images/tribe-tooltips.png]
[www.ericamauter.org/wp-content/plugins/the-events-calendar/src/resources/images/events-bar/icon-month.png]
[www.ericamauter.org/wp-content/plugins/the-events-calendar/src/resources/images/events-bar/icon-list.png]
[www.ericamauter.org/wp-content/plugins/the-events-calendar/src/resources/images/events-bar/icon-week.png]
[www.ericamauter.org/wp-content/plugins/the-events-calendar/src/resources/images/events-bar/icon-day.png]
[www.ericamauter.org/wp-content/plugins/the-events-calendar/src/resources/images/events-bar/icon-photo.png]
[www.ericamauter.org/wp-content/plugins/the-events-calendar/src/resources/images/events-bar/icon-map.png]
[www.ericamauter.org/wp-content/plugins/the-events-calendar/src/resources/images/tribe-tooltips@2x.png]
[www.ericamauter.org/wp-content/plugins/the-events-calendar/src/resources/images/events-bar/icon-search@2x.png]
[www.ericamauter.org/wp-content/plugins/the-events-calendar/src/resources/images/events-bar/icon-gear@2x.png]
[www.ericamauter.org/wp-content/plugins/the-events-calendar/common/vendor/select2/select2x2.png]
[www.ericamauter.org/wp-content/plugins/the-events-calendar/src/resources/images/events-bar/icon-month@2x.png]
[www.ericamauter.org/wp-content/plugins/the-events-calendar/src/resources/images/events-bar/icon-list@2x.png]
[www.ericamauter.org/wp-content/plugins/the-events-calendar/src/resources/images/events-bar/icon-week@2x.png]
[www.ericamauter.org/wp-content/plugins/the-events-calendar/src/resources/images/events-bar/icon-day@2x.png]
[www.ericamauter.org/wp-content/plugins/the-events-calendar/src/resources/images/events-bar/icon-photo@2x.png]
[www.ericamauter.org/wp-content/plugins/the-events-calendar/src/resources/images/events-bar/icon-map@2x.png]
[www.ericamauter.org/wp-content/cache/minify/17e22.css]
[www.ericamauter.org/wp-content/cache/minify/18f92.js]
[www.ericamauter.org/wp-content/cache/minify/85f1c.js]
[www.ericamauter.org/index6cf4.html]
[www.ericamauter.org/indexe36e.html]
[www.ericamauter.org/wp-content/cache/minify/e8551.css]
[www.ericamauter.org/wp-content/cache/minify/3eeb5.js]
[www.ericamauter.org/wp-content/cache/minify/04383.js]
[www.ericamauter.org/events/index.html]
[www.ericamauter.org/event/kick-off-party-for-erica-mauter-for-ward-11/indexedf3.html]
[www.ericamauter.org/wp-content/cache/minify/0c237.js]
[www.ericamauter.org/indexbc31.html]
[www.ericamauter.org/events/feed/index.html]
[www.ericamauter.org/index9bbe.html]
[www.ericamauter.org/event/precinct-caucuses/indexedf3.html]
[www.ericamauter.org/index06d9.html]
[www.ericamauter.org/events/month/index.html]
[www.ericamauter.org/event/ward-11-convention/indexedf3.html]
[www.ericamauter.org/events/2017-02/index.html]
[www.ericamauter.org/index21b6.html]
[www.ericamauter.org/index9cfa.html]
[www.ericamauter.org/indexa867.html]
[www.ericamauter.org/index1691.html]
[www.ericamauter.org/indexdac1.html]
[www.ericamauter.org/indexe56e.html]
[www.ericamauter.org/index64c8.html]
[www.ericamauter.org/events/2017-01-26/index.html]
[www.ericamauter.org/indexe264.html]
[www.ericamauter.org/index2290.html]
[www.ericamauter.org/index2d3c.html]
[www.ericamauter.org/indexd3da.html]
[www.ericamauter.org/indexed84.html]
[www.ericamauter.org/indexbe45.html]
[www.ericamauter.org/indexc019.html]
[www.ericamauter.org/indexc446.html]
[www.ericamauter.org/indexbfd5.html]
[www.ericamauter.org/index15a5.html]
[www.ericamauter.org/index2822.html]
[www.ericamauter.org/index99e4.html]
[www.ericamauter.org/index61c7.html]
[www.ericamauter.org/indexdd69.html]
[www.ericamauter.org/indexe36e.html]
[www.ericamauter.org/index1ece.html]
[www.ericamauter.org/wp-content/cache/minify/e8551.css]
[www.ericamauter.org/wp-content/cache/minify/3eeb5.js]
[www.ericamauter.org/index7b66.html]
[www.ericamauter.org/events/TEC Debug_ vendor bootstrapDatepicker was not loaded before its dependant file tribe-events-bar.js]
[www.ericamauter.org/index8eaf.html]
[www.ericamauter.org/indexf8b3.html]
[www.ericamauter.org/events/TEC Debug_ vendor placeholder was not loaded before its dependant file tribe-events-bar.js]
[www.ericamauter.org/wp-content/cache/minify/04383.js]
[www.ericamauter.org/index9bbe.html]
[www.ericamauter.org/events/month/index.html]
[www.ericamauter.org/events/2017-02/index.html]
[www.ericamauter.org/index3456.html]
[www.ericamauter.org/index36c8.html]
[www.ericamauter.org/indexcc0c.html]
[www.ericamauter.org/events/2017-01/index.html]
[www.ericamauter.org/wp-content/cache/minify/3f354.js]
[www.ericamauter.org/events/2017-03/index.html]
[www.ericamauter.org/wp-content/cache/minify/9fac3.js]
[www.ericamauter.org/events/2017-01-26/index1125.html]
[www.ericamauter.org/events/2017-01-26/index.html]
[www.ericamauter.org/wp-content/cache/minify/0c237.js]
[www.ericamauter.org/indexa867.html]
[www.ericamauter.org/wp-content/cache/minify/07782.js]
[www.ericamauter.org/index9cfa.html]
[www.ericamauter.org/indexda1d.html]
[www.ericamauter.org/index1ece.html]
[www.ericamauter.org/index7e68.html]
[www.ericamauter.org/index7b66.html]
[www.ericamauter.org/indexf899.html]
[www.ericamauter.org/events/2017-01-27/index.html]
[www.ericamauter.org/events/TEC Debug_ vendor bootstrapDatepicker was not loaded before its dependant file tribe-events-bar.html]
[www.ericamauter.org/events/TEC Debug_ vendor placeholder was not loaded before its dependant file tribe-events-bar.html]
[www.ericamauter.org/indexcc0c.html]
[www.ericamauter.org/index3456.html]
[www.ericamauter.org/index0114.html]
[www.ericamauter.org/index36c8.html]
[www.ericamauter.org/index4b63.html]
[www.ericamauter.org/events/2017-01/index.html]
[www.ericamauter.org/indexe918.html]
[www.ericamauter.org/events/2017-03/index.html]
[www.ericamauter.org/index5f9b.html]
[www.ericamauter.org/wp-content/cache/minify/3f354.js]
[www.ericamauter.org/indexc184.html]
[www.ericamauter.org/wp-content/cache/minify/9fac3.js]
[www.ericamauter.org/indexda1d.html]
[www.ericamauter.org/index037d.html]
[www.ericamauter.org/index64bf.html]
[www.ericamauter.org/events/2017-01-27/index.html]
[www.ericamauter.org/wp-content/cache/minify/07782.js]
[www.ericamauter.org/events/2017-04/index.html]
[www.ericamauter.org/indexe918.html]
[www.ericamauter.org/index6f3a.html]
[www.ericamauter.org/indexc752.html]
[www.ericamauter.org/indexc184.html]
[www.ericamauter.org/index64bf.html]
[www.ericamauter.org/events/2017-01-27/index1125.html]
[www.ericamauter.org/index037d.html]
[www.ericamauter.org/indexfb55.html]
[www.ericamauter.org/events/2017-04/index.html]
[www.ericamauter.org/events/2017-01-28/index.html]
[www.ericamauter.org/indexc752.html]
[www.ericamauter.org/indexa286.html]
[www.ericamauter.org/index6f3a.html]
[www.ericamauter.org/index260d.html]
[www.ericamauter.org/events/2017-01-28/index.html]
[www.ericamauter.org/indexffd5.html]
[www.ericamauter.org/index260d.html]
[www.ericamauter.org/indexf31f.html]
[www.ericamauter.org/indexf31f.html]
[www.ericamauter.org/events/2017-04-29/index.html]
[www.ericamauter.org/indexffd5.html]
[www.ericamauter.org/events/2017-04-04/index.html]
[www.ericamauter.org/events/2017-04-04/index.html]
[www.ericamauter.org/indexe1a6.html]
[www.ericamauter.org/events/2017-04-29/index.html]
[www.ericamauter.org/indexd7b6.html]
[www.ericamauter.org/events/2017-01-28/index1125.html]
[www.ericamauter.org/index35e7.html]
[www.ericamauter.org/indexe1a6.html]
[www.ericamauter.org/events/2017-01-29/index.html]
[www.ericamauter.org/index35e7.html]
[www.ericamauter.org/index0f93.html]
[www.ericamauter.org/events/2017-01-29/index.html]
[www.ericamauter.org/index8165.html]
[www.ericamauter.org/events/2017-04-04/index1125.html]
[www.ericamauter.org/indexf914.html]
[www.ericamauter.org/index8165.html]
[www.ericamauter.org/index6628.html]
[www.ericamauter.org/events/2017-04-03/index.html]
[www.ericamauter.org/index6628.html]
[www.ericamauter.org/events/2017-04-29/index1125.html]
[www.ericamauter.org/index0d3c.html]
[www.ericamauter.org/events/2017-04-03/index.html]
[www.ericamauter.org/events/2017-04-05/index.html]
[www.ericamauter.org/events/2017-04-05/index.html]
[www.ericamauter.org/events/2017-04-28/index.html]
[www.ericamauter.org/index0d3c.html]
[www.ericamauter.org/index8873.html]
[www.ericamauter.org/events/2017-01-29/index1125.html]
[www.ericamauter.org/events/2017-04-28/index.html]
[www.ericamauter.org/index8c0d.html]
[www.ericamauter.org/index343e.html]
[www.ericamauter.org/index8873.html]
[www.ericamauter.org/events/2017-01-30/index.html]
[www.ericamauter.org/index8c0d.html]
[www.ericamauter.org/events/2017-04-03/index1125.html]
[www.ericamauter.org/indexdccf.html]
[www.ericamauter.org/events/2017-01-30/index.html]
[www.ericamauter.org/index6762.html]
[www.ericamauter.org/indexdccf.html]
[www.ericamauter.org/indexcebd.html]
[www.ericamauter.org/indexcebd.html]
[www.ericamauter.org/events/2017-04-05/index1125.html]
[www.ericamauter.org/indexf17b.html]
[www.ericamauter.org/events/2017-04-02/index.html]
[www.ericamauter.org/events/2017-04-02/index.html]
[www.ericamauter.org/events/2017-04-06/index.html]
[www.ericamauter.org/indexf17b.html]
[www.ericamauter.org/events/2017-04-28/index1125.html]
[www.ericamauter.org/index33fc.html]
[www.ericamauter.org/events/2017-04-06/index.html]
[www.ericamauter.org/index4149.html]
[www.ericamauter.org/index4149.html]
[www.ericamauter.org/events/2017-04-27/index.html]
[www.ericamauter.org/index33fc.html]
[www.ericamauter.org/events/2017-01-30/index1125.html]
[www.ericamauter.org/indexa407.html]
[www.ericamauter.org/events/2017-04-27/index.html]
[www.ericamauter.org/index4868.html]
[www.ericamauter.org/index73a3.html]
[www.ericamauter.org/index73a3.html]
[www.ericamauter.org/index074a.html]
[www.ericamauter.org/indexa407.html]
[www.ericamauter.org/events/2017-04-02/index1125.html]
[www.ericamauter.org/events/2017-01-31/index.html]
[www.ericamauter.org/events/2017-01-31/index.html]
[www.ericamauter.org/index1985.html]
[www.ericamauter.org/index1985.html]
[www.ericamauter.org/index658a.html]
[www.ericamauter.org/index658a.html]
[www.ericamauter.org/events/2017-04-06/index1125.html]
[www.ericamauter.org/index98d4.html]
[www.ericamauter.org/index828c.html]
[www.ericamauter.org/events/2017-04-01/index.html]
[www.ericamauter.org/events/2017-04-01/index.html]
[www.ericamauter.org/index828c.html]
[www.ericamauter.org/index9d4f.html]
[www.ericamauter.org/events/2017-04-27/index1125.html]
[www.ericamauter.org/events/2017-04-07/index.html]
[www.ericamauter.org/index98d4.html]
[www.ericamauter.org/index8746.html]
[www.ericamauter.org/events/2017-04-07/index.html]
[www.ericamauter.org/index8746.html]
[www.ericamauter.org/index361e.html]
[www.ericamauter.org/index361e.html]
[www.ericamauter.org/events/2017-04-26/index.html]
[www.ericamauter.org/events/2017-04-26/index.html]
[www.ericamauter.org/indexd828.html]
[www.ericamauter.org/indexb8e5.html]
[www.ericamauter.org/indexb8e5.html]
[www.ericamauter.org/events/2017-01-31/index1125.html]
[www.ericamauter.org/index39bc.html]
[www.ericamauter.org/index227d.html]
[www.ericamauter.org/index39bc.html]
[www.ericamauter.org/events/2017-02-01/index.html]
[www.ericamauter.org/events/2017-02-01/index.html]
[www.ericamauter.org/index1096.html]
[www.ericamauter.org/events/2017-04-01/index1125.html]
[www.ericamauter.org/index1096.html]
[www.ericamauter.org/index7b08.html]
[www.ericamauter.org/indexcaec.html]
[www.ericamauter.org/events/2017-03-31/index.html]
[www.ericamauter.org/index7b08.html]
[www.ericamauter.org/events/2017-04-07/index1125.html]
[www.ericamauter.org/indexfd8a.html]
[www.ericamauter.org/events/2017-03-31/index.html]
[www.ericamauter.org/indexfd8a.html]
[www.ericamauter.org/index0a0b.html]
[www.ericamauter.org/index0a0b.html]
[www.ericamauter.org/events/2017-04-08/index.html]
[www.ericamauter.org/events/2017-04-08/index.html]
[www.ericamauter.org/indexb678.html]
[www.ericamauter.org/index256b.html]
[www.ericamauter.org/index256b.html]
[www.ericamauter.org/indexa579.html]
[www.ericamauter.org/events/2017-04-26/index1125.html]
[www.ericamauter.org/index173a.html]
[www.ericamauter.org/indexa579.html]
[www.ericamauter.org/indexcb4d.html]
[www.ericamauter.org/events/2017-02-01/index1125.html]
[www.ericamauter.org/indexa3de.html]
[www.ericamauter.org/events/2017-04-25/index.html]
[www.ericamauter.org/events/2017-04-25/index.html]
[www.ericamauter.org/indexcb4d.html]
[www.ericamauter.org/indexc0fa.html]
[www.ericamauter.org/indexa3de.html]
[www.ericamauter.org/events/2017-02-02/index.html]
[www.ericamauter.org/events/2017-03-31/index1125.html]
[www.ericamauter.org/events/2017-02-02/index.html]
[www.ericamauter.org/index65f0.html]
[www.ericamauter.org/index65f0.html]
[www.ericamauter.org/indexc917.html]
[www.ericamauter.org/indexc917.html]
[www.ericamauter.org/events/2017-03-30/index.html]
[www.ericamauter.org/events/2017-03-30/index.html]
[www.ericamauter.org/index1ab4.html]
[www.ericamauter.org/indexaf4f.html]
[www.ericamauter.org/indexaf4f.html]
[www.ericamauter.org/events/2017-04-08/index1125.html]
[www.ericamauter.org/index94dd.html]
[www.ericamauter.org/index3292.html]
[www.ericamauter.org/index94dd.html]
[www.ericamauter.org/events/2017-04-09/index.html]
[www.ericamauter.org/events/2017-04-09/index.html]
[www.ericamauter.org/events/2017-04-25/index1125.html]
[www.ericamauter.org/index381b.html]
[www.ericamauter.org/indexd9f1.html]
[www.ericamauter.org/indexd9f1.html]
[www.ericamauter.org/index381b.html]
[www.ericamauter.org/events/2017-04-24/index.html]
[www.ericamauter.org/events/2017-04-24/index.html]
[www.ericamauter.org/index0136.html]
[www.ericamauter.org/events/2017-02-02/index1125.html]
[www.ericamauter.org/index7415.html]
[www.ericamauter.org/events/2017-02-03/index.html]
[www.ericamauter.org/index378b.html]
[www.ericamauter.org/indexa6cf.html]
[www.ericamauter.org/events/2017-03-30/index1125.html]
[www.ericamauter.org/indexd4a3.html]
[www.ericamauter.org/events/2017-03-29/index.html]
[www.ericamauter.org/index9a4a.html]
[www.ericamauter.org/index42e5.html]
[www.ericamauter.org/events/2017-04-09/index1125.html]
[www.ericamauter.org/index3208.html]
[www.ericamauter.org/events/2017-04-10/index.html]
[www.ericamauter.org/indexcb0e.html]
[www.ericamauter.org/indexda87.html]
