[betsyhodges.org/index.html]
[backblue.gif]
[fade.gif]
[index.html]
[betsyhodges.org/index.html]
[betsyhodges.org/xmlrpc.php]
[betsyhodges.org/xmlrpc.php]
[betsyhodges.org/feed/index.html]
[betsyhodges.org/events/indexedf3.html]
[betsyhodges.org/comments/feed/index.html]
[betsyhodges.org/wp-content/cache/wpfc-minified/f2d39a1fca620e07fd2cb97044b6c1b4/1483552025index.js]
[betsyhodges.org/home-2/feed/index.html]
[betsyhodges.org/wp-content/cache/wpfc-minified/40a8639b459c864efc39d91a09cc8416/1484051079index.css]
[betsyhodges.org/wp-content/cache/wpfc-minified/587a0cae35691a7bb65e95850cc1d12d/1484051079index.css]
[betsyhodges.org/2016/12/15/reelection-campaign-launch-announcement-speech/index.html]
[betsyhodges.org/wp-content/cache/wpfc-minified/659b710c1f65ad5c7a37570cce484567/1485009872index.css]
[betsyhodges.org/2017/01/02/news-release-jorge-contreras-to-manage-mayor-hodges-reelection-campaign/index.html]
[betsyhodges.org/2017/01/19/we-stand-united/index.html]
[betsyhodges.org/news/index.html]
[betsyhodges.org/wp-json/oembed/1.0/embedf005]
[betsyhodges.org/wp-json/oembed/1.0/embedb8f8.json]
[betsyhodges.org/wp-content/themes/Extra/includes/builder/scripts/frontend-builder-global-functions29f6.js]
[betsyhodges.org/wp-content/plugins/jetpack/modules/photon/photonb3d9.js]
[betsyhodges.org/wp-json/index.html]
[betsyhodges.org/wp-content/plugins/monarch/js/idle-timer.min9e1e.js]
[betsyhodges.org/2016/12/15/reelection-campaign-launch-announcement-speech/index.html]
[betsyhodges.org/wp-includes/js/imagesloaded.min55a0.js]
[betsyhodges.org/2017/01/02/news-release-jorge-contreras-to-manage-mayor-hodges-reelection-campaign/index.html]
[betsyhodges.org/wp-content/plugins/monarch/js/custom9e1e.js]
[betsyhodges.org/wp-content/themes/Extra/scripts/ext/jquery.waypoints.min29f6.js]
[betsyhodges.org/2017/01/19/we-stand-united/index.html]
[betsyhodges.org/news/index.html]
[betsyhodges.org/wp-content/themes/Extra/scripts/ext/jquery.fitvids.min29f6.js]
[betsyhodges.org/wp-includes/js/masonry.mind617.js]
[betsyhodges.org/wp-content/themes/Extra/includes/builder/scripts/jquery.fitvids29f6.js]
[betsyhodges.org/wp-content/themes/Extra/scripts/scripts.min29f6.js]
[betsyhodges.org/biography-and-results/index.html]
[betsyhodges.org/wp-content/themes/Extra/includes/builder/scripts/jquery.mobile.custom.min29f6.js]
[betsyhodges.org/wp-content/themes/Extra/includes/builder/scripts/jquery.magnific-popup29f6.js]
[betsyhodges.org/join-team-betsy/index.html]
[betsyhodges.org/wp-content/cache/wpfc-minified/411290eae2b3c0dd5d8f0383365dfc69/1485276330index.css]
[betsyhodges.org/wp-content/plugins/formcraft3/assets/js/src/fc_modal6996.js]
[betsyhodges.org/wp-content/plugins/formcraft3/assets/js/vendor/tooltip.min6996.js]
[betsyhodges.org/wp-includes/js/jquery/ui/core.mine899.js]
[betsyhodges.org/wp-includes/js/jquery/ui/widget.mine899.js]
[betsyhodges.org/wp-includes/js/jquery/ui/mouse.mine899.js]
[betsyhodges.org/wp-content/plugins/formcraft3/assets/js/form.min2c74.js]
[betsyhodges.org/biography-and-results/index.html]
[betsyhodges.org/wp-content/plugins/formcraft3/assets/js/vendor/toastr.min6996.js]
[betsyhodges.org/join-team-betsy/index.html]
[betsyhodges.org/wp-includes/js/wp-embed.min6996.js]
[betsyhodges.org/wp-content/plugins/formcraft3/assets/css/form.min2c74.css]
[betsyhodges.org/wp-content/themes/Extra/includes/builder/scripts/frontend-builder-scripts29f6.js]
[betsyhodges.org/wp-content/plugins/jetpack/_inc/jquery.spin4e44.js]
[betsyhodges.org/wp-content/plugins/jetpack/_inc/spin4e44.js]
[betsyhodges.org/wp-content/plugins/jetpack/modules/carousel/jetpack-carousel76f4.js]
[betsyhodges.org/wp-content/plugins/monarch/css/fonts/monarchd41d.eot]
[betsyhodges.org/wp-content/plugins/monarch/css/fonts/monarch.eot]
[betsyhodges.org/wp-content/plugins/monarch/css/fonts/monarch.woff]
[betsyhodges.org/wp-content/plugins/monarch/css/fonts/monarch.ttf]
[betsyhodges.org/wp-content/themes/Extra/core/admin/fonts/modules.eot]
[betsyhodges.org/wp-content/plugins/monarch/css/fonts/monarch.svg]
[betsyhodges.org/wp-content/themes/Extra/fonts/ET-Extra.eot]
[betsyhodges.org/wp-content/themes/Extra/core/admin/fonts/modulesd41d.eot]
[betsyhodges.org/wp-content/themes/Extra/fonts/ET-Extrad41d.eot]
[betsyhodges.org/2016/12/15/reelection-campaign-launch-announcement-speech/feed/index.html]
[betsyhodges.org/wp-json/oembed/1.0/embed1194]
[betsyhodges.org/wp-json/oembed/1.0/embedc7f8.json]
[betsyhodges.org/wp-content/themes/Extra/scripts/ext/jquery.raty.min29f6.js]
[betsyhodges.org/wp-includes/js/comment-reply.min6996.js]
[betsyhodges.org/category/speeches/index.html]
[betsyhodges.org/category/speeches/index.html]
[betsyhodges.org/wp-content/themes/Extra/images/post-format-thumb-text.svg]
[betsyhodges.org/wp-json/oembed/1.0/embedc54a.json]
[betsyhodges.org/2017/01/02/news-release-jorge-contreras-to-manage-mayor-hodges-reelection-campaign/feed/index.html]
[betsyhodges.org/wp-json/oembed/1.0/embed79e4]
[betsyhodges.org/category/news-releases/index.html]
[betsyhodges.org/category/news-releases/index.html]
[betsyhodges.org/2016/12/15/re-election-campaign-launch-announcement-speech/index.html]
[betsyhodges.org/2016/12/15/re-election-campaign-launch-announcement-speech/index.html]
[betsyhodges.org/wp-content/themes/Extra/includes/builder/scripts/salvattore.min29f6.js]
[betsyhodges.org/2017/01/19/we-stand-united/feed/index.html]
[betsyhodges.org/wp-includes/js/mediaelement/mediaelement-and-player.min51cd.js]
[betsyhodges.org/wp-json/oembed/1.0/embed0dd7.json]
[betsyhodges.org/wp-json/oembed/1.0/embed7aac]
[betsyhodges.org/wp-includes/js/mediaelement/wp-mediaelement.min6996.js]
[betsyhodges.org/wp-content/cache/wpfc-minified/36c330085259e1b7bca4ef2b61b377f4/1485099621index.css]
[betsyhodges.org/wp-content/cache/wpfc-minified/411290eae2b3c0dd5d8f0383365dfc69/1485276330index.css]
[betsyhodges.org/wp-json/oembed/1.0/embed12d4]
[betsyhodges.org/wp-json/oembed/1.0/embeda147.json]
[betsyhodges.org/wp-content/plugins/formcraft3/assets/images/email-icon.png]
[betsyhodges.org/wp-content/plugins/formcraft3/assets/images/star.png]
[betsyhodges.org/wp-content/plugins/formcraft3/assets/images/select-icon.png]
[betsyhodges.org/wp-includes/js/jquery/jqueryb8ff.js]
[betsyhodges.org/wp-content/plugins/formcraft3/assets/fontello/font/fc3003.eot]
[betsyhodges.org/wp-includes/js/jquery/jquery-migrate.min330a.js]
[betsyhodges.org/wp-content/plugins/formcraft3/assets/fontello/font/fc3003.woff]
[betsyhodges.org/wp-content/plugins/formcraft3/assets/fontello/font/fc3003.svg]
[betsyhodges.org/wp-content/plugins/formcraft3/assets/css/form.min2c74.css]
[betsyhodges.org/wp-content/uploads/2016/12/1392829_496507103781625_1119264327_n.png]
[betsyhodges.org/wp-content/plugins/monarch/css/style9e1e.css]
[betsyhodges.org/wp-json/oembed/1.0/embedabe7]
[betsyhodges.org/wp-json/oembed/1.0/embed9c2f.json]
[betsyhodges.org/wp-content/uploads/2016/12/hodges-transparent.png]
[betsyhodges.org/wp-content/plugins/the-events-calendar/src/resources/css/tribe-events-full.min449f.css]
[betsyhodges.org/wp-content/plugins/the-events-calendar/src/resources/css/tribe-events-full-mobile.min449f.css]
[betsyhodges.org/wp-content/themes/Extra/style6996.css]
[betsyhodges.org/wp-content/plugins/formcraft3/assets/fontello/font/fc3003.ttf]
[betsyhodges.org/wp-content/themes/betsy-hodges-for-mayor/style29f6.css]
[betsyhodges.org/wp-content/themes/Extra/epanel/shortcodes/css/shortcodes29f6.css]
[betsyhodges.org/wp-content/plugins/the-events-calendar/src/resources/images/tribe-tooltips.png]
[betsyhodges.org/wp-content/themes/Extra/includes/builder/styles/magnific_popup29f6.css]
[betsyhodges.org/wp-content/plugins/the-events-calendar/src/resources/images/events-bar/icon-list.png]
[betsyhodges.org/wp-content/plugins/jetpack/css/jetpack11b8.css]
[betsyhodges.org/wp-content/plugins/the-events-calendar/src/resources/images/events-bar/icon-week.png]
[betsyhodges.org/wp-content/plugins/the-events-calendar/src/resources/images/events-bar/icon-month.png]
[betsyhodges.org/wp-content/plugins/the-events-calendar/src/resources/images/events-bar/icon-day.png]
[betsyhodges.org/category/news-releases/feed/index.html]
[betsyhodges.org/wp-content/plugins/the-events-calendar/src/resources/images/events-bar/icon-photo.png]
[betsyhodges.org/category/speeches/feed/index.html]
[betsyhodges.org/wp-content/plugins/the-events-calendar/src/resources/images/events-bar/icon-map.png]
[betsyhodges.org/wp-includes/js/mediaelement/bigplay.svg]
[betsyhodges.org/wp-content/plugins/formcraft3/assets/fontello/font/fc3003.svg]
[betsyhodges.org/wp-content/plugins/the-events-calendar/src/resources/images/events-bar/icon-gear@2x.png]
[betsyhodges.org/wp-content/plugins/the-events-calendar/src/resources/images/tribe-tooltips@2x.png]
[betsyhodges.org/wp-content/plugins/the-events-calendar/src/resources/images/events-bar/icon-search@2x.png]
[betsyhodges.org/wp-content/plugins/the-events-calendar/common/vendor/select2/select2x2.png]
[betsyhodges.org/wp-content/plugins/the-events-calendar/src/resources/images/events-bar/icon-list@2x.png]
[betsyhodges.org/wp-content/plugins/the-events-calendar/src/resources/images/events-bar/icon-month@2x.png]
[betsyhodges.org/wp-content/plugins/the-events-calendar/src/resources/images/events-bar/icon-day@2x.png]
[betsyhodges.org/wp-content/plugins/the-events-calendar/src/resources/images/events-bar/icon-photo@2x.png]
[betsyhodges.org/wp-content/plugins/the-events-calendar/src/resources/images/events-bar/icon-map@2x.png]
[betsyhodges.org/wp-content/themes/Extra/core/admin/fonts/modules.woff]
[betsyhodges.org/wp-content/themes/Extra/core/admin/fonts/modules.ttf]
[betsyhodges.org/wp-content/themes/Extra/includes/builder/styles/images/subscribe-loader.gif]
[betsyhodges.org/wp-content/plugins/the-events-calendar/src/resources/images/events-bar/icon-week@2x.png]
[betsyhodges.org/wp-content/themes/Extra/includes/builder/styles/images/preloader.gif]
[betsyhodges.org/wp-content/themes/Extra/core/admin/fonts/modules.svg]
[betsyhodges.org/wp-content/themes/Extra/fonts/ET-Extra.ttf]
[betsyhodges.org/wp-content/themes/Extra/epanel/shortcodes/images/shortcodes-sprite.png]
[betsyhodges.org/wp-content/themes/Extra/fonts/ET-Extra.woff]
[betsyhodges.org/wp-content/themes/Extra/fonts/ET-Extra.svg]
[betsyhodges.org/wp-content/plugins/jetpack/modules/carousel/images/arrows-2x.png]
[betsyhodges.org/wp-content/plugins/jetpack/modules/carousel/images/arrows.png]
[betsyhodges.org/wp-content/plugins/jetpack/modules/carousel/images/carousel-spritee4da.png]
[betsyhodges.org/wp-content/plugins/jetpack/modules/shortcodes/img/slideshow-controls.png]
[betsyhodges.org/wp-content/plugins/jetpack/modules/carousel/images/carousel-sprite-2xe4da.png]
[betsyhodges.org/wp-content/plugins/jetpack/modules/shortcodes/images/slide-nav.png]
[betsyhodges.org/wp-content/plugins/jetpack/modules/shortcodes/img/slideshow-controls-2x.png]
[betsyhodges.org/wp-content/plugins/jetpack/modules/shortcodes/images/expand.png]
[betsyhodges.org/wp-content/plugins/jetpack/modules/shortcodes/images/collapse.png]
