[www.janneformpls.org/index.html]
[backblue.gif]
[fade.gif]
[index.html]
[www.janneformpls.org/meet_janne.html]
[www.janneformpls.org/contact_us.html]
[www.janneformpls.org/index.html]
[www.janneformpls.org/issues.html]
[www.janneformpls.org/meet_janne.html]
[www.janneformpls.org/endorsements.html]
[www.janneformpls.org/caucus_for_janne.html]
[www.janneformpls.org/events.html]
[www.janneformpls.org/volunteer.html]
[www.janneformpls.org/assets/loading.gif]
[www.janneformpls.org/contact_us.html]
[www.janneformpls.org/issues.html]
[www.janneformpls.org/volunteer.html]
[www.janneformpls.org/donate]
[www.janneformpls.org/caucus_for_janne.html]
[www.janneformpls.org/endorsements.html]
[www.janneformpls.org/events.html]
[www.janneformpls.org/login]
[www.janneformpls.org/phone_bank_20170124.html]
[www.janneformpls.org/session_pair_phase_1]
[www.janneformpls.org/coffee_caucus_17_01_26.html]
[www.janneformpls.org/meta_images/original/missing.png]
[www.janneformpls.org/phone_bank_20170126.html]
[www.janneformpls.org/phone_bank_20170131.html]
[www.janneformpls.org/coffee_caucus_20170201.html]
[www.janneformpls.org/phone_bank_20170202.html]
[www.janneformpls.org/phone_bank_20170207.html]
[www.janneformpls.org/coffee_caucus_17_02_08.html]
[www.janneformpls.org/phone_bank_20170209.html]
[www.janneformpls.org/phone_bank_20170214.html]
[www.janneformpls.org/eventsa54e.html]
[www.janneformpls.org/phone_bank_20170124.html]
[www.janneformpls.org/events9ba9.html]
[www.janneformpls.org/events4658.html]
[www.janneformpls.org/tags/phone_bank.html]
[www.janneformpls.org/coffee_caucus_17_01_26.html]
[www.janneformpls.org/tags/coffee_caucus.html]
[www.janneformpls.org/phone_bank_20170126.html]
[www.janneformpls.org/phone_bank_20170131.html]
[www.janneformpls.org/coffee_caucus_20170201.html]
[www.janneformpls.org/phone_bank_20170202.html]
[www.janneformpls.org/phone_bank_20170207.html]
[www.janneformpls.org/coffee_caucus_17_02_08.html]
[www.janneformpls.org/phone_bank_20170209.html]
[www.janneformpls.org/phone_bank_20170214.html]
[www.janneformpls.org/eventsa54e.html]
[www.janneformpls.org/events4658.html]
[www.janneformpls.org/phone_bank_20170221.html]
[www.janneformpls.org/phone_bank_20170223.html]
[www.janneformpls.org/coffee_caucus_17_02_23.html]
[www.janneformpls.org/phone_bank_20170302.html]
[www.janneformpls.org/phone_bank_20170307.html]
[www.janneformpls.org/phone_bank_20170309.html]
[www.janneformpls.org/events9ba9.html]
[www.janneformpls.org/phone_bank_20170228.html]
[www.janneformpls.org/phone_bank_20170314.html]
[www.janneformpls.org/phone_bank_20170316.html]
[www.janneformpls.org/phone_bank_20170321.html]
[www.janneformpls.org/phone_bank_20170323.html]
[www.janneformpls.org/events2679.html]
[www.janneformpls.org/phone_bank_20170328.html]
[www.janneformpls.org/phone_bank_20170330.html]
[www.janneformpls.org/tags/phone_bank.html]
[www.janneformpls.org/tags/phone_banka54e.html]
[www.janneformpls.org/tags/phone_bank4658.html]
[www.janneformpls.org/tags/coffee_caucus.html]
[www.janneformpls.org/phone_bank_20170221.html]
[www.janneformpls.org/coffee_caucus_17_02_23.html]
[www.janneformpls.org/phone_bank_20170223.html]
[www.janneformpls.org/phone_bank_20170228.html]
[www.janneformpls.org/phone_bank_20170302.html]
[www.janneformpls.org/phone_bank_20170307.html]
[www.janneformpls.org/phone_bank_20170309.html]
[www.janneformpls.org/phone_bank_20170314.html]
[www.janneformpls.org/phone_bank_20170316.html]
[www.janneformpls.org/phone_bank_20170321.html]
[www.janneformpls.org/events2679.html]
[www.janneformpls.org/phone_bank_20170216.html]
[www.janneformpls.org/phone_bank_20170323.html]
[www.janneformpls.org/phone_bank_20170328.html]
[www.janneformpls.org/phone_bank_20170330.html]
[www.janneformpls.org/tags/phone_banka54e.html]
[www.janneformpls.org/tags/phone_bank4658.html]
[www.janneformpls.org/tags/phone_bank2679.html]
[www.janneformpls.org/phone_bank_20170216.html]
[www.janneformpls.org/tags/phone_bank2679.html]
