[www.jeremiah-ellison.com/index.html]
[backblue.gif]
[fade.gif]
[index.html]
[www.jeremiah-ellison.com/index.html]
[www.jeremiah-ellison.com/favicon.png]
[www.jeremiah-ellison.com/meet-jeremiah/index.html]
[www.jeremiah-ellison.com/join-us/index.html]
[www.jeremiah-ellison.com/meet-jeremiah/index.html]
[www.jeremiah-ellison.com/vision/index.html]
[www.jeremiah-ellison.com/vision/index.html]
[www.jeremiah-ellison.com/what-we-do/index.html]
[www.jeremiah-ellison.com/join-us/index.html]
[www.jeremiah-ellison.com/meet-jeremiah.html]
[www.jeremiah-ellison.com/what-we-do/index.html]
[www.jeremiah-ellison.com/vision.html]
[www.jeremiah-ellison.com/meet-jeremiah.html]
[www.jeremiah-ellison.com/vision.html]
[www.jeremiah-ellison.com/join-us.html]
[www.jeremiah-ellison.com/universal/svg/social-accounts.svg]
[www.jeremiah-ellison.com/join-us.html]
[www.jeremiah-ellison.com/donation.html]
[www.jeremiah-ellison.com/donation.html]
[www.jeremiah-ellison.com/donation/max-donation.html]
[www.jeremiah-ellison.com/donation/index.html]
[www.jeremiah-ellison.com/donation/index.html]
[www.jeremiah-ellison.com/donation/max-donation.html]
