[backblue.gif]
[fade.gif]
[index.html]
[www.jilliaforwardone.com/index.html]
[www.jilliaforwardone.com/infocecb]
[www.jilliaforwardone.com/favicon.png]
[www.jilliaforwardone.com/meet-jillia/index.html]
[www.jilliaforwardone.com/why-jillia/index.html]
[www.jilliaforwardone.com/vision/index.html]
[www.jilliaforwardone.com/blog/index.html]
[www.jilliaforwardone.com/media/index.html]
[www.jilliaforwardone.com/in-the-news/index.html]
[www.jilliaforwardone.com/meetjillia-espanol/index.html]
[www.jilliaforwardone.com/por-qu-jillia/index.html]
[www.jilliaforwardone.com/contact/index.html]
[www.jilliaforwardone.com/meet-jillia.html]
[www.jilliaforwardone.com/blogcecb]
[www.jilliaforwardone.com/universal/svg/social-accounts.svg]
[www.jilliaforwardone.com/why-jillia.html]
[www.jilliaforwardone.com/vision.html]
[www.jilliaforwardone.com/blog/indexecf7.html]
[www.jilliaforwardone.com/blog/2016/12/29/join-me-next-thursday-for-our-campaign-kickoff-event.html]
[www.jilliaforwardone.com/blog/index3e91.html]
[www.jilliaforwardone.com/blog/2016/12/19/get-ready-to-ring-in-the-new-year.html]
[www.jilliaforwardone.com/blog/announcement.html]
[www.jilliaforwardone.com/blog/indexaba0.html]
[www.jilliaforwardone.com/blog/index07bc.html]
[www.jilliaforwardone.com/blog/indexbb73.html]
[www.jilliaforwardone.com/blog/index51b4.html]
[www.jilliaforwardone.com/blog/index9767.html]
[www.jilliaforwardone.com/in-the-news/_http_/www.tcdailyplanet.net/seven-candidates-could-shift-the-balance-of-power-on-the-minneapolis-city-council/__Twin.html]
[www.jilliaforwardone.com/in-the-news-1/indexb0a6.html]
[www.jilliaforwardone.com/in-the-news/_http_/www.mynortheaster.com/wp-content/news-archives/161214Northeaster/__Northeaster_/a__/p__.html]
[www.jilliaforwardone.com/in-the-news/_http_/www.journalmpls.com/news/2016/12/windom-park-resident-to-challenge-for-reichs-ward-1-seat/__The.html]
[www.jilliaforwardone.com/in-the-news-1/index.html]
