[www.cunninghammpls.org/index.html]
[backblue.gif]
[fade.gif]
[index.html]
[www.cunninghammpls.org/favicon.png]
[www.cunninghammpls.org/homececb]
[www.cunninghammpls.org/search.html]
[www.cunninghammpls.org/issues/index.html]
[www.cunninghammpls.org/meet-phillipe/index.html]
[www.cunninghammpls.org/volunteer/index.html]
[www.cunninghammpls.org/meet-phillipe.html]
[www.cunninghammpls.org/issues/public-safety.html]
[www.cunninghammpls.org/issues/community-wealth-building.html]
[www.cunninghammpls.org/issues/youth-opportunities.html]
[www.cunninghammpls.org/index.html]
[www.cunninghammpls.org/assets/ui-icons.svg]
[www.cunninghammpls.org/search.html]
[www.cunninghammpls.org/meet-phillipe/index.html]
[www.cunninghammpls.org/issues/smart-governing.html]
[www.cunninghammpls.org/issues/index.html]
[www.cunninghammpls.org/volunteer/index.html]
[www.cunninghammpls.org/universal/svg/social-accounts.svg]
[www.cunninghammpls.org/meet-phillipe.html]
[www.cunninghammpls.org/issues/public-safety.html]
[www.cunninghammpls.org/issues/community-wealth-building.html]
[www.cunninghammpls.org/issues/youth-opportunities.html]
[www.cunninghammpls.org/issues/smart-governing.html]
[www.cunninghammpls.org/issuescecb]
[www.cunninghammpls.org/issues/index8535.html]
[www.cunninghammpls.org/issues/index8535.html]
