[www.cunninghammpls.org/index.html]
[backblue.gif]
[fade.gif]
[index.html]
[www.cunninghammpls.org/index.html]
[www.cunninghammpls.org/favicon.png]
[www.cunninghammpls.org/homececb]
[www.cunninghammpls.org/assets/ui-icons.svg]
[www.cunninghammpls.org/search.html]
[www.cunninghammpls.org/search.html]
[www.cunninghammpls.org/issues/index.html]
[www.cunninghammpls.org/meet-phillipe/index.html]
[www.cunninghammpls.org/new-blog/index.html]
[www.cunninghammpls.org/meet-phillipe/index.html]
[www.cunninghammpls.org/volunteer/index.html]
[www.cunninghammpls.org/issues/index.html]
[www.cunninghammpls.org/meet-phillipe.html]
[www.cunninghammpls.org/new-blog/index.html]
[www.cunninghammpls.org/issues/public-safety.html]
[www.cunninghammpls.org/volunteer/index.html]
[www.cunninghammpls.org/issues/community-wealth-building.html]
[www.cunninghammpls.org/issuescecb]
[www.cunninghammpls.org/issues/youth-opportunities.html]
[www.cunninghammpls.org/issues/smart-governing.html]
[www.cunninghammpls.org/new-blogcecb]
[www.cunninghammpls.org/issues/index8535.html]
[www.cunninghammpls.org/new-blog/2017/1/23/tc-dailyplanet-seven-candidates-could-shift-the-balance-of-power-on-the-minneapolis-city-council.html]
[www.cunninghammpls.org/new-blog/index20f3.html]
[www.cunninghammpls.org/universal/svg/social-accounts.svg]
[www.cunninghammpls.org/meet-phillipe.html]
[www.cunninghammpls.org/issues/public-safety.html]
[www.cunninghammpls.org/issues/community-wealth-building.html]
[www.cunninghammpls.org/issues/youth-opportunities.html]
[www.cunninghammpls.org/issues/smart-governing.html]
[www.cunninghammpls.org/issues/index8535.html]
[www.cunninghammpls.org/new-blog/2017/1/23/tc-dailyplanet-seven-candidates-could-shift-the-balance-of-power-on-the-minneapolis-city-council.html]
[www.cunninghammpls.org/new-blog/index20f3.html]
[www.cunninghammpls.org/new-blog/2017/1/23/qftusgk7c7glzr6itevreobvod6n8p.html]
[www.cunninghammpls.org/new-blog/2017/1/23/qftusgk7c7glzr6itevreobvod6n8p.html]
[www.cunninghammpls.org/new-blog/2017/1/23/phillipe-cunningham-finds-success-and-respect-as-a-transgender-man.html]
[www.cunninghammpls.org/new-blog/2017/1/23/phillipe-cunningham-finds-success-and-respect-as-a-transgender-man.html]
[www.cunninghammpls.org/new-blog/2017/1/23/mpr-how-one-person-learned-to-work-beyond-perceptions-of-identity.html]
[www.cunninghammpls.org/new-blog/2017/1/23/mpr-how-one-person-learned-to-work-beyond-perceptions-of-identity.html]
