[backblue.gif]
[fade.gif]
[index.html]
[www.kevinreich.com/index.html]
[www.kevinreich.com/pages]
[www.kevinreich.com/pages/index.html]
[www.kevinreich.com/pages/wp-content/themes/twentyeleven/style.css]
[www.kevinreich.com/pages/xmlrpc.php]
[www.kevinreich.com/pages/feed/index.html]
[www.kevinreich.com/pages/comments/feed/index.html]
[www.kevinreich.com/pages/wp-content/plugins/mailchimp/css/flick/flick9d52.css]
[www.kevinreich.com/pages/index91b6.html]
[www.kevinreich.com/pages/wp-includes/js/jquery/jquery4511.js]
[www.kevinreich.com/pages/wp-content/plugins/mailchimp/js/scrollTo58c4.js]
[www.kevinreich.com/pages/wp-includes/js/jquery/jquery.form.min1b5e.js]
[www.kevinreich.com/pages/wp-includes/wlwmanifest.xml]
[www.kevinreich.com/pages/wp-content/plugins/mailchimp/js/mailchimp58c4.js]
[www.kevinreich.com/pages/wp-includes/js/jquery/ui/jquery.ui.core.min2c00.js]
[www.kevinreich.com/pages/wp-content/uploads/2013/03/web_header1b.jpg]
[www.kevinreich.com/pages/wp-content/plugins/mailchimp/js/datepicker9d52.js]
[www.kevinreich.com/pages/xmlrpc0db0.php]
[www.kevinreich.com/pages/encouraging-entrepreneurs/index.html]
[www.kevinreich.com/pages/encouraging-entrepreneurs/promoting-a-creative-economy/index.html]
[www.kevinreich.com/pages/about/index.html]
[www.kevinreich.com/pages/goinggreen/index.html]
[www.kevinreich.com/pages/goinggreen/green-campus/index.html]
[www.kevinreich.com/pages/goinggreen/green-legislation/index.html]
[www.kevinreich.com/pages/goinggreen/bicycling/index.html]
[www.kevinreich.com/pages/wp-content/uploads/2013/03/innovation-front.jpg]
[www.kevinreich.com/pages/goinggreen/one-sort-recycling/index.html]
[www.kevinreich.com/pages/goinggreen/solar-arts-building/index.html]
[www.kevinreich.com/pages/goinggreen/other-green-initiatives/index.html]
[www.kevinreich.com/pages/building-community/index.html]
[www.kevinreich.com/pages/wp-content/themes/twentyeleven/images/search.png]
[www.kevinreich.com/pages/wp-content/themes/twentyeleven/images/comment-bubble.png]
[www.kevinreich.com/pages/wp-content/themes/twentyeleven/images/comment-arrow.png]
[www.kevinreich.com/pages/wp-content/uploads/2017/01/donate-now.png]
[www.kevinreich.com/pages/building-community/edison-jackson-square-park/index.html]
[www.kevinreich.com/pages/wp-content/plugins/mailchimp/css/flick/images/ui-bg_flat_75_ffffff_40x100.png]
[www.kevinreich.com/pages/building-community/public-transportation/index.html]
[www.kevinreich.com/pages/wp-content/plugins/mailchimp/css/flick/images/ui-bg_highlight-soft_50_dddddd_1x100.png]
[www.kevinreich.com/pages/wp-content/plugins/mailchimp/css/flick/images/ui-bg_highlight-soft_100_f6f6f6_1x100.png]
[www.kevinreich.com/pages/wp-content/themes/twentyeleven/images/comment-arrow-bypostauthor.png]
[www.kevinreich.com/pages/wp-content/plugins/mailchimp/css/flick/images/ui-bg_highlight-soft_25_0073ea_1x100.png]
[www.kevinreich.com/pages/building-community/road-repair-maintenance/index.html]
[www.kevinreich.com/pages/building-community/open-forums/index.html]
[www.kevinreich.com/pages/building-community/show-our-strength/index.html]
[www.kevinreich.com/pages/public-safety/index.html]
[www.kevinreich.com/pages/wp-content/plugins/mailchimp/css/flick/images/ui-bg_glass_65_ffffff_1x400.png]
[www.kevinreich.com/pages/wp-content/plugins/mailchimp/css/flick/images/ui-bg_flat_55_ffffff_40x100.png]
[www.kevinreich.com/pages/wp-content/plugins/mailchimp/css/flick/images/ui-icons_ff0084_256x240.png]
[www.kevinreich.com/pages/wp-content/plugins/mailchimp/css/flick/images/ui-icons_0073ea_256x240.png]
[www.kevinreich.com/pages/encouraging-entrepreneurs/new-businesses-in-northeast/index.html]
[www.kevinreich.com/pages/encouraging-entrepreneurs/small-business-legislation/index.html]
[www.kevinreich.com/pages/encouraging-entrepreneurs/promoting-a-creative-economy/property-redevelopment/index.html]
[www.kevinreich.com/pages/encouraging-entrepreneurs/promoting-a-creative-economy/new-theater-offerings/index.html]
[www.kevinreich.com/pages/wp-content/plugins/mailchimp/css/flick/images/ui-icons_ffffff_256x240.png]
[www.kevinreich.com/pages/wp-content/plugins/mailchimp/css/flick/images/ui-icons_454545_256x240.png]
[www.kevinreich.com/pages/wp-content/plugins/mailchimp/css/flick/images/ui-bg_flat_0_eeeeee_40x100.png]
[www.kevinreich.com/pages/wp-content/plugins/mailchimp/css/flick/images/ui-icons_666666_256x240.png]
[www.kevinreich.com/pages/encouraging-entrepreneurs/promoting-a-creative-economy/creative-business-openings/index.html]
[www.kevinreich.com/pages/wp-content/plugins/mailchimp/css/flick/images/ui-bg_flat_0_aaaaaa_40x100.png]
[www.kevinreich.com/pages/wp-content/uploads/2013/03/indeed.jpg]
[www.kevinreich.com/pages/wp-content/uploads/2013/03/KR-arts.jpg]
[www.kevinreich.com/pages/wp-content/uploads/2013/03/612-Brew_horizontal.jpg]
[www.kevinreich.com/pages/promoting-a-creative-economy/property-redevelopment/index.html]
[www.kevinreich.com/pages/promoting-a-creative-economy/new-theater-offerings/index.html]
[www.kevinreich.com/pages/wp-content/uploads/2013/03/spokecard.jpg]
[www.kevinreich.com/pages/promoting-a-creative-economy/creative-business-openings/index.html]
[www.kevinreich.com/pages/going-green/green-campus/index.html]
[www.kevinreich.com/pages/going-green/green-legislation/index.html]
[www.kevinreich.com/pages/going-green/bicycling/index.html]
[www.kevinreich.com/pages/going-green/one-sort-recycling/index.html]
[www.kevinreich.com/pages/wp-content/uploads/2013/03/KR-Fire1.jpg]
[www.kevinreich.com/pages/going-green/solar-arts-building/index.html]
[www.kevinreich.com/pages/going-green/other-green-initiatives/index.html]
[www.kevinreich.com/pages/building-community/public-safety/index.html]
[www.kevinreich.com/pages/building-community/open-forums/feed/index.html]
[www.kevinreich.com/pages/wp-content/uploads/2013/04/convention.jpg]
[www.kevinreich.com/pages/wp-login9b24.html]
[www.kevinreich.com/pages/wp-admin/css/wp-admin.min9d52.css]
[www.kevinreich.com/pages/wp-includes/css/buttons.min9d52.css]
[www.kevinreich.com/pages/wp-admin/css/colors-fresh.min9d52.css]
[www.kevinreich.com/pages/wp-admin/images/loading.gif]
[www.kevinreich.com/pages/wp-admin/images/bubble_bg.gif]
[www.kevinreich.com/pages/wp-admin/images/comment-grey-bubble.png]
[www.kevinreich.com/pages/wp-loginc2b6.html]
[www.kevinreich.com/pages/wp-admin/images/welcome-icons.png]
[www.kevinreich.com/pages/wp-admin/images/xit.gif]
[www.kevinreich.com/pages/wp-admin/images/sort.gif]
[www.kevinreich.com/pages/wp-admin/images/resize.gif]
[www.kevinreich.com/pages/wp-admin/images/wpspin_light.gif]
[www.kevinreich.com/pages/wp-admin/images/imgedit-icons.png]
[www.kevinreich.com/pages/wp-admin/images/wp-badge5ade.png]
[www.kevinreich.com/pages/wp-admin/images/press-this0587.png]
[www.kevinreich.com/pages/wp-admin/images/wordpress-logo38a2.png]
[www.kevinreich.com/pages/wp-admin/images/arrows.png]
[www.kevinreich.com/pages/wp-admin/images/starsd474.png]
[www.kevinreich.com/pages/wp-admin/images/arrows-dark.png]
[www.kevinreich.com/pages/wp-admin/images/arrows-2x.png]
[www.kevinreich.com/pages/wp-admin/images/xit-2x.gif]
[www.kevinreich.com/pages/wp-admin/images/arrows-dark-2x.png]
[www.kevinreich.com/pages/wp-admin/images/bubble_bg-2x.gif]
[www.kevinreich.com/pages/wp-admin/images/sort-2x63b4.gif]
[www.kevinreich.com/pages/wp-admin/images/comment-grey-bubble-2x.png]
[www.kevinreich.com/pages/wp-admin/images/stars-2xd474.png]
[www.kevinreich.com/pages/wp-admin/images/resize-2x.gif]
[www.kevinreich.com/pages/wp-admin/images/wordpress-logo-2xb47f.png]
[www.kevinreich.com/pages/wp-admin/images/welcome-icons-2x.png]
[www.kevinreich.com/pages/wp-admin/images/press-this-2x9eb6.png]
[www.kevinreich.com/pages/wp-admin/images/wp-badge-2xda8f.png]
[www.kevinreich.com/pages/wp-admin/images/wpspin_light-2x.gif]
[www.kevinreich.com/pages/wp-admin/images/imgedit-icons-2x.png]
[www.kevinreich.com/pages/wp-admin/images/menu-shadow.png]
[www.kevinreich.com/pages/wp-admin/images/date-button.gif]
[www.kevinreich.com/pages/wp-admin/images/icons3287dc.png]
[www.kevinreich.com/pages/wp-admin/images/menu87dc.png]
[www.kevinreich.com/pages/wp-admin/images/list.png]
[www.kevinreich.com/pages/wp-admin/images/wp-logo8317.png]
[www.kevinreich.com/pages/wp-admin/images/date-button-2x135a.gif]
[www.kevinreich.com/pages/wp-admin/images/menu-shadow-rtl.png]
[www.kevinreich.com/pages/wp-admin/images/arrows-2x135a.png]
[www.kevinreich.com/pages/wp-admin/images/xit-2x135a.gif]
[www.kevinreich.com/pages/wp-admin/images/arrows-dark-2x135a.png]
[www.kevinreich.com/pages/wp-admin/images/list-2x135a.png]
[www.kevinreich.com/pages/wp-admin/images/menu-2x87dc.png]
[www.kevinreich.com/pages/wp-admin/images/icons32-2x87dc.png]
[www.kevinreich.com/pages/wp-admin/images/wp-logo-2x135a.png]
[www.kevinreich.com/pages/wp-login.html]
