[andreajenkinsforward8.org/index.html]
[backblue.gif]
[fade.gif]
[index.html]
[andreajenkinsforward8.org/index.html]
[andreajenkinsforward8.org/favicon.png]
[andreajenkinsforward8.org/equity-in-public-safety/index.html]
[andreajenkinsforward8.org/equity-in-public-safety/index.html]
[andreajenkinsforward8.org/equity-in-transportation/index.html]
[andreajenkinsforward8.org/equity-in-our-environment/index.html]
[andreajenkinsforward8.org/equity-in-transportation/index.html]
[andreajenkinsforward8.org/equity-in-affordable-housing/index.html]
[andreajenkinsforward8.org/equity-in-our-environment/index.html]
[andreajenkinsforward8.org/equity-in-the-arts/index.html]
[andreajenkinsforward8.org/equity-in-affordable-housing/index.html]
[andreajenkinsforward8.org/equity-in-access-to-democracy/index.html]
[andreajenkinsforward8.org/equity-in-the-arts/index.html]
[andreajenkinsforward8.org/new-page/index.html]
[andreajenkinsforward8.org/equity-in-access-to-democracy/index.html]
[andreajenkinsforward8.org/new-page-2/index.html]
[andreajenkinsforward8.org/new-page/index.html]
[andreajenkinsforward8.org/photos/index.html]
[andreajenkinsforward8.org/new-page-2/index.html]
[andreajenkinsforward8.org/volunteer/index.html]
[andreajenkinsforward8.org/photos/index.html]
[andreajenkinsforward8.org/donate/index.html]
[andreajenkinsforward8.org/volunteer/index.html]
[andreajenkinsforward8.org/new-page.html]
[andreajenkinsforward8.org/donate/index.html]
[andreajenkinsforward8.org/equity-in-public-safety.html]
[andreajenkinsforward8.org/new-page.html]
[andreajenkinsforward8.org/equity-in-transportation.html]
[andreajenkinsforward8.org/equity-in-public-safety.html]
[andreajenkinsforward8.org/equity-in-our-environment.html]
[andreajenkinsforward8.org/equity-in-transportation.html]
[andreajenkinsforward8.org/equity-in-affordable-housing.html]
[andreajenkinsforward8.org/equity-in-our-environment.html]
[andreajenkinsforward8.org/photoscecb]
[andreajenkinsforward8.org/equity-in-affordable-housing.html]
[andreajenkinsforward8.org/equity-in-the-arts.html]
[andreajenkinsforward8.org/equity-in-the-arts.html]
[andreajenkinsforward8.org/equity-in-access-to-democracy.html]
[andreajenkinsforward8.org/equity-in-access-to-democracy.html]
[andreajenkinsforward8.org/photos/indexbd6e.html]
[andreajenkinsforward8.org/photos/2017/1/16/campaign-kick-off.html]
[andreajenkinsforward8.org/universal/svg/social-accounts.svg]
[andreajenkinsforward8.org/photos/indexbd6e.html]
[andreajenkinsforward8.org/photos/2017/1/16/campaign-kick-off.html]
