[www.camgordon.org/index.html]
[backblue.gif]
[fade.gif]
[index.html]
[www.camgordon.org/sites/default/files/cam_favicon.ico]
[www.camgordon.org/sites/all/themes/cam/images/logo-web.gif]
[www.camgordon.org/about-cam.html]
[www.camgordon.org/priorities.html]
[www.camgordon.org/accomplishments.html]
[www.camgordon.org/news.html]
[www.camgordon.org/get-involved-sign-help-campaign-team.html]
[www.camgordon.org/voter-information.html]
[www.camgordon.org/contact.html]
[www.camgordon.org/sites/default/files/imagecache/homepage_feature/homepage_feature/P9030171.jpg]
[www.camgordon.org/news/kick-cams-reelection-campaign.html]
[www.camgordon.org/news/cams-accomplishments-2014-2016.html]
[www.camgordon.org/news/council-passes-cams-intentional-community-ordinance.html]
[www.camgordon.org/index.html]
[www.camgordon.org/news/cam-votes-progressive-city-budget.html]
[www.camgordon.org/misc/tree.png]
[www.camgordon.org/misc/tree-bottom.png]
[www.camgordon.org/misc/throbber.gif]
[www.camgordon.org/misc/menu-expanded.png]
[www.camgordon.org/misc/menu-collapsed.png]
[www.camgordon.org/misc/grippie.png]
[www.camgordon.org/misc/draggable.png]
[www.camgordon.org/misc/progress.gif]
[www.camgordon.org/misc/menu-leaf.png]
[www.camgordon.org/misc/farbtastic/wheel.png]
[www.camgordon.org/misc/farbtastic/mask.png]
[www.camgordon.org/misc/farbtastic/marker.png]
[www.camgordon.org/sites/all/themes/cam/images/arrow-right.png]
[www.camgordon.org/sites/all/themes/cam/images/arrow-left.png]
[www.camgordon.org/sites/all/themes/cam/images/body-bg.gif]
[www.camgordon.org/sites/all/themes/cam/images/container-top.png]
[www.camgordon.org/sites/all/themes/cam/images/header-bg.gif]
[www.camgordon.org/sites/all/themes/cam/images/dropshadow-bottom.gif]
[www.camgordon.org/sites/all/themes/cam/images/menu-bg.gif]
[www.camgordon.org/sites/all/themes/cam/images/menu-left.gif]
[www.camgordon.org/sites/all/themes/cam/images/menu-right.gif]
[www.camgordon.org/sites/all/themes/cam/images/home-feature-top.gif]
[www.camgordon.org/sites/all/themes/cam/images/home-feature-bottom.gif]
[www.camgordon.org/sites/all/themes/cam/images/button-bg.gif]
[www.camgordon.org/sites/default/files/css/7d30063341db9228176acf0972e9eef0.css]
[www.camgordon.org/sites/all/themes/cam/images/caption-bg.png]
[www.camgordon.org/sites/default/files/css/aefe76371f9d5ac90151fdcbed4a168e.css]
[www.camgordon.org/sites/default/files/js/69caca6c7012850f5fc581c93df6ecb9.js]
[www.camgordon.org/about-cam.html]
[www.camgordon.org/priorities.html]
[www.camgordon.org/sites/default/files/CamGordon.jpg]
[www.camgordon.org/sites/default/files/CamReports.jpg]
[www.camgordon.org/accomplishments.html]
[www.camgordon.org/news/roundtable-discussion-trees.html]
[www.camgordon.org/news/seiu-endorses-cam-0.html]
[www.camgordon.org/news/mn-daily-cams-reelection-campaign.html]
[www.camgordon.org/news/minneapolis-regional-labor-federation-endorses-cam-0.html]
[www.camgordon.org/news/green-party-endorses-cam-0.html]
[www.camgordon.org/news/afscme-endorses-cam.html]
[www.camgordon.org/news.html]
[www.camgordon.org/get-involved-sign-help-campaign-team.html]
[www.camgordon.org/voter-information.html]
[www.camgordon.org/donateefe9.html]
[www.camgordon.org/contact.html]
[www.camgordon.org/news/kick-cams-reelection-campaign.html]
[www.camgordon.org/news/cams-accomplishments-2014-2016.html]
[www.camgordon.org/news/council-passes-cams-intentional-community-ordinance.html]
[www.camgordon.org/news/cam-votes-progressive-city-budget.html]
[www.camgordon.org/sites/all/modules/viewscarousel/skins/ie7/next-vertical.html]
[www.camgordon.org/sites/all/modules/viewscarousel/skins/ie7/prev-vertical.html]
[www.camgordon.org/has_js=1; path=/index.html]
[www.camgordon.org/sites/default/files/css/f510e03afd12dcb57c4e9935deff6431.css]
[www.camgordon.org/sites/default/files/js/1cc85344897f298f87fbfee06f17b455.js]
[www.camgordon.org/sites/default/files/facebook_logo.gif]
[www.camgordon.org/news/roundtable-discussion-trees.html]
[www.camgordon.org/news/seiu-endorses-cam-0.html]
[www.camgordon.org/news/mn-daily-cams-reelection-campaign.html]
[www.camgordon.org/news/minneapolis-regional-labor-federation-endorses-cam-0.html]
[www.camgordon.org/news/green-party-endorses-cam-0.html]
[www.camgordon.org/news/afscme-endorses-cam.html]
[www.camgordon.org/sites/default/files/js/4737c2d6cdd3d5878860d0719a9a7fdc.js]
