[jacobfrey.org/index.html]
[backblue.gif]
[fade.gif]
[index.html]
[jacobfrey.org/index.html]
[jacobfrey.org/favicon.png]
[jacobfrey.org/indexcecb]
[jacobfrey.org/bio/index.html]
[jacobfrey.org/bio/index.html]
[jacobfrey.org/chip-in.html]
[jacobfrey.org/caucus/index.html]
[jacobfrey.org/issues/index.html]
[jacobfrey.org/issues/index.html]
[jacobfrey.org/join.html]
[jacobfrey.org/caucus/index.html]
[jacobfrey.org/events/2017/2/2/meet-greet-with-jacob.html]
[jacobfrey.org/chip-in.html]
[jacobfrey.org/we-get-things-done.html]
[jacobfrey.org/join.html]
[jacobfrey.org/events/index8f3e.html]
[jacobfrey.org/events/index8f3e.html]
[jacobfrey.org/bio.html]
[jacobfrey.org/events/2017/2/2/meet-greet-with-jacob.html]
[jacobfrey.org/media-releases.html]
[jacobfrey.org/we-get-things-done.html]
[jacobfrey.org/chip-in/index.html]
[jacobfrey.org/bio.html]
[jacobfrey.org/events/2017/2/2/meet-greet-with-jacobd859]
[jacobfrey.org/media-releases.html]
[jacobfrey.org/join/index.html]
[jacobfrey.org/chip-in/index.html]
[jacobfrey.org/events/index.html]
[jacobfrey.org/join/index.html]
[jacobfrey.org/events/index7441.html]
[jacobfrey.org/events/index.html]
[jacobfrey.org/media-releasescecb]
[jacobfrey.org/events/index7441.html]
[jacobfrey.org/we-get-things-done/index.html]
[jacobfrey.org/we-get-things-done/index.html]
[jacobfrey.org/media-releases/index.html]
[jacobfrey.org/media-releases/index.html]
[jacobfrey.org/media-releases/2017/1/3/jacob-frey-announces-campaign-for-mayor.html]
[jacobfrey.org/media-releases/2017/1/3/jacob-frey-announces-campaign-for-mayor.html]
[jacobfrey.org/media-releases/index8f3e.html]
[jacobfrey.org/media-releases/index8f3e.html]
[jacobfrey.org/media-releases/2017/1/3/councilmember-jacob-frey-expected-to-share-bold-vision-in-announcement-of-run-for-mayor.html]
[jacobfrey.org/media-releases/2017/1/3/councilmember-jacob-frey-expected-to-share-bold-vision-in-announcement-of-run-for-mayor.html]
[jacobfrey.org/media-releases/index7441.html]
[jacobfrey.org/media-releases/index7441.html]
