[backblue.gif]
[fade.gif]
[index.html]
[stevefletcher.org/index.html]
[stevefletcher.org/images/favicon.ico]
[stevefletcher.org/css/bootstrap.min.css]
[stevefletcher.org/css/font-awesome.min.css]
[stevefletcher.org/css/animate.min.css]
[stevefletcher.org/css/morphext.css]
[stevefletcher.org/css/owl.carousel.css]
[stevefletcher.org/css/magnific-popup.css]
[stevefletcher.org/css/flexslider.css]
[stevefletcher.org/css/main.css]
[stevefletcher.org/css/custom.css]
[stevefletcher.org/images/logo-white.png]
[stevefletcher.org/css/multipage-style.css]
[stevefletcher.org/demo-multipage-index.html]
[stevefletcher.org/images/logo.png]
[stevefletcher.org/index-2.html]
[stevefletcher.org/images/heather.jpg]
[stevefletcher.org/images/bio-image.jpg]
[stevefletcher.org/images/wage.jpg]
[stevefletcher.org/js/jquery.min.js]
[stevefletcher.org/js/jquery-migrate.min.js]
[stevefletcher.org/js/bootstrap.min.js]
[stevefletcher.org/js/modernizr.min.js]
[stevefletcher.org/js/jquery.singlePageNav.js]
[stevefletcher.org/js/isotope.pkgd.min.js]
[stevefletcher.org/js/jquery.isotope.init.js]
[stevefletcher.org/js/imagesloaded.pkgd.min.js]
[stevefletcher.org/js/jquery.magnific-popup.min.js]
[stevefletcher.org/js/jquery.fitvids.js]
[stevefletcher.org/js/classie.js]
[stevefletcher.org/js/owl.carousel.min.js]
[stevefletcher.org/js/superfish.min.js]
[stevefletcher.org/js/supersubs.js]
[stevefletcher.org/js/jquery.countTo.js]
[stevefletcher.org/js/jquery.flexslider-min.js]
[stevefletcher.org/js/waypoints.min.js]
[stevefletcher.org/js/wow.min.js]
[stevefletcher.org/js/morphext.min.js]
[stevefletcher.org/js/script.js]
[stevefletcher.org/js/custom.js]
[stevefletcher.org/fonts/glyphicons-halflings-regular.html]
[stevefletcher.org/fonts/glyphicons-halflings-regulard41d.html]
[stevefletcher.org/fonts/glyphicons-halflings-regular-2.html]
[stevefletcher.org/fonts/glyphicons-halflings-regular-3.html]
[stevefletcher.org/fonts/glyphicons-halflings-regular-4.html]
[stevefletcher.org/fonts/glyphicons-halflings-regular-5.html]
[stevefletcher.org/fonts/fontawesome-webfontd41d.eot]
[stevefletcher.org/fonts/fontawesome-webfonte0a5.eot]
[stevefletcher.org/fonts/fontawesome-webfonte0a5.html]
[stevefletcher.org/fonts/fontawesome-webfonte0a5.ttf]
[stevefletcher.org/fonts/fontawesome-webfonte0a5.woff]
[stevefletcher.org/fonts/fontawesome-webfonte0a5.svg]
[stevefletcher.org/fonts/flexslider-icon.eot]
[stevefletcher.org/fonts/flexslider-icond41d.eot]
[stevefletcher.org/fonts/flexslider-icon.woff]
[stevefletcher.org/fonts/flexslider-icon.ttf]
[stevefletcher.org/fonts/flexslider-icon.svg]
[stevefletcher.org/fonts/stard41d.eot]
[stevefletcher.org/fonts/star.eot]
[stevefletcher.org/fonts/star.ttf]
[stevefletcher.org/fonts/star.woff]
[stevefletcher.org/images/background/bg_1600x1067.jpg]
[stevefletcher.org/fonts/star.svg]
[stevefletcher.org/images/loader.gif]
[stevefletcher.org/images/background/sidebar-photo.jpg]
[stevefletcher.org/images/background/old_mathematics_retina.png]
[stevefletcher.org/images/background/bg_1903x510.jpg]
[stevefletcher.org/images/background/main-bg.jpg]
