[backblue.gif]
[fade.gif]
[index.html]
[www.andrewmpls.com/Scripts/modernizr-2.6.2.js]
[www.andrewmpls.com/favicon.ico]
[www.andrewmpls.com/bundles/MsAjaxJsb7f9]
[www.andrewmpls.com/Scripts/jquery-1.9.1.js]
[www.andrewmpls.com/Scripts/jquery-ui-1.8.24.js]
[www.andrewmpls.com/images/logo.jpg]
[www.andrewmpls.com/images/saraandandrew.jpg]
[www.andrewmpls.com/images/Andrew.jpg]
[www.andrewmpls.com/Scripts/bootstrap.min.js]
[www.andrewmpls.com/index.html]
[www.andrewmpls.com/images/BG.jpg]
[www.andrewmpls.com/Images/orderedList0.png]
[www.andrewmpls.com/Images/orderedList1.png]
[www.andrewmpls.com/Images/orderedList2.png]
[www.andrewmpls.com/Images/orderedList3.png]
[www.andrewmpls.com/Images/orderedList4.png]
[www.andrewmpls.com/Images/orderedList5.png]
[www.andrewmpls.com/Images/orderedList6.png]
[www.andrewmpls.com/Images/orderedList7.png]
[www.andrewmpls.com/Images/orderedList8.png]
[www.andrewmpls.com/Images/orderedList9.png]
[www.andrewmpls.com/Images/bullet.png]
[www.andrewmpls.com/Content/Site.css]
[www.andrewmpls.com/fonts/glyphicons-halflings-regular.eot]
[www.andrewmpls.com/fonts/glyphicons-halflings-regulard41d.eot]
[www.andrewmpls.com/fonts/glyphicons-halflings-regular.woff]
[www.andrewmpls.com/fonts/glyphicons-halflings-regular.ttf]
[www.andrewmpls.com/Content/bootstrap.css]
[www.andrewmpls.com/WebResource3ea6.js]
[www.andrewmpls.com/fonts/glyphicons-halflings-regular.html]
[www.andrewmpls.com/fonts/glyphicons-halflings-regular.svg]
[www.andrewmpls.com/POST.html]
