[zacharywefel.ngpvanhost.com/index.html]
[backblue.gif]
[fade.gif]
[index.html]
[zacharywefel.ngpvanhost.com/index.html]
[zacharywefel.ngpvanhost.com/profiles/accelerator2015/themes/bs3base/js/respond.min.js]
[zacharywefel.ngpvanhost.com/profiles/accelerator2015/themes/seaborn/favicon.ico]
[zacharywefel.ngpvanhost.com/modules/system/system.baseccae.css]
[zacharywefel.ngpvanhost.com/sites/all/modules/date/date_api/dateccae.css]
[zacharywefel.ngpvanhost.com/sites/all/modules/date/date_popup/themes/datepicker.1.7ccae.css]
[zacharywefel.ngpvanhost.com/sites/all/modules/fences/fieldccae.css]
[zacharywefel.ngpvanhost.com/sites/all/modules/flexslider/assets/css/flexslider_imgccae.css]
[zacharywefel.ngpvanhost.com/sites/all/modules/ngpvan/ngpvan_oberon/ngpvan_oberonccae.css]
[zacharywefel.ngpvanhost.com/sites/all/modules/ngpvan/ngpvan_sso/css/ngpvan_navccae.css]
[zacharywefel.ngpvanhost.com/sites/all/modules/views/css/viewsccae.css]
[zacharywefel.ngpvanhost.com/sites/all/modules/ckeditor/css/ckeditorccae.css]
[zacharywefel.ngpvanhost.com/sites/all/modules/ctools/css/ctoolsccae.css]
[zacharywefel.ngpvanhost.com/sites/all/themes/bootstrap/css/overridesccae.css]
[zacharywefel.ngpvanhost.com/profiles/accelerator2015/themes/bs3base/css/nv2015ccae.css]
[zacharywefel.ngpvanhost.com/profiles/accelerator2015/themes/bs3base/css/bs3baseccae.css]
[zacharywefel.ngpvanhost.com/sites/zacharywefel/files/bg/navy.png]
[zacharywefel.ngpvanhost.com/profiles/accelerator2015/themes/bs3base/js/jquery-1.7.2.min.js]
[zacharywefel.ngpvanhost.com/misc/jquery.once7839.js]
[zacharywefel.ngpvanhost.com/profiles/accelerator2015/themes/seaborn/css/styleccae.css]
[zacharywefel.ngpvanhost.com/profiles/accelerator2015/themes/seaborn/css/color/grayccae.css]
[zacharywefel.ngpvanhost.com/misc/drupalccae.js]
[zacharywefel.ngpvanhost.com/sites/all/modules/bud/budccae.js]
[zacharywefel.ngpvanhost.com/sites/all/modules/fb_likebox/fb_likeboxccae.js]
[zacharywefel.ngpvanhost.com/sites/all/modules/ngpvan/ngpvan_sso/js/ngpvan_navccae.js]
[zacharywefel.ngpvanhost.com/profiles/accelerator2015/themes/bs3base/js/bigSlideccae.js]
[zacharywefel.ngpvanhost.com/profiles/accelerator2015/themes/bs3base/js/jquery-1.8.2.minccae.js]
[zacharywefel.ngpvanhost.com/profiles/accelerator2015/themes/bs3base/js/jquery.matchHeight-minccae.js]
[zacharywefel.ngpvanhost.com/profiles/accelerator2015/themes/bs3base/js/bs3baseccae.js]
[zacharywefel.ngpvanhost.com/profiles/accelerator2015/themes/bs3base/js/cssua.minccae.js]
[zacharywefel.ngpvanhost.com/profiles/accelerator2015/themes/seaborn/js/seabornccae.js]
[zacharywefel.ngpvanhost.com/profiles/accelerator2015/themes/seaborn/js/jquery.fittextccae.js]
[zacharywefel.ngpvanhost.com/profiles/accelerator2015/themes/seaborn/js/jquery.viewportccae.js]
[zacharywefel.ngpvanhost.com/sites/zacharywefel/files/website header_0.jpg]
[zacharywefel.ngpvanhost.com/blog.html]
[zacharywefel.ngpvanhost.com/meetzachary.html]
[zacharywefel.ngpvanhost.com/issues-0.html]
[zacharywefel.ngpvanhost.com/events.html]
[zacharywefel.ngpvanhost.com/node/143.22.delayed]
[zacharywefel.ngpvanhost.com/sites/zacharywefel/files/FullSizeRender 17.jpg]
[zacharywefel.ngpvanhost.com/meetzachary.html]
[zacharywefel.ngpvanhost.com/blog.html]
[zacharywefel.ngpvanhost.com/sites/all/themes/bootstrap/js/bootstrapccae.js]
[zacharywefel.ngpvanhost.com/_Incapsula_Resource66fd]
[zacharywefel.ngpvanhost.com/contact.html]
[zacharywefel.ngpvanhost.com/misc/throbber-inactive.png]
[zacharywefel.ngpvanhost.com/node/148.25.delayed]
[zacharywefel.ngpvanhost.com/issues-0.html]
[zacharywefel.ngpvanhost.com/misc/throbber-active.gif]
[zacharywefel.ngpvanhost.com/misc/grippie.png]
[zacharywefel.ngpvanhost.com/misc/draggable.png]
[zacharywefel.ngpvanhost.com/events.html]
[zacharywefel.ngpvanhost.com/contact.html]
[zacharywefel.ngpvanhost.com/_Incapsula_Resource7f96]
[zacharywefel.ngpvanhost.com/misc/tree.png]
[zacharywefel.ngpvanhost.com/misc/tree-bottom.png]
[zacharywefel.ngpvanhost.com/volunteer.html]
[zacharywefel.ngpvanhost.com/sites/all/modules/ctools/images/status-active.gif]
[zacharywefel.ngpvanhost.com/profiles/accelerator2015/themes/bs3base/font/nv201524ce.eot]
[zacharywefel.ngpvanhost.com/node/138.2c.delayed]
[zacharywefel.ngpvanhost.com/volunteer.html]
[zacharywefel.ngpvanhost.com/profiles/accelerator2015/themes/bs3base/font/nv201524ce.woff]
[zacharywefel.ngpvanhost.com/profiles/accelerator2015/themes/bs3base/font/nv201524ce.ttf]
[zacharywefel.ngpvanhost.com/profiles/accelerator2015/themes/bs3base/font/nv201524ce.svg]
[zacharywefel.ngpvanhost.com/sites/zacharywefel/files/11872065_1142106969136233_28297182788342074_o.jpg]
[zacharywefel.ngpvanhost.com/profiles/accelerator2015/themes/seaborn/images/envelope.png]
[zacharywefel.ngpvanhost.com/sites/zacharywefel/files/182193_10151040431593819_78975787_n.jpg]
[zacharywefel.ngpvanhost.com/_Incapsula_Resource4dc0]
[zacharywefel.ngpvanhost.com/_Incapsula_Resource24d7]
[zacharywefel.ngpvanhost.com/_Incapsula_Resource9af1]
[zacharywefel.ngpvanhost.com/_Incapsula_Resourced97d]
[zacharywefel.ngpvanhost.com/blog/letter-my-neighbors.html]
[zacharywefel.ngpvanhost.com/misc/jquery.cookiec619.js]
[zacharywefel.ngpvanhost.com/node/98.2e.delayed]
[zacharywefel.ngpvanhost.com/misc/textarea7997.js]
[zacharywefel.ngpvanhost.com/_Incapsula_Resource18b8]
[zacharywefel.ngpvanhost.com/blog/letter-my-neighbors.html]
[zacharywefel.ngpvanhost.com/sites/zacharywefel/files/honeypot/honeypotccae.css]
[zacharywefel.ngpvanhost.com/_Incapsula_Resourcee88f]
