[www.friendsforlisa.com/index.html]
[backblue.gif]
[fade.gif]
[index.html]
[www.friendsforlisa.com/wp-content/plugins/contact-form-7/includes/css/styles8686.css]
[www.friendsforlisa.com/indexd784.html]
[www.friendsforlisa.com/indexa6da.html]
[www.friendsforlisa.com/wp-content/themes/Avada/assets/fonts/fontawesome/font-awesomefa0c.css]
[www.friendsforlisa.com/wp-content/themes/Avada/ilightboxfa0c.css]
[www.friendsforlisa.com/wp-content/themes/Avada/stylefa0c.css]
[www.friendsforlisa.com/wp-content/uploads/2016/08/horizontallogosmall.png]
[www.friendsforlisa.com/wp-content/themes/Avada/animationsfa0c.css]
[www.friendsforlisa.com/index4c11.html]
[www.friendsforlisa.com/wp-content/uploads/avada-styles/avada-84251.css]
[www.friendsforlisa.com/wp-includes/js/jquery/jquery-migrate.min330a.js]
[www.friendsforlisa.com/xmlrpc0db0.php]
[www.friendsforlisa.com/index52f0.html]
[www.friendsforlisa.com/wp-includes/wlwmanifest.xml]
[www.friendsforlisa.com/wp-includes/js/jquery/jqueryb8ff.js]
[www.friendsforlisa.com/wp-content/uploads/2016/08/horizontallogo2013correct-e1471309435822.png]
[www.friendsforlisa.com/index3f88.html]
[www.friendsforlisa.com/wp-content/uploads/2015/02/2014-favorite-orange-sweater-pic-1-200x300.jpg]
[www.friendsforlisa.com/wp-content/uploads/2016/08/horizontallogo2013correct.png]
[www.friendsforlisa.com/wp-content/uploads/2015/02/crouching-pic-1-225x300.jpg]
[www.friendsforlisa.com/wp-content/uploads/2015/02/lisa-goodman-1.jpg]
[www.friendsforlisa.com/wp-content/uploads/2015/02/islescropped.jpg]
[www.friendsforlisa.com/wp-content/uploads/2015/02/ward7map-e1471308693256.png]
[www.friendsforlisa.com/index2deb.html]
[www.friendsforlisa.com/wp-content/uploads/2016/09/SpoonCherrywAnnotation.jpg]
[www.friendsforlisa.com/wp-content/plugins/contact-form-7/includes/js/jquery.form.mind03d.js]
[www.friendsforlisa.com/indexcd64.html]
[www.friendsforlisa.com/wp-content/plugins/contact-form-7/includes/js/scripts8686.js]
[www.friendsforlisa.com/wp-includes/js/comment-reply.min83b6.js]
[www.friendsforlisa.com/wp-includes/js/wp-embed.min83b6.js]
[www.friendsforlisa.com/index.html]
[www.friendsforlisa.com/wp-content/plugins/contact-form-7/includes/css/styles8686.css]
[www.friendsforlisa.com/wp-content/themes/Avada/assets/images/shadow-top.png]
[www.friendsforlisa.com/wp-content/themes/Avada/assets/images/shadow-bottom.png]
[www.friendsforlisa.com/wp-content/themes/Avada/assets/images/ajax-loader.gif]
[www.friendsforlisa.com/wp-content/themes/Avada/assets/fonts/icomoon/icomoon.eot]
[www.friendsforlisa.com/wp-content/themes/Avada/assets/fonts/icomoon/icomoond41d.eot]
[www.friendsforlisa.com/wp-content/themes/Avada/assets/js/main.minfa0c.js]
[www.friendsforlisa.com/wp-content/themes/Avada/assets/fonts/icomoon/icomoon.woff]
[www.friendsforlisa.com/wp-content/themes/Avada/stylefa0c.css]
[www.friendsforlisa.com/wp-content/themes/Avada/assets/fonts/icomoon/icomoond41d.svg]
[www.friendsforlisa.com/wp-content/themes/Avada/assets/fonts/icomoon/icomoon.ttf]
[www.friendsforlisa.com/wp-content/themes/Avada/assets/fonts/fontawesome/fontawesome-webfont5b62.eot]
[www.friendsforlisa.com/wp-content/themes/Avada/assets/fonts/fontawesome/fontawesome-webfontd41d.eot]
[www.friendsforlisa.com/wp-content/themes/Avada/assets/fonts/fontawesome/fontawesome-webfont5b62.svg]
[www.friendsforlisa.com/wp-content/themes/Avada/assets/fonts/fontawesome/font-awesomefa0c.css]
[www.friendsforlisa.com/wp-content/themes/Avada/closedhand.cur]
[www.friendsforlisa.com/wp-content/themes/Avada/assets/images/iLightbox/social_icons/facebook_16.png]
[www.friendsforlisa.com/wp-content/themes/Avada/assets/images/iLightbox/social_icons/digg_16.png]
[www.friendsforlisa.com/wp-content/themes/Avada/assets/images/iLightbox/social_icons/twitter_16.png]
[www.friendsforlisa.com/wp-content/themes/Avada/assets/images/iLightbox/social_icons/delicious_16.png]
[www.friendsforlisa.com/wp-content/themes/Avada/assets/images/iLightbox/social_icons/reddit_16.png]
[www.friendsforlisa.com/wp-content/themes/Avada/assets/images/iLightbox/social_icons/google_plus_16.png]
[www.friendsforlisa.com/wp-content/themes/Avada/assets/images/iLightbox/dark-skin/preloader.gif]
[www.friendsforlisa.com/wp-content/themes/Avada/assets/images/iLightbox/dark-skin/caption-bg.png]
[www.friendsforlisa.com/wp-content/themes/Avada/assets/images/iLightbox/dark-skin/alert.png]
[www.friendsforlisa.com/wp-content/themes/Avada/assets/images/iLightbox/dark-skin/buttons.png]
[www.friendsforlisa.com/wp-content/themes/Avada/assets/images/iLightbox/dark-skin/fullscreen-icon-64.png]
[www.friendsforlisa.com/wp-content/themes/Avada/assets/images/iLightbox/dark-skin/fullscreen-icon-ie.png]
[www.friendsforlisa.com/wp-content/themes/Avada/assets/fonts/fontawesome/fontawesome-webfont5b62.woff]
[www.friendsforlisa.com/wp-content/themes/Avada/assets/images/iLightbox/dark-skin/x-mark-icon-64.png]
[www.friendsforlisa.com/wp-content/themes/Avada/assets/images/iLightbox/dark-skin/x-mark-icon-ie.png]
[www.friendsforlisa.com/wp-content/themes/Avada/assets/images/iLightbox/dark-skin/arrow-next-icon-64.png]
[www.friendsforlisa.com/wp-content/themes/Avada/assets/images/iLightbox/dark-skin/arrow-next-icon-ie.png]
[www.friendsforlisa.com/wp-content/themes/Avada/assets/images/iLightbox/dark-skin/arrow-prev-icon-64.png]
[www.friendsforlisa.com/wp-content/themes/Avada/assets/images/iLightbox/dark-skin/arrow-prev-icon-ie.png]
[www.friendsforlisa.com/wp-content/themes/Avada/assets/images/iLightbox/dark-skin/play-icon-64.png]
[www.friendsforlisa.com/wp-content/themes/Avada/assets/images/iLightbox/dark-skin/play-icon-ie.png]
[www.friendsforlisa.com/wp-content/themes/Avada/assets/images/iLightbox/dark-skin/pause-icon-64.png]
[www.friendsforlisa.com/wp-content/themes/Avada/assets/images/iLightbox/dark-skin/pause-icon-ie.png]
[www.friendsforlisa.com/wp-content/themes/Avada/assets/images/iLightbox/dark-skin/thumb-overlay-play.png]
[www.friendsforlisa.com/wp-content/themes/Avada/assets/images/iLightbox/dark-skin/arrow-next-vertical-icon-64.png]
[www.friendsforlisa.com/wp-content/themes/Avada/assets/images/iLightbox/dark-skin/arrow-prev-vertical-icon-64.png]
[www.friendsforlisa.com/wp-content/themes/Avada/assets/images/iLightbox/light-skin/caption-bg.png]
[www.friendsforlisa.com/wp-content/themes/Avada/assets/images/iLightbox/light-skin/preloader.gif]
[www.friendsforlisa.com/wp-content/themes/Avada/assets/images/iLightbox/light-skin/alert.png]
[www.friendsforlisa.com/wp-content/themes/Avada/assets/images/iLightbox/light-skin/buttons.png]
[www.friendsforlisa.com/wp-content/themes/Avada/assets/images/iLightbox/light-skin/fullscreen-icon-64.png]
[www.friendsforlisa.com/wp-content/themes/Avada/assets/images/iLightbox/light-skin/fullscreen-icon-ie.png]
[www.friendsforlisa.com/wp-content/themes/Avada/assets/images/iLightbox/light-skin/x-mark-icon-64.png]
[www.friendsforlisa.com/wp-content/themes/Avada/assets/images/iLightbox/light-skin/x-mark-icon-ie.png]
[www.friendsforlisa.com/wp-content/themes/Avada/assets/images/iLightbox/light-skin/arrow-next-icon-64.png]
[www.friendsforlisa.com/wp-content/themes/Avada/assets/images/iLightbox/light-skin/arrow-next-icon-ie.png]
[www.friendsforlisa.com/wp-content/themes/Avada/assets/images/iLightbox/light-skin/arrow-prev-icon-64.png]
[www.friendsforlisa.com/wp-content/themes/Avada/assets/images/iLightbox/light-skin/arrow-prev-icon-ie.png]
[www.friendsforlisa.com/wp-content/themes/Avada/assets/images/iLightbox/light-skin/play-icon-64.png]
[www.friendsforlisa.com/wp-content/themes/Avada/assets/images/iLightbox/light-skin/play-icon-ie.png]
[www.friendsforlisa.com/wp-content/themes/Avada/assets/images/iLightbox/light-skin/pause-icon-64.png]
[www.friendsforlisa.com/wp-content/themes/Avada/assets/images/iLightbox/light-skin/pause-icon-ie.png]
[www.friendsforlisa.com/wp-content/themes/Avada/assets/images/iLightbox/light-skin/thumb-overlay-play.png]
[www.friendsforlisa.com/wp-content/themes/Avada/assets/images/iLightbox/light-skin/arrow-next-vertical-icon-64.png]
[www.friendsforlisa.com/wp-content/themes/Avada/assets/images/iLightbox/light-skin/arrow-prev-vertical-icon-64.png]
[www.friendsforlisa.com/wp-content/themes/Avada/assets/images/iLightbox/mac-skin/caption-bg.png]
[www.friendsforlisa.com/wp-content/themes/Avada/assets/images/iLightbox/mac-skin/preloader.gif]
[www.friendsforlisa.com/wp-content/themes/Avada/assets/images/iLightbox/mac-skin/alert.png]
[www.friendsforlisa.com/wp-content/themes/Avada/assets/images/iLightbox/mac-skin/close-25.png]
[www.friendsforlisa.com/wp-content/themes/Avada/assets/images/iLightbox/mac-skin/resize-25.png]
[www.friendsforlisa.com/wp-content/themes/Avada/assets/images/iLightbox/mac-skin/play-25.png]
[www.friendsforlisa.com/wp-content/themes/Avada/assets/images/iLightbox/mac-skin/pause-25.png]
[www.friendsforlisa.com/wp-content/themes/Avada/assets/images/iLightbox/mac-skin/resize-50.png]
[www.friendsforlisa.com/wp-content/themes/Avada/assets/images/iLightbox/mac-skin/resize-ie.png]
[www.friendsforlisa.com/wp-content/themes/Avada/assets/images/iLightbox/mac-skin/close-50.png]
[www.friendsforlisa.com/wp-content/themes/Avada/assets/images/iLightbox/mac-skin/close-ie.png]
[www.friendsforlisa.com/wp-content/themes/Avada/assets/images/iLightbox/mac-skin/forward-50.png]
[www.friendsforlisa.com/wp-content/themes/Avada/assets/images/iLightbox/mac-skin/forward-ie.png]
[www.friendsforlisa.com/wp-content/themes/Avada/assets/images/iLightbox/mac-skin/back-50.png]
[www.friendsforlisa.com/wp-content/themes/Avada/assets/images/iLightbox/mac-skin/back-ie.png]
[www.friendsforlisa.com/wp-content/themes/Avada/assets/images/iLightbox/mac-skin/play-50.png]
[www.friendsforlisa.com/wp-content/themes/Avada/assets/images/iLightbox/mac-skin/play-ie.png]
[www.friendsforlisa.com/wp-content/themes/Avada/assets/images/iLightbox/mac-skin/pause-50.png]
[www.friendsforlisa.com/wp-content/themes/Avada/assets/images/iLightbox/mac-skin/pause-ie.png]
[www.friendsforlisa.com/wp-content/themes/Avada/assets/images/iLightbox/mac-skin/thumb-overlay-play.png]
[www.friendsforlisa.com/wp-content/themes/Avada/assets/images/iLightbox/mac-skin/forward-vertical-50.png]
[www.friendsforlisa.com/wp-content/themes/Avada/assets/images/iLightbox/mac-skin/back-vertical-50.png]
[www.friendsforlisa.com/wp-content/themes/Avada/assets/images/iLightbox/metro-black-skin/caption-bg.png]
[www.friendsforlisa.com/wp-content/themes/Avada/assets/images/iLightbox/metro-black-skin/social-bg.png]
[www.friendsforlisa.com/wp-content/themes/Avada/assets/images/iLightbox/metro-black-skin/preloader.gif]
[www.friendsforlisa.com/wp-content/themes/Avada/assets/images/iLightbox/metro-black-skin/alert.png]
[www.friendsforlisa.com/wp-content/themes/Avada/assets/images/iLightbox/metro-black-skin/buttons.png]
[www.friendsforlisa.com/wp-content/themes/Avada/assets/images/iLightbox/metro-black-skin/fullscreen-icon-64.png]
[www.friendsforlisa.com/wp-content/themes/Avada/assets/images/iLightbox/metro-black-skin/fullscreen-icon-ie.png]
[www.friendsforlisa.com/wp-content/themes/Avada/assets/images/iLightbox/metro-black-skin/x-mark-icon-64.png]
[www.friendsforlisa.com/wp-content/themes/Avada/assets/images/iLightbox/metro-black-skin/x-mark-icon-ie.png]
[www.friendsforlisa.com/wp-content/themes/Avada/assets/images/iLightbox/metro-black-skin/arrow-next-icon-64.png]
[www.friendsforlisa.com/wp-content/themes/Avada/assets/images/iLightbox/metro-black-skin/arrow-next-icon-ie.png]
[www.friendsforlisa.com/wp-content/themes/Avada/assets/images/iLightbox/metro-black-skin/arrow-prev-icon-64.png]
[www.friendsforlisa.com/wp-content/themes/Avada/assets/images/iLightbox/metro-black-skin/arrow-prev-icon-ie.png]
[www.friendsforlisa.com/wp-content/themes/Avada/assets/images/iLightbox/metro-black-skin/play-icon-64.png]
[www.friendsforlisa.com/wp-content/themes/Avada/assets/images/iLightbox/metro-black-skin/play-icon-ie.png]
[www.friendsforlisa.com/wp-content/themes/Avada/assets/images/iLightbox/metro-black-skin/pause-icon-64.png]
[www.friendsforlisa.com/wp-content/themes/Avada/assets/images/iLightbox/metro-black-skin/pause-icon-ie.png]
[www.friendsforlisa.com/wp-content/themes/Avada/assets/images/iLightbox/metro-black-skin/thumb-overlay-play.png]
[www.friendsforlisa.com/wp-content/themes/Avada/assets/images/iLightbox/metro-black-skin/arrows_vertical.png]
[www.friendsforlisa.com/wp-content/themes/Avada/assets/images/iLightbox/metro-black-skin/arrows_horizontal.png]
[www.friendsforlisa.com/wp-content/themes/Avada/assets/images/iLightbox/metro-white-skin/caption-bg.png]
[www.friendsforlisa.com/wp-content/themes/Avada/assets/images/iLightbox/metro-white-skin/social-bg.png]
[www.friendsforlisa.com/wp-content/themes/Avada/assets/images/iLightbox/metro-white-skin/preloader.gif]
[www.friendsforlisa.com/wp-content/themes/Avada/assets/images/iLightbox/metro-white-skin/alert.png]
[www.friendsforlisa.com/wp-content/themes/Avada/assets/images/iLightbox/metro-white-skin/buttons.png]
[www.friendsforlisa.com/wp-content/themes/Avada/assets/images/iLightbox/metro-white-skin/fullscreen-icon-64.png]
[www.friendsforlisa.com/wp-content/themes/Avada/assets/images/iLightbox/metro-white-skin/fullscreen-icon-ie.png]
[www.friendsforlisa.com/wp-content/themes/Avada/assets/images/iLightbox/metro-white-skin/fullscreen-hover-icon-64.png]
[www.friendsforlisa.com/wp-content/themes/Avada/assets/images/iLightbox/metro-white-skin/fullscreen-hover-icon-ie.png]
[www.friendsforlisa.com/wp-content/themes/Avada/assets/images/iLightbox/metro-white-skin/x-mark-icon-64.png]
[www.friendsforlisa.com/wp-content/themes/Avada/assets/images/iLightbox/metro-white-skin/x-mark-icon-ie.png]
[www.friendsforlisa.com/wp-content/themes/Avada/assets/images/iLightbox/metro-white-skin/x-mark-hover-icon-64.png]
[www.friendsforlisa.com/wp-content/themes/Avada/assets/images/iLightbox/metro-white-skin/x-mark-hover-icon-ie.png]
[www.friendsforlisa.com/wp-content/themes/Avada/assets/images/iLightbox/metro-white-skin/arrow-next-icon-64.png]
[www.friendsforlisa.com/wp-content/themes/Avada/assets/images/iLightbox/metro-white-skin/arrow-next-icon-ie.png]
[www.friendsforlisa.com/wp-content/themes/Avada/assets/images/iLightbox/metro-white-skin/arrow-next-hover-icon-64.png]
[www.friendsforlisa.com/wp-content/themes/Avada/assets/images/iLightbox/metro-white-skin/arrow-next-hover-icon-ie.png]
[www.friendsforlisa.com/wp-content/themes/Avada/assets/images/iLightbox/metro-white-skin/arrow-prev-icon-64.png]
[www.friendsforlisa.com/wp-content/themes/Avada/assets/images/iLightbox/metro-white-skin/arrow-prev-icon-ie.png]
[www.friendsforlisa.com/wp-content/themes/Avada/assets/images/iLightbox/metro-white-skin/arrow-prev-hover-icon-64.png]
[www.friendsforlisa.com/wp-content/themes/Avada/assets/images/iLightbox/metro-white-skin/arrow-prev-hover-icon-ie.png]
[www.friendsforlisa.com/wp-content/themes/Avada/assets/images/iLightbox/metro-white-skin/play-icon-64.png]
[www.friendsforlisa.com/wp-content/themes/Avada/assets/images/iLightbox/metro-white-skin/play-icon-ie.png]
[www.friendsforlisa.com/wp-content/themes/Avada/assets/images/iLightbox/metro-white-skin/play-hover-icon-64.png]
[www.friendsforlisa.com/wp-content/themes/Avada/assets/images/iLightbox/metro-white-skin/play-hover-icon-ie.png]
[www.friendsforlisa.com/wp-content/themes/Avada/assets/images/iLightbox/metro-white-skin/pause-icon-64.png]
[www.friendsforlisa.com/wp-content/themes/Avada/assets/images/iLightbox/metro-white-skin/pause-icon-ie.png]
[www.friendsforlisa.com/wp-content/themes/Avada/assets/images/iLightbox/metro-white-skin/pause-hover-icon-64.png]
[www.friendsforlisa.com/wp-content/themes/Avada/assets/images/iLightbox/metro-white-skin/pause-hover-icon-ie.png]
[www.friendsforlisa.com/wp-content/themes/Avada/assets/images/iLightbox/metro-white-skin/thumb-overlay-play.png]
[www.friendsforlisa.com/wp-content/themes/Avada/assets/images/iLightbox/metro-white-skin/arrows_vertical.png]
[www.friendsforlisa.com/wp-content/themes/Avada/assets/images/iLightbox/metro-white-skin/arrows_horizontal.png]
[www.friendsforlisa.com/wp-content/themes/Avada/assets/images/iLightbox/parade-skin/pattern.png]
[www.friendsforlisa.com/wp-content/themes/Avada/assets/images/iLightbox/parade-skin/preloader.gif]
[www.friendsforlisa.com/wp-content/themes/Avada/assets/images/iLightbox/parade-skin/caption-bg.png]
[www.friendsforlisa.com/wp-content/themes/Avada/assets/images/iLightbox/parade-skin/alert.png]
[www.friendsforlisa.com/wp-content/themes/Avada/assets/images/iLightbox/parade-skin/buttons.png]
[www.friendsforlisa.com/wp-content/themes/Avada/assets/images/iLightbox/parade-skin/thumb-overlay-play.png]
[www.friendsforlisa.com/wp-content/themes/Avada/assets/images/iLightbox/smooth-skin/caption-bg.png]
[www.friendsforlisa.com/wp-content/themes/Avada/assets/images/iLightbox/smooth-skin/alert.png]
[www.friendsforlisa.com/wp-content/themes/Avada/assets/images/iLightbox/smooth-skin/buttons.png]
[www.friendsforlisa.com/wp-content/themes/Avada/assets/images/iLightbox/smooth-skin/preloader.gif]
[www.friendsforlisa.com/wp-content/themes/Avada/assets/images/iLightbox/smooth-skin/fullscreen-icon-64.png]
[www.friendsforlisa.com/wp-content/themes/Avada/assets/images/iLightbox/smooth-skin/fullscreen-icon-ie.png]
[www.friendsforlisa.com/wp-content/themes/Avada/assets/images/iLightbox/smooth-skin/x-mark-icon-64.png]
[www.friendsforlisa.com/wp-content/themes/Avada/assets/images/iLightbox/smooth-skin/x-mark-icon-ie.png]
[www.friendsforlisa.com/wp-content/themes/Avada/assets/images/iLightbox/smooth-skin/arrow-next-icon-64.png]
[www.friendsforlisa.com/wp-content/themes/Avada/assets/images/iLightbox/smooth-skin/arrow-next-icon-ie.png]
[www.friendsforlisa.com/wp-content/themes/Avada/assets/images/iLightbox/smooth-skin/arrow-prev-icon-64.png]
[www.friendsforlisa.com/wp-content/themes/Avada/assets/images/iLightbox/smooth-skin/arrow-prev-icon-ie.png]
[www.friendsforlisa.com/wp-content/themes/Avada/assets/images/iLightbox/smooth-skin/play-icon-64.png]
[www.friendsforlisa.com/wp-content/themes/Avada/assets/images/iLightbox/smooth-skin/play-icon-ie.png]
[www.friendsforlisa.com/wp-content/themes/Avada/assets/images/iLightbox/smooth-skin/pause-icon-64.png]
[www.friendsforlisa.com/wp-content/themes/Avada/assets/images/iLightbox/smooth-skin/pause-icon-ie.png]
[www.friendsforlisa.com/wp-content/themes/Avada/assets/images/iLightbox/smooth-skin/thumb-overlay-play.png]
[www.friendsforlisa.com/wp-content/themes/Avada/assets/images/iLightbox/smooth-skin/arrows_vertical.png]
[www.friendsforlisa.com/wp-content/themes/Avada/ilightboxfa0c.css]
[www.friendsforlisa.com/wp-content/themes/Avada/animationsfa0c.css]
[www.friendsforlisa.com/wp-content/uploads/avada-styles/avada-84251.css]
[www.friendsforlisa.com/wp-content/themes/Avada/assets/images/iLightbox/smooth-skin/arrows_horizontal.png]
[www.friendsforlisa.com/indexcd64.html]
[www.friendsforlisa.com/wp-content/uploads/avada-styles/avada-global64bb.css]
[www.friendsforlisa.com/index78a0.html]
[www.friendsforlisa.com/wp-content/uploads/2016/09/IMG_4535.jpg]
[www.friendsforlisa.com/wp-content/uploads/2016/09/IMG_4514.jpg]
[www.friendsforlisa.com/wp-content/uploads/2016/09/IMG_4507.jpg]
[www.friendsforlisa.com/wp-content/themes/Avada/assets/fonts/icomoon/icomoond41d.svg]
[www.friendsforlisa.com/wp-content/themes/Avada/assets/fonts/fontawesome/fontawesome-webfont5b62.woff2]
[www.friendsforlisa.com/wp-content/themes/Avada/assets/fonts/fontawesome/fontawesome-webfont5b62.svg]
[www.friendsforlisa.com/wp-content/themes/Avada/closedhand.html]
[www.friendsforlisa.com/wp-content/uploads/avada-styles/avada-global64bb.css]
[www.friendsforlisa.com/wp-content/uploads/2016/09/IMG_4540.jpg]
[www.friendsforlisa.com/wp-content/uploads/2016/09/IMG_20160822_125831903_HDR.jpg]
[www.friendsforlisa.com/wp-content/uploads/2016/08/IMG_20160709_194157483.jpg]
[www.friendsforlisa.com/wp-content/themes/Avada/assets/fonts/fontawesome/fontawesome-webfont5b62.ttf]
