[www.friendsforlisa.com/index.html]
[backblue.gif]
[fade.gif]
[index.html]
[www.friendsforlisa.com/index.html]
[www.friendsforlisa.com/xmlrpc.php]
[www.friendsforlisa.com/feed/index.html]
[www.friendsforlisa.com/xmlrpc.php]
[www.friendsforlisa.com/comments/feed/index.html]
[www.friendsforlisa.com/home/feed/index.html]
[www.friendsforlisa.com/feed/index.html]
[www.friendsforlisa.com/wp-content/plugins/contact-form-7/includes/css/styles8686.css]
[www.friendsforlisa.com/wp-content/themes/Divi/styleac5b.css]
[www.friendsforlisa.com/wp-content/themes/Divi/epanel/shortcodes/css/shortcodesac5b.css]
[www.friendsforlisa.com/wp-content/themes/Divi/epanel/shortcodes/css/shortcodes_responsiveac5b.css]
[www.friendsforlisa.com/wp-includes/js/jquery/jqueryb8ff.js]
[www.friendsforlisa.com/wp-content/themes/Divi/includes/builder/styles/magnific_popupac5b.css]
[www.friendsforlisa.com/wp-includes/js/jquery/jquery-migrate.min330a.js]
[www.friendsforlisa.com/wp-includes/wlwmanifest.xml]
[www.friendsforlisa.com/xmlrpc0db0.php]
[www.friendsforlisa.com/wp-json/index.html]
[www.friendsforlisa.com/wp-content/uploads/2017/01/LisaGoodman2017.png]
[www.friendsforlisa.com/wp-json/oembed/1.0/embeda34b.json]
[www.friendsforlisa.com/wp-json/oembed/1.0/embed4b11]
[www.friendsforlisa.com/caucus/index.html]
[www.friendsforlisa.com/caucus/index.html]
[www.friendsforlisa.com/about-lisa/index.html]
[www.friendsforlisa.com/about-lisa/index.html]
[www.friendsforlisa.com/accomplishments/index.html]
[www.friendsforlisa.com/accomplishments/index.html]
[www.friendsforlisa.com/wp-content/uploads/2017/01/LAM_8937-2.jpg]
[www.friendsforlisa.com/issues/index.html]
[www.friendsforlisa.com/issues/index.html]
[www.friendsforlisa.com/wp-content/uploads/2017/01/017_Accenture2_-Wilson.jpg]
[www.friendsforlisa.com/wp-content/uploads/2017/01/8418-e1485218097870.jpg]
[www.friendsforlisa.com/contact-me/index.html]
[www.friendsforlisa.com/wp-content/uploads/2017/01/IMG_4993-e1485219949211.jpg]
[www.friendsforlisa.com/contact-me/index.html]
[www.friendsforlisa.com/wp-content/uploads/2017/01/IMAG0212-1200withbackground.jpg]
[www.friendsforlisa.com/wp-content/uploads/2017/01/Lisas-Weekend-033-1.jpg]
[www.friendsforlisa.com/wp-content/plugins/contact-form-7/includes/js/jquery.form.mind03d.js]
[www.friendsforlisa.com/wp-content/themes/Divi/includes/builder/scripts/frontend-builder-global-functionsac5b.js]
[www.friendsforlisa.com/wp-includes/js/comment-reply.min6996.js]
[www.friendsforlisa.com/wp-content/plugins/contact-form-7/includes/js/scripts8686.js]
[www.friendsforlisa.com/wp-content/themes/Divi/js/customac5b.js]
[www.friendsforlisa.com/wp-content/themes/Divi/includes/builder/scripts/jquery.mobile.custom.minac5b.js]
[www.friendsforlisa.com/wp-content/themes/Divi/includes/builder/scripts/waypoints.minac5b.js]
[www.friendsforlisa.com/wp-content/themes/Divi/includes/builder/scripts/jquery.fitvidsac5b.js]
[www.friendsforlisa.com/wp-content/themes/Divi/includes/builder/scripts/frontend-builder-scriptsac5b.js]
[www.friendsforlisa.com/wp-content/themes/Divi/includes/builder/scripts/jquery.magnific-popupac5b.js]
[www.friendsforlisa.com/wp-content/themes/Divi/core/admin/fonts/modules.eot]
[www.friendsforlisa.com/wp-includes/js/wp-embed.min6996.js]
[www.friendsforlisa.com/wp-content/themes/Divi/core/admin/fonts/modulesd41d.eot]
[www.friendsforlisa.com/wp-content/themes/Divi/core/admin/fonts/modules.ttf]
[www.friendsforlisa.com/wp-content/themes/Divi/core/admin/fonts/modules.woff]
[www.friendsforlisa.com/wp-content/themes/Divi/includes/builder/styles/images/subscribe-loader.gif]
[www.friendsforlisa.com/wp-content/themes/Divi/core/admin/fonts/modules.svg]
[www.friendsforlisa.com/wp-content/themes/Divi/epanel/shortcodes/images/shortcodes-sprite.png]
[www.friendsforlisa.com/wp-content/themes/Divi/includes/builder/styles/images/preloader.gif]
[www.friendsforlisa.com/indexc474.html]
[www.friendsforlisa.com/indexc474.html]
[www.friendsforlisa.com/wp-json/oembed/1.0/embed8fa3.json]
[www.friendsforlisa.com/wp-json/oembed/1.0/embed9ff2]
[www.friendsforlisa.com/wp-content/uploads/2017/01/IMG_4962.jpg]
[www.friendsforlisa.com/index58d1.html]
[www.friendsforlisa.com/index58d1.html]
[www.friendsforlisa.com/wp-json/oembed/1.0/embede803.json]
[www.friendsforlisa.com/wp-json/oembed/1.0/embed458b]
[www.friendsforlisa.com/index62d8.html]
[www.friendsforlisa.com/index62d8.html]
[www.friendsforlisa.com/wp-json/oembed/1.0/embedaa0a.json]
[www.friendsforlisa.com/wp-json/oembed/1.0/embed5558]
[www.friendsforlisa.com/index3dd1.html]
[www.friendsforlisa.com/index3dd1.html]
[www.friendsforlisa.com/wp-json/oembed/1.0/embed7339.json]
[www.friendsforlisa.com/wp-json/oembed/1.0/embed4ea6]
[www.friendsforlisa.com/index3153.html]
[www.friendsforlisa.com/index3153.html]
[www.friendsforlisa.com/wp-json/oembed/1.0/embed7c0d.json]
[www.friendsforlisa.com/wp-json/oembed/1.0/embed91a3]
